
 Start         Length     Name                   Class
 0001:00000000 00120C14H .text                   CODE
 0002:00000000 000062ECH .data                   DATA
 0002:000062EC 00001FE9H .bss                    BSS


Detailed map of segments

 0001:00000000 00005EC3 C=CODE     S=.text    G=(none)   M=System   ACBP=A9
 0001:00005EC4 00000140 C=CODE     S=.text    G=(none)   M=SysInit  ACBP=A9
 0001:00006004 00000078 C=CODE     S=.text    G=(none)   M=Types    ACBP=A9
 0001:0000607C 00001554 C=CODE     S=.text    G=(none)   M=Windows  ACBP=A9
 0001:000075D0 00000218 C=CODE     S=.text    G=(none)   M=madTypes ACBP=A9
 0001:000077E8 000039DC C=CODE     S=.text    G=(none)   M=madStrings ACBP=A9
 0001:0000B1C4 00000038 C=CODE     S=.text    G=(none)   M=Messages ACBP=A9
 0001:0000B1FC 0000120C C=CODE     S=.text    G=(none)   M=madNVPrgrAlert ACBP=A9
 0001:0000C408 000036F3 C=CODE     S=.text    G=(none)   M=madTools ACBP=A9
 0001:0000FAFC 00006A1C C=CODE     S=.text    G=(none)   M=madDisAsm ACBP=A9
 0001:00016518 00004784 C=CODE     S=.text    G=(none)   M=madZip   ACBP=A9
 0001:0001AC9C 00000AB4 C=CODE     S=.text    G=(none)   M=madCrypt ACBP=A9
 0001:0001B750 00005A63 C=CODE     S=.text    G=(none)   M=madMapFile ACBP=A9
 0001:000211B4 000043E3 C=CODE     S=.text    G=(none)   M=madStackTrace ACBP=A9
 0001:00025598 00002CD4 C=CODE     S=.text    G=(none)   M=madNVBitmap ACBP=A9
 0001:0002826C 000064E8 C=CODE     S=.text    G=(none)   M=madNVAssistant ACBP=A9
 0001:0002E754 000000A0 C=CODE     S=.text    G=(none)   M=ActiveX  ACBP=A9
 0001:0002E7F4 00000198 C=CODE     S=.text    G=(none)   M=CommCtrl ACBP=A9
 0001:0002E98C 00000050 C=CODE     S=.text    G=(none)   M=ShellAPI ACBP=A9
 0001:0002E9DC 00000038 C=CODE     S=.text    G=(none)   M=RegStr   ACBP=A9
 0001:0002EA14 00000038 C=CODE     S=.text    G=(none)   M=WinInet  ACBP=A9
 0001:0002EA4C 00000038 C=CODE     S=.text    G=(none)   M=UrlMon   ACBP=A9
 0001:0002EA84 0000006C C=CODE     S=.text    G=(none)   M=ShlObj   ACBP=A9
 0001:0002EAF0 00000060 C=CODE     S=.text    G=(none)   M=CommDlg  ACBP=A9
 0001:0002EB50 00000388 C=CODE     S=.text    G=(none)   M=SysConst ACBP=A9
 0001:0002EED8 000000C0 C=CODE     S=.text    G=(none)   M=WinSock  ACBP=A9
 0001:0002EF98 00034128 C=CODE     S=.text    G=(none)   M=madExcept ACBP=A9
 0001:000630C0 00000047 C=CODE     S=.text    G=(none)   M=madLinkDisAsm ACBP=A9
 0001:00063108 00000F64 C=CODE     S=.text    G=(none)   M=madListHardware ACBP=A9
 0001:0006406C 00000C2C C=CODE     S=.text    G=(none)   M=madListProcesses ACBP=A9
 0001:00064C98 00000598 C=CODE     S=.text    G=(none)   M=madListModules ACBP=A9
 0001:00065230 00007408 C=CODE     S=.text    G=(none)   M=SysUtils ACBP=A9
 0001:0006C638 00000823 C=CODE     S=.text    G=(none)   M=VarUtils ACBP=A9
 0001:0006CE5C 000084A6 C=CODE     S=.text    G=(none)   M=Variants ACBP=A9
 0001:00075304 00000168 C=CODE     S=.text    G=(none)   M=RTLConsts ACBP=A9
 0001:0007546C 0000192C C=CODE     S=.text    G=(none)   M=TypInfo  ACBP=A9
 0001:00076D98 0000C85A C=CODE     S=.text    G=(none)   M=Classes  ACBP=A9
 0001:000835F4 00000308 C=CODE     S=.text    G=(none)   M=Consts   ACBP=A9
 0001:000838FC 0000914F C=CODE     S=.text    G=(none)   M=Graphics ACBP=A9
 0001:0008CA4C 00000048 C=CODE     S=.text    G=(none)   M=Math     ACBP=A9
 0001:0008CA94 000002B8 C=CODE     S=.text    G=(none)   M=Contnrs  ACBP=A9
 0001:0008CD4C 00000787 C=CODE     S=.text    G=(none)   M=MultiMon ACBP=A9
 0001:0008D4D4 00000038 C=CODE     S=.text    G=(none)   M=Imm      ACBP=A9
 0001:0008D50C 00000FF8 C=CODE     S=.text    G=(none)   M=HelpIntfs ACBP=A9
 0001:0008E504 00000038 C=CODE     S=.text    G=(none)   M=WinSpool ACBP=A9
 0001:0008E53C 00000044 C=CODE     S=.text    G=(none)   M=Printers ACBP=A9
 0001:0008E580 0000031F C=CODE     S=.text    G=(none)   M=FlatSB   ACBP=A9
 0001:0008E8A0 000001A4 C=CODE     S=.text    G=(none)   M=SyncObjs ACBP=A9
 0001:0008EA44 000009BB C=CODE     S=.text    G=(none)   M=UxTheme  ACBP=A9
 0001:0008F400 00000038 C=CODE     S=.text    G=(none)   M=RichEdit ACBP=A9
 0001:0008F438 00000AD4 C=CODE     S=.text    G=(none)   M=ToolWin  ACBP=A9
 0001:0008FF0C 00000038 C=CODE     S=.text    G=(none)   M=Dlgs     ACBP=A9
 0001:0008FF44 00002455 C=CODE     S=.text    G=(none)   M=Dialogs  ACBP=A9
 0001:0009239C 0000399A C=CODE     S=.text    G=(none)   M=ExtCtrls ACBP=A9
 0001:00095D38 00000038 C=CODE     S=.text    G=(none)   M=ComStrs  ACBP=A9
 0001:00095D70 0000069C C=CODE     S=.text    G=(none)   M=Clipbrd  ACBP=A9
 0001:0009640C 00000038 C=CODE     S=.text    G=(none)   M=StrUtils ACBP=A9
 0001:00096444 00002731 C=CODE     S=.text    G=(none)   M=Buttons  ACBP=A9
 0001:00098B78 00000038 C=CODE     S=.text    G=(none)   M=ExtDlgs  ACBP=A9
 0001:00098BB0 00001014 C=CODE     S=.text    G=(none)   M=IniFiles ACBP=A9
 0001:00099BC4 00000068 C=CODE     S=.text    G=(none)   M=Registry ACBP=A9
 0001:00099C2C 0000006C C=CODE     S=.text    G=(none)   M=Mapi     ACBP=A9
 0001:00099C98 00000058 C=CODE     S=.text    G=(none)   M=ExtActns ACBP=A9
 0001:00099CF0 00000038 C=CODE     S=.text    G=(none)   M=ListActns ACBP=A9
 0001:00099D28 00006FC8 C=CODE     S=.text    G=(none)   M=ComCtrls ACBP=A9
 0001:000A0CF0 00000C54 C=CODE     S=.text    G=(none)   M=Themes   ACBP=A9
 0001:000A1944 000076FC C=CODE     S=.text    G=(none)   M=StdCtrls ACBP=A9
 0001:000A9040 00000168 C=CODE     S=.text    G=(none)   M=StdActns ACBP=A9
 0001:000A91A8 00000D1F C=CODE     S=.text    G=(none)   M=WinHelpViewer ACBP=A9
 0001:000A9EC8 00011477 C=CODE     S=.text    G=(none)   M=Controls ACBP=A9
 0001:000BB340 00001292 C=CODE     S=.text    G=(none)   M=ActnList ACBP=A9
 0001:000BC5D4 00001B9C C=CODE     S=.text    G=(none)   M=ImgList  ACBP=A9
 0001:000BE170 00006639 C=CODE     S=.text    G=(none)   M=Menus    ACBP=A9
 0001:000C47AC 0000C538 C=CODE     S=.text    G=(none)   M=Forms    ACBP=A9
 0001:000D0CE4 00000A4C C=CODE     S=.text    G=(none)   M=MaskUtils ACBP=A9
 0001:000D1730 00002108 C=CODE     S=.text    G=(none)   M=Mask     ACBP=A9
 0001:000D3838 00008120 C=CODE     S=.text    G=(none)   M=Grids    ACBP=A9
 0001:000DB958 000008FF C=CODE     S=.text    G=(none)   M=GraphUtil ACBP=A9
 0001:000DC258 00000038 C=CODE     S=.text    G=(none)   M=ShadowWnd ACBP=A9
 0001:000DC290 00000038 C=CODE     S=.text    G=(none)   M=MMSystem ACBP=A9
 0001:000DC2C8 000004E0 C=CODE     S=.text    G=(none)   M=ActnColorMaps ACBP=A9
 0001:000DC7A8 00000038 C=CODE     S=.text    G=(none)   M=ActnCtrls ACBP=A9
 0001:000DC7E0 0000004F C=CODE     S=.text    G=(none)   M=ActnMenus ACBP=A9
 0001:000DC830 00000548 C=CODE     S=.text    G=(none)   M=ActnMan  ACBP=A9
 0001:000DCD78 000000E4 C=CODE     S=.text    G=(none)   M=XPMan    ACBP=A9
 0001:000DCE5C 00000070 C=CODE     S=.text    G=(none)   M=DateUtils ACBP=A9
 0001:000DCECC 00000270 C=CODE     S=.text    G=(none)   M=DBConsts ACBP=A9
 0001:000DD13C 00000F67 C=CODE     S=.text    G=(none)   M=SqlTimSt ACBP=A9
 0001:000DE0A4 00004AEF C=CODE     S=.text    G=(none)   M=FMTBcd   ACBP=A9
 0001:000E2B94 00000058 C=CODE     S=.text    G=(none)   M=ComConst ACBP=A9
 0001:000E2BEC 00000E65 C=CODE     S=.text    G=(none)   M=ComObj   ACBP=A9
 0001:000E3A54 000140A8 C=CODE     S=.text    G=(none)   M=DB       ACBP=A9
 0001:000F7AFC 000000B8 C=CODE     S=.text    G=(none)   M=VDBConsts ACBP=A9
 0001:000F7BB4 00000728 C=CODE     S=.text    G=(none)   M=DBLogDlg ACBP=A9
 0001:000F82DC 00000531 C=CODE     S=.text    G=(none)   M=DBPWDlg  ACBP=A9
 0001:000F8810 00006540 C=CODE     S=.text    G=(none)   M=DBCtrls  ACBP=A9
 0001:000FED50 00008DD4 C=CODE     S=.text    G=(none)   M=DBGrids  ACBP=A9
 0001:00107B24 00003FC8 C=CODE     S=.text    G=(none)   M=DBCommon ACBP=A9
 0001:0010BAEC 00003D04 C=CODE     S=.text    G=(none)   M=BDE      ACBP=A9
 0001:0010F7F0 00000068 C=CODE     S=.text    G=(none)   M=SMINTF   ACBP=A9
 0001:0010F858 00000110 C=CODE     S=.text    G=(none)   M=bdeconst ACBP=A9
 0001:0010F968 0000F168 C=CODE     S=.text    G=(none)   M=DBTables ACBP=A9
 0001:0011EAD0 000002D4 C=CODE     S=.text    G=(none)   M=madExceptVcl ACBP=A9
 0001:0011EDA4 00000764 C=CODE     S=.text    G=(none)   M=Unit2    ACBP=A9
 0001:0011F508 00001300 C=CODE     S=.text    G=(none)   M=Unit1    ACBP=A9
 0001:00120808 0000040C C=CODE     S=.text    G=(none)   M=mopo     ACBP=A9
 0002:00000000 000000A4 C=DATA     S=.data    G=DGROUP   M=System   ACBP=A9
 0002:000000A4 00000020 C=DATA     S=.data    G=DGROUP   M=SysInit  ACBP=A9
 0002:000000C4 000002DC C=DATA     S=.data    G=DGROUP   M=madStrings ACBP=A9
 0002:000003A0 000000A4 C=DATA     S=.data    G=DGROUP   M=madTools ACBP=A9
 0002:00000444 0000084D C=DATA     S=.data    G=DGROUP   M=madDisAsm ACBP=A9
 0002:00000C94 000010C4 C=DATA     S=.data    G=DGROUP   M=madZip   ACBP=A9
 0002:00001D58 0000108C C=DATA     S=.data    G=DGROUP   M=madCrypt ACBP=A9
 0002:00002DE4 00000020 C=DATA     S=.data    G=DGROUP   M=madMapFile ACBP=A9
 0002:00002E04 00000004 C=DATA     S=.data    G=DGROUP   M=madStackTrace ACBP=A9
 0002:00002E08 00000010 C=DATA     S=.data    G=DGROUP   M=madNVAssistant ACBP=A9
 0002:00002E18 00000010 C=DATA     S=.data    G=DGROUP   M=ActiveX  ACBP=A9
 0002:00002E28 00000B48 C=DATA     S=.data    G=DGROUP   M=madExcept ACBP=A9
 0002:00003970 00000018 C=DATA     S=.data    G=DGROUP   M=madListProcesses ACBP=A9
 0002:00003988 00000274 C=DATA     S=.data    G=DGROUP   M=SysUtils ACBP=A9
 0002:00003BFC 00000110 C=DATA     S=.data    G=DGROUP   M=VarUtils ACBP=A9
 0002:00003D0C 0000013A C=DATA     S=.data    G=DGROUP   M=Variants ACBP=A9
 0002:00003E48 0000000C C=DATA     S=.data    G=DGROUP   M=TypInfo  ACBP=A9
 0002:00003E54 000000E4 C=DATA     S=.data    G=DGROUP   M=Classes  ACBP=A9
 0002:00003F38 00000304 C=DATA     S=.data    G=DGROUP   M=Graphics ACBP=A9
 0002:0000423C 00000004 C=DATA     S=.data    G=DGROUP   M=Printers ACBP=A9
 0002:00004240 00000020 C=DATA     S=.data    G=DGROUP   M=ToolWin  ACBP=A9
 0002:00004260 00000114 C=DATA     S=.data    G=DGROUP   M=Dialogs  ACBP=A9
 0002:00004374 0000018C C=DATA     S=.data    G=DGROUP   M=ExtCtrls ACBP=A9
 0002:00004500 00000046 C=DATA     S=.data    G=DGROUP   M=Buttons  ACBP=A9
 0002:00004548 00000008 C=DATA     S=.data    G=DGROUP   M=IniFiles ACBP=A9
 0002:00004550 00000008 C=DATA     S=.data    G=DGROUP   M=Registry ACBP=A9
 0002:00004558 00000008 C=DATA     S=.data    G=DGROUP   M=Mapi     ACBP=A9
 0002:00004560 00000065 C=DATA     S=.data    G=DGROUP   M=ComCtrls ACBP=A9
 0002:000045C8 00000068 C=DATA     S=.data    G=DGROUP   M=Themes   ACBP=A9
 0002:00004630 000000D4 C=DATA     S=.data    G=DGROUP   M=StdCtrls ACBP=A9
 0002:00004704 0000013C C=DATA     S=.data    G=DGROUP   M=Controls ACBP=A9
 0002:00004840 00000020 C=DATA     S=.data    G=DGROUP   M=ImgList  ACBP=A9
 0002:00004860 000000EC C=DATA     S=.data    G=DGROUP   M=Menus    ACBP=A9
 0002:0000494C 00000128 C=DATA     S=.data    G=DGROUP   M=Forms    ACBP=A9
 0002:00004A74 00000009 C=DATA     S=.data    G=DGROUP   M=MaskUtils ACBP=A9
 0002:00004A80 00000004 C=DATA     S=.data    G=DGROUP   M=Mask     ACBP=A9
 0002:00004A84 00000008 C=DATA     S=.data    G=DGROUP   M=ActnMan  ACBP=A9
 0002:00004A8C 0000003C C=DATA     S=.data    G=DGROUP   M=SqlTimSt ACBP=A9
 0002:00004AC8 00000065 C=DATA     S=.data    G=DGROUP   M=FMTBcd   ACBP=A9
 0002:00004B30 00000030 C=DATA     S=.data    G=DGROUP   M=ComObj   ACBP=A9
 0002:00004B60 00000186 C=DATA     S=.data    G=DGROUP   M=DB       ACBP=A9
 0002:00004CE8 00000054 C=DATA     S=.data    G=DGROUP   M=DBCtrls  ACBP=A9
 0002:00004D3C 00000028 C=DATA     S=.data    G=DGROUP   M=DBGrids  ACBP=A9
 0002:00004D64 0000001C C=DATA     S=.data    G=DGROUP   M=DBCommon ACBP=A9
 0002:00004D80 00000C50 C=DATA     S=.data    G=DGROUP   M=BDE      ACBP=A9
 0002:000059D0 00000010 C=DATA     S=.data    G=DGROUP   M=SMINTF   ACBP=A9
 0002:000059E0 00000120 C=DATA     S=.data    G=DGROUP   M=DBTables ACBP=A9
 0002:00007000 00000664 C=BSS      S=.bss     G=DGROUP   M=System   ACBP=A9
 0002:00007664 00000010 C=BSS      S=.bss     G=DGROUP   M=SysInit  ACBP=A9
 0002:00007674 00000004 C=BSS      S=.bss     G=DGROUP   M=Types    ACBP=A9
 0002:00007678 00000004 C=BSS      S=.bss     G=DGROUP   M=Windows  ACBP=A9
 0002:0000767C 00000004 C=BSS      S=.bss     G=DGROUP   M=madTypes ACBP=A9
 0002:00007680 0000000C C=BSS      S=.bss     G=DGROUP   M=madStrings ACBP=A9
 0002:0000768C 00000004 C=BSS      S=.bss     G=DGROUP   M=Messages ACBP=A9
 0002:00007690 00000004 C=BSS      S=.bss     G=DGROUP   M=madNVPrgrAlert ACBP=A9
 0002:00007694 00000028 C=BSS      S=.bss     G=DGROUP   M=madTools ACBP=A9
 0002:000076BC 00000004 C=BSS      S=.bss     G=DGROUP   M=madDisAsm ACBP=A9
 0002:000076C0 00001114 C=BSS      S=.bss     G=DGROUP   M=madZip   ACBP=A9
 0002:000087D4 00000004 C=BSS      S=.bss     G=DGROUP   M=madCrypt ACBP=A9
 0002:000087D8 00000008 C=BSS      S=.bss     G=DGROUP   M=madMapFile ACBP=A9
 0002:000087E0 0000002C C=BSS      S=.bss     G=DGROUP   M=madStackTrace ACBP=A9
 0002:0000880C 00000004 C=BSS      S=.bss     G=DGROUP   M=madNVBitmap ACBP=A9
 0002:00008810 00000004 C=BSS      S=.bss     G=DGROUP   M=madNVAssistant ACBP=A9
 0002:00008814 00000004 C=BSS      S=.bss     G=DGROUP   M=ActiveX  ACBP=A9
 0002:00008818 0000000C C=BSS      S=.bss     G=DGROUP   M=CommCtrl ACBP=A9
 0002:00008824 00000004 C=BSS      S=.bss     G=DGROUP   M=ShellAPI ACBP=A9
 0002:00008828 00000004 C=BSS      S=.bss     G=DGROUP   M=RegStr   ACBP=A9
 0002:0000882C 00000004 C=BSS      S=.bss     G=DGROUP   M=WinInet  ACBP=A9
 0002:00008830 00000004 C=BSS      S=.bss     G=DGROUP   M=UrlMon   ACBP=A9
 0002:00008834 00000004 C=BSS      S=.bss     G=DGROUP   M=ShlObj   ACBP=A9
 0002:00008838 00000004 C=BSS      S=.bss     G=DGROUP   M=CommDlg  ACBP=A9
 0002:0000883C 00000004 C=BSS      S=.bss     G=DGROUP   M=SysConst ACBP=A9
 0002:00008840 00000004 C=BSS      S=.bss     G=DGROUP   M=WinSock  ACBP=A9
 0002:00008844 000000D0 C=BSS      S=.bss     G=DGROUP   M=madExcept ACBP=A9
 0002:00008914 00000004 C=BSS      S=.bss     G=DGROUP   M=madLinkDisAsm ACBP=A9
 0002:00008918 00000004 C=BSS      S=.bss     G=DGROUP   M=madListHardware ACBP=A9
 0002:0000891C 00000004 C=BSS      S=.bss     G=DGROUP   M=madListProcesses ACBP=A9
 0002:00008920 00000004 C=BSS      S=.bss     G=DGROUP   M=madListModules ACBP=A9
 0002:00008924 00000120 C=BSS      S=.bss     G=DGROUP   M=SysUtils ACBP=A9
 0002:00008A44 0000005C C=BSS      S=.bss     G=DGROUP   M=VarUtils ACBP=A9
 0002:00008AA0 00000040 C=BSS      S=.bss     G=DGROUP   M=Variants ACBP=A9
 0002:00008AE0 00000004 C=BSS      S=.bss     G=DGROUP   M=RTLConsts ACBP=A9
 0002:00008AE4 00000004 C=BSS      S=.bss     G=DGROUP   M=TypInfo  ACBP=A9
 0002:00008AE8 00000040 C=BSS      S=.bss     G=DGROUP   M=Classes  ACBP=A9
 0002:00008B28 00000004 C=BSS      S=.bss     G=DGROUP   M=Consts   ACBP=A9
 0002:00008B2C 00000060 C=BSS      S=.bss     G=DGROUP   M=Graphics ACBP=A9
 0002:00008B8C 00000004 C=BSS      S=.bss     G=DGROUP   M=Math     ACBP=A9
 0002:00008B90 00000004 C=BSS      S=.bss     G=DGROUP   M=Contnrs  ACBP=A9
 0002:00008B94 00000031 C=BSS      S=.bss     G=DGROUP   M=MultiMon ACBP=A9
 0002:00008BC8 00000004 C=BSS      S=.bss     G=DGROUP   M=Imm      ACBP=A9
 0002:00008BCC 00000008 C=BSS      S=.bss     G=DGROUP   M=HelpIntfs ACBP=A9
 0002:00008BD4 00000004 C=BSS      S=.bss     G=DGROUP   M=WinSpool ACBP=A9
 0002:00008BD8 00000004 C=BSS      S=.bss     G=DGROUP   M=Printers ACBP=A9
 0002:00008BDC 00000034 C=BSS      S=.bss     G=DGROUP   M=FlatSB   ACBP=A9
 0002:00008C10 00000004 C=BSS      S=.bss     G=DGROUP   M=SyncObjs ACBP=A9
 0002:00008C14 000000CC C=BSS      S=.bss     G=DGROUP   M=UxTheme  ACBP=A9
 0002:00008CE0 00000004 C=BSS      S=.bss     G=DGROUP   M=RichEdit ACBP=A9
 0002:00008CE4 00000004 C=BSS      S=.bss     G=DGROUP   M=ToolWin  ACBP=A9
 0002:00008CE8 00000004 C=BSS      S=.bss     G=DGROUP   M=Dlgs     ACBP=A9
 0002:00008CEC 00000038 C=BSS      S=.bss     G=DGROUP   M=Dialogs  ACBP=A9
 0002:00008D24 00000004 C=BSS      S=.bss     G=DGROUP   M=ExtCtrls ACBP=A9
 0002:00008D28 00000004 C=BSS      S=.bss     G=DGROUP   M=ComStrs  ACBP=A9
 0002:00008D2C 0000000C C=BSS      S=.bss     G=DGROUP   M=Clipbrd  ACBP=A9
 0002:00008D38 00000004 C=BSS      S=.bss     G=DGROUP   M=StrUtils ACBP=A9
 0002:00008D3C 00000030 C=BSS      S=.bss     G=DGROUP   M=Buttons  ACBP=A9
 0002:00008D6C 00000004 C=BSS      S=.bss     G=DGROUP   M=ExtDlgs  ACBP=A9
 0002:00008D70 00000004 C=BSS      S=.bss     G=DGROUP   M=IniFiles ACBP=A9
 0002:00008D74 00000004 C=BSS      S=.bss     G=DGROUP   M=Registry ACBP=A9
 0002:00008D78 00000004 C=BSS      S=.bss     G=DGROUP   M=Mapi     ACBP=A9
 0002:00008D7C 00000009 C=BSS      S=.bss     G=DGROUP   M=ExtActns ACBP=A9
 0002:00008D88 00000004 C=BSS      S=.bss     G=DGROUP   M=ListActns ACBP=A9
 0002:00008D8C 00000034 C=BSS      S=.bss     G=DGROUP   M=ComCtrls ACBP=A9
 0002:00008DC0 00000008 C=BSS      S=.bss     G=DGROUP   M=Themes   ACBP=A9
 0002:00008DC8 00000004 C=BSS      S=.bss     G=DGROUP   M=StdCtrls ACBP=A9
 0002:00008DCC 00000004 C=BSS      S=.bss     G=DGROUP   M=StdActns ACBP=A9
 0002:00008DD0 00000014 C=BSS      S=.bss     G=DGROUP   M=WinHelpViewer ACBP=A9
 0002:00008DE4 00000080 C=BSS      S=.bss     G=DGROUP   M=Controls ACBP=A9
 0002:00008E64 00000004 C=BSS      S=.bss     G=DGROUP   M=ActnList ACBP=A9
 0002:00008E68 0000000C C=BSS      S=.bss     G=DGROUP   M=ImgList  ACBP=A9
 0002:00008E74 00000010 C=BSS      S=.bss     G=DGROUP   M=Menus    ACBP=A9
 0002:00008E84 00000020 C=BSS      S=.bss     G=DGROUP   M=Forms    ACBP=A9
 0002:00008EA4 00000004 C=BSS      S=.bss     G=DGROUP   M=MaskUtils ACBP=A9
 0002:00008EA8 00000004 C=BSS      S=.bss     G=DGROUP   M=Mask     ACBP=A9
 0002:00008EAC 00000004 C=BSS      S=.bss     G=DGROUP   M=Grids    ACBP=A9
 0002:00008EB0 00000004 C=BSS      S=.bss     G=DGROUP   M=GraphUtil ACBP=A9
 0002:00008EB4 00000004 C=BSS      S=.bss     G=DGROUP   M=ShadowWnd ACBP=A9
 0002:00008EB8 00000004 C=BSS      S=.bss     G=DGROUP   M=MMSystem ACBP=A9
 0002:00008EBC 00000004 C=BSS      S=.bss     G=DGROUP   M=ActnColorMaps ACBP=A9
 0002:00008EC0 00000004 C=BSS      S=.bss     G=DGROUP   M=ActnCtrls ACBP=A9
 0002:00008EC4 00000010 C=BSS      S=.bss     G=DGROUP   M=ActnMenus ACBP=A9
 0002:00008ED4 0000000C C=BSS      S=.bss     G=DGROUP   M=ActnMan  ACBP=A9
 0002:00008EE0 00000004 C=BSS      S=.bss     G=DGROUP   M=XPMan    ACBP=A9
 0002:00008EE4 00000004 C=BSS      S=.bss     G=DGROUP   M=DateUtils ACBP=A9
 0002:00008EE8 00000004 C=BSS      S=.bss     G=DGROUP   M=DBConsts ACBP=A9
 0002:00008EEC 00000004 C=BSS      S=.bss     G=DGROUP   M=SqlTimSt ACBP=A9
 0002:00008EF0 00000004 C=BSS      S=.bss     G=DGROUP   M=FMTBcd   ACBP=A9
 0002:00008EF4 00000004 C=BSS      S=.bss     G=DGROUP   M=ComConst ACBP=A9
 0002:00008EF8 00000011 C=BSS      S=.bss     G=DGROUP   M=ComObj   ACBP=A9
 0002:00008F0C 00000020 C=BSS      S=.bss     G=DGROUP   M=DB       ACBP=A9
 0002:00008F2C 00000004 C=BSS      S=.bss     G=DGROUP   M=VDBConsts ACBP=A9
 0002:00008F30 00000004 C=BSS      S=.bss     G=DGROUP   M=DBLogDlg ACBP=A9
 0002:00008F34 00000004 C=BSS      S=.bss     G=DGROUP   M=DBPWDlg  ACBP=A9
 0002:00008F38 00000004 C=BSS      S=.bss     G=DGROUP   M=DBCtrls  ACBP=A9
 0002:00008F3C 0000000C C=BSS      S=.bss     G=DGROUP   M=DBGrids  ACBP=A9
 0002:00008F48 00000004 C=BSS      S=.bss     G=DGROUP   M=DBCommon ACBP=A9
 0002:00008F4C 0000001C C=BSS      S=.bss     G=DGROUP   M=BDE      ACBP=A9
 0002:00008F68 00000004 C=BSS      S=.bss     G=DGROUP   M=SMINTF   ACBP=A9
 0002:00008F6C 00000004 C=BSS      S=.bss     G=DGROUP   M=bdeconst ACBP=A9
 0002:00008F70 00000061 C=BSS      S=.bss     G=DGROUP   M=DBTables ACBP=A9
 0002:00008FD4 00000004 C=BSS      S=.bss     G=DGROUP   M=madExceptVcl ACBP=A9
 0002:00008FD8 00000008 C=BSS      S=.bss     G=DGROUP   M=Unit2    ACBP=A9
 0002:00008FE0 00000008 C=BSS      S=.bss     G=DGROUP   M=Unit1    ACBP=A9


  Address         Publics by Name

 0001:0010EE70       ..
 0002:000058F4       ..
 0002:00004D80       ..
 0002:00008F50       ..
 0001:0010BB0C       ..
 0002:00008EC0       .01
 0002:00008920       .1
 0002:00008D28       .1
 0002:00008CE8       .1
 0002:000087E0       .1
 0002:00008CE0       .1
 0002:00008CD0       .1
 0002:00008BFC       .1
 0002:00008D78       .1
 0002:00007680       .1
 0002:00008F4C       .1
 0002:00008EEC       .1
 0002:0000880C       .1
 0002:00008EE8       .1
 0002:00008EE4       .1
 0002:00008F2C       .1
 0002:00008BC8       .1
 0002:00008AE0       .1
 0002:00008DD8       .1
 0002:00008810       .1
 0002:00008BB4       .1
 0002:0000768C       .1
 0002:00007674       .1
 0002:000076C0       .1
 0002:0000766C       .1
 0002:00007690       .1
 0002:00008F6C       .1
 0002:00008840       .1
 0002:0000883C       .1
 0002:00008EB0       .1
 0002:00008838       .1
 0002:00008F68       .1
 0002:00008834       .1
 0002:00008830       .1
 0002:0000882C       .1
 0002:00008828       .1
 0002:00008EF4       .1
 0002:00007694       .1
 0002:00008818       .1
 0002:00008824       .1
 0002:00008914       .1
 0002:00008B28       .1
 0002:00008918       .1
 0002:00008D38       .1
 0002:000087D4       .1
 0002:0000891C       .1
 0002:00008CEC       .11
 0002:00008EAC       .11
 0002:00008B30       .12
 0002:00008D24       .12
 0002:00008F34       .2
 0002:00008EB4       .2
 0002:00008D30       .2
 0002:00008B8C       .2
 0002:00008EA4       .2
 0002:00008DC0       .2
 0002:00008FE4       .2
 0002:00008FDC       .2
 0002:00008F30       .2
 0002:00008EE0       .2
 0002:00008FD4       .2
 0002:00008BCC       .2
 0002:0000767C       .2
 0002:00008B90       .21
 0002:00008F7C       .22
 0002:00008F38       .22
 0002:00008BD4       .3
 0002:00007678       .3
 0002:00008BD8       .3
 0002:00008E68       .3
 0002:00008D6C       .3
 0002:00008F48       .3
 0002:00008848       .3
 0002:00008EF0       .3
 0002:00008814       .3
 0002:00008EDC       .32
 0002:00008A34       .35
 0002:00008F28       .36
 0002:00008D8C       .36
 0002:00008CE4       .4
 0002:00008EBC       .4
 0002:00008D3C       .4
 0002:00008E8C       .41
 0002:00008EF8       .41
 0002:00008DC8       .42
 0002:00008AF4       .45
 0002:000075BC       .5
 0002:00008D74       .5
 0002:00008EA8       .5
 0002:00008A9C       .5
 0002:000076BC       .5
 0002:000087D8       .5
 0002:00008EC8       .51
 0002:00008C10       .6
 0002:00008AE4       .6
 0002:00008EB8       .7
 0002:00008DEC       .72
 0002:00008D7C       .72
 0002:00008DCC       .73
 0002:00008E64       .8
 0002:00008D88       .8
 0002:00008D70       .8
 0002:00008AC0       .81
 0002:00008F3C       .9
 0002:00008E7C       .9
 0001:00001C60       @AbstractError
 0001:00002D34       @AfterConstruction
 0001:00002B28       @AsClass
 0001:000020CC       @AStrCmp
 0001:00002D44       @BeforeDestruction
 0001:000028B0       @BoundErr
 0001:00002B74       @CallDynaInst
 0001:00002CDC       @ClassCreate
 0001:00002D2C       @ClassDestroy
 0001:00001F98       @Close
 0001:00001990       @Copy
 0001:000048A4       @CopyArray
 0001:00004788       @CopyRecord
 0001:00004A10       @DispCallByIDError
 0001:0006DBB0       @DispInvokeError
 0001:000049AC       @Dispose
 0001:00003284       @DoneExcept
 0001:000051A0       @DynArrayAddRef
 0001:00005178       @DynArrayAsg
 0001:0000513C       @DynArrayClear
 0001:00005028       @DynArrayCopy
 0001:00005048       @DynArrayCopyRange
 0001:00004E68       @DynArrayHigh
 0001:00004E60       @DynArrayLength
 0001:0000501C       @DynArraySetLength
 0001:0000336C       @ExceptionHandler
 0001:0000213C       @FillChar
 0001:00004764       @Finalize
 0001:00004678       @FinalizeArray
 0001:0000462C       @FinalizeRecord
 0001:00002B8C       @FindDynaInst
 0001:00001F8C       @Flush
 0001:000028A4       @FpuInit
 0001:000027E0       @FpuMaskInit
 0001:000017F0       @FreeMem
 0001:000017D0       @GetMem
 0001:00005F3C       @GetTls
 0001:000037D0       @Halt
 0001:000036F8       @Halt0
 0001:00002E58       @HandleAnyException
 0001:00003144       @HandleAutoException
 0001:0000310C       @HandleFinally
 0001:00002F84       @HandleOnException
 0001:00005F88       @InitExe
 0001:00004620       @Initialize
 0001:0000458C       @InitializeArray
 0001:0000455C       @InitializeRecord
 0001:000035A0       @InitImports
 0001:00003578       @InitResStringImports
 0001:00003554       @InitResStrings
 0001:000035C4       @InitWideStrings
 0001:00005868       @IntfAddRef
 0001:00005838       @IntfCast
 0001:000057F4       @IntfClear
 0001:0000580C       @IntfCopy
 0001:000028B8       @IntOver
 0001:00002B04       @IsClass
 0001:000027B0       @isNECWindows
 0001:00003D24       @LStrAddRef
 0001:00003888       @LStrArrayClr
 0001:000038B8       @LStrAsg
 0001:00003B3C       @LStrCat
 0001:00003B80       @LStrCat3
 0001:00003BF4       @LStrCatN
 0001:00003864       @LStrClr
 0001:00003C80       @LStrCmp
 0001:00003D98       @LStrCopy
 0001:00003DD8       @LStrDelete
 0001:00003AE4       @LStrFromArray
 0001:00003A4C       @LStrFromChar
 0001:00003A6C       @LStrFromPChar
 0001:00003954       @LStrFromPCharLen
 0001:00003A9C       @LStrFromPWChar
 0001:000039C0       @LStrFromPWCharLen
 0001:00003AD8       @LStrFromString
 0001:00003A5C       @LStrFromWChar
 0001:00003AFC       @LStrFromWStr
 0001:00003E20       @LStrInsert
 0001:000038FC       @LStrLAsg
 0001:00003B34       @LStrLen
 0001:00003F28       @LStrOfChar
 0001:00003E7C       @LStrPos
 0001:00003EC4       @LStrSetLength
 0001:00003D34       @LStrToPChar
 0001:00003B10       @LStrToString
 0001:00004998       @New
 0001:00003928       @NewAnsiString
 0001:00003FF8       @NewWideString
 0001:00072300       @OleVarFromInt
 0001:00072604       @OleVarFromLStr
 0001:000726C0       @OleVarFromVar
 0001:000024C4       @Pow10
 0001:00002048       @PStrCmp
 0001:00002020       @PStrCpy
 0001:00001FF0       @PStrNCat
 0001:0000202C       @PStrNCpy
 0001:00003230       @RaiseAgain
 0001:00003208       @RaiseExcept
 0001:0000215C       @RandInt
 0001:00001810       @ReallocMem
 0001:00001CD4       @RewritText
 0001:00001C30       @ROUND
 0001:000037DC       @RunError
 0001:0000249C       @SetEq
 0001:00001BE0       @SetLength
 0001:00002444       @SetRange
 0001:000024B0       @SetUnion
 0001:00003514       @StartExe
 0001:00004C14       @Str0Int64
 0001:000021D8       @Str0Long
 0001:00004B54       @StrInt64
 0001:000003A0       @strlen
 0001:00002178       @StrLong
 0001:00001C3C       @TRUNC
 0001:000032B4       @TryFinallyExit
 0001:00003D8C       @UniqueStringA
 0001:00004C30       @ValInt64
 0001:000021E4       @ValLong
 0001:00073150       @VarAddRef
 0001:000738F8       @VarArrayGet
 0001:000739E8       @VarArrayPut
 0001:0006E708       @VarCast
 0001:0006DE9C       @VarClear
 0001:00004660       @VarClr
 0001:0006DEB0       @VarClr
 0001:000751A0       @VarCmpEQ
 0001:000751D0       @VarCmpGT
 0001:000751C0       @VarCmpLT
 0001:000751B0       @VarCmpNE
 0001:0006E1C4       @VarCopy
 0001:00004770       @VarCopy
 0001:0006E444       @VarCopyNoInd
 0001:00072494       @VarFromBool
 0001:00072320       @VarFromByte
 0001:000724E4       @VarFromCurr
 0001:0007243C       @VarFromCurrency
 0001:00072468       @VarFromDate
 0001:000725D8       @VarFromDisp
 0001:00072410       @VarFromDouble
 0001:000722A4       @VarFromInt
 0001:000723C0       @VarFromInt64
 0001:000722E0       @VarFromInteger
 0001:000725AC       @VarFromIntf
 0001:00072360       @VarFromLongWord
 0001:000724F8       @VarFromLStr
 0001:00072524       @VarFromPStr
 0001:000724BC       @VarFromReal
 0001:00072380       @VarFromShortInt
 0001:000723EC       @VarFromSingle
 0001:000723A0       @VarFromSmallInt
 0001:000724D0       @VarFromTDateTime
 0001:00072340       @VarFromWord
 0001:00072574       @VarFromWStr
 0001:0006DC04       @VarNull
 0001:0006E458       @VarStringToOleStr
 0001:0006FED4       @VarToBool
 0001:0006FB8C       @VarToBoolean
 0001:0006EFCC       @VarToByte
 0001:00070D78       @VarToCurrency
 0001:00070810       @VarToDate
 0001:000721F8       @VarToDisp
 0001:000700A0       @VarToDouble
 0001:0006F590       @VarToInt64
 0001:0006EACC       @VarToInteger
 0001:0007212C       @VarToIntf
 0001:0006F244       @VarToLongWord
 0001:0007142C       @VarToLStr
 0001:0007041C       @VarToReal
 0001:0006EF1C       @VarToShortInt
 0001:00070438       @VarToSingle
 0001:0006F074       @VarToSmallInt
 0001:0006F16C       @VarToWord
 0001:00071B54       @VarToWStr
 0001:00003F54       @Write0LString
 0001:00003F7C       @Write0WString
 0001:000022FC       @WriteBytes
 0001:000023CC       @WriteLn
 0001:00003F5C       @WriteLString
 0001:00002350       @WriteSpaces
 0001:00003F84       @WriteWString
 0001:0000453C       @WStrAddRef
 0001:00004038       @WStrArrayClr
 0001:0000405C       @WStrAsg
 0001:000041F0       @WStrCat
 0001:00004250       @WStrCat3
 0001:000042B4       @WStrCatN
 0001:00004020       @WStrClr
 0001:000042FC       @WStrCmp
 0001:00004380       @WStrCopy
 0001:000043CC       @WStrDelete
 0001:00004190       @WStrFromArray
 0001:000041C4       @WStrFromLStr
 0001:00004088       @WStrFromPCharLen
 0001:00004148       @WStrFromPWChar
 0001:00004114       @WStrFromPWCharLen
 0001:00004184       @WStrFromString
 0001:000041A8       @WStrFromWArray
 0001:00004138       @WStrFromWChar
 0001:0000445C       @WStrInsert
 0001:00004080       @WStrLAsg
 0001:000041E4       @WStrLen
 0001:000044F8       @WStrSetLength
 0001:000041D4       @WStrToPWChar
 0001:00002420       @_CLenToPasStr
 0001:00002414       @_CToPasStr
 0001:00001960       @_IOTest
 0001:00004A3C       @_lldiv
 0001:00004AB8       @_llmod
 0001:00004A18       @_llmul
 0001:00004B34       @_llshl
 0001:0006A2C4       Abort
 0001:000AD08C       AbsMin
 0001:0006A690       AbstractErrorHandler
 0002:0000702C       AbstractErrorProc
 0002:00003A0C       AccessMode
 0001:000018BC       AcquireExceptionObject
 0002:00004A88       ActionBarDesigner
 0002:00008ED4       ActionBarStyles
 0002:00008854       ActionHandlers
 0002:00008858       ActionHandlersOO
 0001:000793B8       ActivateClassGroup
 0001:00006AE4       ActivateKeyboardLayout
 0002:00008E20       ActiveDrag
 0001:0002E7EC       ActiveX
 0001:000DC7A0       ActnColorMaps
 0001:000DC7D8       ActnCtrls
 0001:000BC5A8       ActnList
 0001:000DCD30       ActnMan
 0001:000DC810       ActnMenus
 0001:000004DC       AddBlockAfter
 0001:000DF1E4       AddChars
 0002:00002E38       AddCmdLineToBugRep
 0001:00013B80       AddCodeArea
 0001:000505B4       AddColumnStr
 0001:000E228C       AddCurrency
 0001:000E1A5C       AddCurrencySymbol
 0002:00003E54       AddDataModule
 0001:00063198       AddDevice
 0001:000E1368       AddDigit
 0001:00065EF8       AddExitProc
 0001:000EAAA0       AddFieldDefs
 0001:00102314       AddFields
 0001:000EACFC       AddFields
 0001:000459A4       AddFields
 0001:0007D09C       AddFinished
 0001:000216D4       AddFunction
 0001:00049C18       AddHeaderInfo
 0001:000BFDA4       AddIn
 0001:00057B58       AddItem
 0001:0005AA9C       AddItem
 0001:000640B8       AddItem
 0001:0002B2E0       AddItem
 0001:00014F14       AddLine
 0001:0002254C       AddLink
 0001:000E257C       AddLiterals
 0001:000336BC       AddMEProperty
 0001:0011287C       AddMessage
 0001:00023EE4       AddMinDebugInfoItem
 0001:0002129C       AddModule
 0001:00005698       AddModuleUnloadProc
 0001:00005688       AddModuleUnloadProc
 0001:0000E668       AddMsgHandler
 0001:0000E4C8       AddMsgHandler_
 0001:000E1B3C       AddNegCurrencySymbol
 0001:000E08D0       AddNormalizedFractions
 0001:0007D0D4       AddNotFinished
 0001:000E134C       AddOneChar
 0001:000572DC       AddPatch
 0001:00025AB4       AddPngPart
 0001:00060C08       AddPtr
 0001:00013D1C       AddSpecialBlock
 0001:0002291C       AddStackItem
 0001:000DF2A0       AddStrings
 0001:0007DAF8       AddSubComponentsToLoaded
 0002:00004AB8       AdjustAmt
 0002:00004AB0       AdjustAmt
 0002:00004AA8       AdjustAmt
 0002:00004AC0       AdjustAmt
 0001:000874EC       AdjustColor
 0001:00094B04       AdjustColors
 0001:000DFCFC       AdjustDecimalPosition
 0001:000F5CB0       AdjustFirstRecord
 0001:000662F0       AdjustLineBreaks
 0001:000C6DB4       Adjustment
 0001:000E0C28       AdjustNibbles
 0001:00006AEC       AdjustWindowRectEx
 0001:0002598C       Adler32
 0001:0006BA64       AL1
 0002:00003BDC       AL1s
 0001:0006BA74       AL2
 0002:00003BEC       AL2s
 0002:00004D40       AlignFlags
 0002:00004934       Alignments
 0002:0000437C       Alignments
 0002:00004638       Alignments
 0002:00004678       Alignments
 0002:00004924       Alignments
 0001:000B2768       AlignWork
 0001:000CDCF4       AlignWork
 0001:0000615C       AllocateAndInitializeSid
 0001:000833D4       AllocateHWnd
 0001:00090DD4       AllocFilterStr
 0001:00065EAC       AllocMem
 0002:000075B4       AllocMemCount
 0002:000075B8       AllocMemSize
 0001:00055920       AllocOutOfMemoryInsurance
 0001:0008C844       AllocPatternBitmap
 0001:00005EE4       AllocTlsBuffer
 0001:0000E438       AllowWindowMessage
 0001:0006BAA4       ALR
 0001:0006BA8C       ALV
 0002:00002EDC       AmHttpServer
 0002:00002F5C       AmInMeInit
 0002:00002F60       AmInModuleFinal
 0002:00003790       AmInTraceProcess
 0002:00002F58       AmMeBpl
 0001:0003E654       AmOnline
 0002:0000379C       AmSyncingHandlers
 0001:0004FFD4       AnalyzePiece
 0001:00080858       AncestorIsValid
 0002:00004710       AnchorAlign
 0002:00004704       AnimateWindowProc
 0002:0000480C       AnimationStyle
 0001:000660D8       AnsiCompareStr
 0001:00066110       AnsiCompareText
 0001:000661F0       AnsiExtractQuotedStr
 0001:00066A20       AnsiLastChar
 0001:00006AF4       AnsiLower
 0001:000660A4       AnsiLowerCase
 0001:0006B048       AnsiLowerCaseFileName
 0001:0006B010       AnsiPos
 0001:000C45B8       AnsiSameCaption
 0001:00066148       AnsiSameText
 0001:00066160       AnsiStrIComp
 0001:00066180       AnsiStrLIComp
 0001:0006B160       AnsiStrPos
 0001:0006B200       AnsiStrRScan
 0001:0006B228       AnsiStrScan
 0001:00042EAC       AnsiToGlobalUnicode
 0001:00112474       AnsiToNative
 0001:00112500       AnsiToNativeBuf
 0001:00005C80       AnsiToUtf8
 0001:00066070       AnsiUpperCase
 0001:0006B0D4       AnsiUpperCaseFileName
 0002:000037BC       AntiFreezeCnt
 0002:000037B8       AntiFreezeMsg
 0002:000037C0       AntiFreezePause
 0002:000037C4       AntiFreezePauseEvent
 0002:000037C8       AntiFreezeStopEvent
 0002:000037B0       AntiFreezeTh
 0001:00037D44       AntiFreezeThread
 0002:000037AC       AntiFreezeTid
 0002:000037CC       AntiFreezeTls
 0002:000037B4       AntiFreezeWnd
 0001:000720B4       AnyToIntf
 0001:00068518       AppendChars
 0001:000688DC       AppendFormat
 0001:0006857C       AppendNumber
 0001:0006855C       AppendString
 0002:00008E84       Application
 0001:00111CA0       ApplicationHandleException
 0002:00003E64       ApplicationHandleException
 0002:00003E6C       ApplicationShowException
 0001:000215EC       ApproveFunction
 0001:000215B0       ApproveFunction
 0002:00004A6C       AppVisible
 0002:000038E8       Armadillo
 0002:00004A80       ArrowKey
 0001:0006A674       AssertErrorHandler
 0002:00007024       AssertErrorProc
 0001:0011E004       AssignFields
 0001:00076460       AssignLongStr
 0001:00076ADC       AssignVariant
 0001:00006AFC       AttachThreadInput
 0001:000EB5B4       AttributeSetStored
 0002:0000760C       avail
 0002:00002DA4       b64
 0001:00066C24       BackfillGetDiskFreeSpaceEx
 0001:000AFC48       BackgroundClipped
 0001:0006C8D0       BackupVarBoolFromStr
 0001:0006CA30       BackupVarBStrFromBool
 0001:0006C950       BackupVarBStrFromCy
 0001:0006C9C0       BackupVarBStrFromDate
 0001:0006C864       BackupVarCyFromStr
 0001:0006C7F8       BackupVarDateFromStr
 0001:0006C6B4       BackupVarI4FromStr
 0001:0006C660       BackupVariantChangeTypeEx
 0001:0006C720       BackupVarR4FromStr
 0001:0006C78C       BackupVarR8FromStr
 0002:00001500       BaseDistance
 0002:00004CC0       BaseFieldTypes
 0002:0000148C       BaseLength
 0002:00003D24       BaseTypeMap
 0002:00000450       BcbInitExceptBlockLDTC
 0001:000E11FC       BcdAdd
 0001:000E0DD8       BcdCompare
 0001:000E1ECC       BcdCurrencyFormat
 0001:000E1040       BcdDivide
 0001:000E1190       BcdDivide
 0001:000DE3C4       BcdError
 0001:000DE354       BcdErrorFmt
 0001:000E187C       BcdFixedOrNumberFormat
 0001:000E1818       BcdGeneralFormat
 0001:000E0EDC       BcdMultiply
 0001:000E0FD4       BcdMultiply
 0001:000E1670       BcdScale
 0001:000E1830       BcdScientificFormat
 0001:000E0EA0       BcdSubtract
 0001:000E176C       BCDToCurr
 0001:000DEDB8       BcdToDouble
 0001:000E152C       BcdToStr
 0001:000E1FB8       BcdToStrF
 0001:0010F7E8       BDE
 0001:00112280       BdeCallBack
 0001:0010F960       bdeconst
 0002:00008FC8       BDEInitProcs
 0001:00006214       Beep
 0001:0006AC68       Beep
 0001:0007978C       BeginGlobalLoading
 0001:00006B04       BeginPaint
 0001:00003820       BeginThread
 0002:000038EC       BeginThread_Begin
 0002:000038F0       BeginThread_End
 0001:000874F8       BetterSize
 0001:000943F4       BevelLine
 0001:00094304       BevelRect
 0001:000C0C18       BiDiDraw
 0001:0002EED8       bind
 0001:00081FE0       BinToHex
 0001:000067FC       BitBlt
 0002:00004500       BitBtnCaptions
 0002:00008D40       BitBtnGlyphs
 0002:000016B0       BitLengthOrder
 0002:000041F0       BitmapCanvasList
 0002:00008B48       BitmapImageLock
 0002:00001930       BitOrder
 0001:00016D04       BitReverse
 0001:000172B8       BitsWindup
 0001:0006C69C       BiUnimplemented
 0001:000DFB98       BlankArgument
 0002:00005A70       BlobTypeMap
 0002:00003F0C       BlockCode
 0002:000075E4       blockDescBlockList
 0002:000075E8       blockDescFreeList
 0002:00003E48       BooleanIdents
 0001:00008374       BooleanToCharW
 0002:00003D20       BooleanToStringRule
 0001:00028FC8       BooleanValue
 0002:00004D6C       BoolFalse
 0001:00066840       BoolToStr
 0001:000711B4       BoolToWStrViaOS
 0002:00004630       BorderStyles
 0002:00004374       BorderStyles
 0001:00026038       Bottom
 0002:0000383C       Boundary
 0001:00006028       Bounds
 0001:000786D0       Bounds
 0002:000048CC       Breaks
 0001:00006B0C       BringWindowToTop
 0002:00008B80       BrushManager
 0002:00004D10       BtnHintId
 0002:00004CE8       BtnTypeName
 0001:000E96DC       BuffersEqual
 0001:000F537C       BufferToByteArray
 0002:00002EE0       BugReportHtml
 0001:000D40AC       Build
 0001:00017700       BuildBitLengthTree
 0001:00019088       BuildHuffmanTables
 0001:000C33CC       BuildImage
 0001:00017070       BuildTree
 0002:0000431C       ButtonCaptions
 0002:00004530       ButtonCount
 0002:000042F0       ButtonNames
 0001:00098B50       Buttons
 0002:00004948       Buttons
 0002:00004578       ButtonStates
 0002:000046A8       ButtonStyles
 0002:00004588       ButtonStyles
 0002:00008CF8       ButtonWidths
 0001:000F5430       ByteArrayToBuffer
 0001:00086CD8       BytesPerScanline
 0001:00087030       ByteSwapColors
 0001:0006AD4C       ByteToCharIndex
 0001:0006AD24       ByteToCharLen
 0001:0006ACE8       ByteType
 0001:0006AC70       ByteTypeTest
 0002:00000A40       C3dNowLabels
 0002:00008E6C       CachedComCtrlVer
 0002:000038B4       CAdminSia
 0001:000D6538       CalcAxis
 0001:000D7260       CalcAxis
 0001:000D677C       CalcAxisState
 0001:00060DF4       CalcCheckSum
 0001:00014770       CalcCodeBegin
 0001:0001B9BC       CalcCryptPassword
 0001:000D65C4       CalcFixedAxis
 0001:00083310       CalcJmpOffset
 0001:000D66D8       CalcMaxCell
 0001:00011D94       CalcMSize
 0001:000D870C       CalcPageExtents
 0001:000E217C       CalcPrecisionAndDigits
 0001:000D8008       CalcScroll
 0001:000D7670       CalcScrollBar
 0001:0009E4E0       CalcSize
 0001:000D836C       CalcSizeInfo
 0001:000BA510       CalcSplitterPos
 0001:000F1410       CalcTotalSize
 0001:00027A10       CalculateArea
 0001:000EB5F4       CalculatedStored
 0001:00027B34       CalculateRegion
 0001:0002F2C8       CalibrateCode
 0002:00002ED8       CalibrateData
 0002:00003934       CalibrateLeakCheckingProc
 0001:00061264       CalibrateModule
 0001:0006140C       CalibrateModules
 0001:00006B14       CallNextHookEx
 0001:0006BA28       CallTerminateProcs
 0001:0005EFE4       CallThreadProcSafe
 0001:00006B1C       CallWindowProc
 0001:00006B24       CallWindowProcA
 0001:00006B2C       CallWindowProcW
 0001:0011834C       CanBlockRead
 0001:000AE0C4       CancelDrag
 0001:000F6B24       CancelNestedDataSets
 0001:000DFB28       CanUseShort
 0002:00008E34       CanvasList
 0002:00008B84       CanvasList
 0002:000042C8       Captions
 0002:000047C8       CaptureControl
 0001:000D46BC       CaretPos
 0002:0000486C       cBooleanToItemAutoFlag
 0002:00003D54       CBooleanToRelationship
 0002:00005AB4       CBRetCode
 0002:00000A38       Ccc
 0002:00004A84       cDefaultSchedule
 0002:00003784       CDfmHeader
 0002:00000C44       CEmptyFunctionInfo
 0002:0000381C       CEncodeMailto
 0002:000037FC       CEncodeSmtp
 0001:000906E4       CenterWindow
 0002:00000444       CErrorStr_InvalidCode
 0002:00002F94       CEveryoneSia
 0002:00008D2E       CF_COMPONENT
 0002:00008D2C       CF_PICTURE
 0002:00002F30       CGIApp_TCGIApplication_CGIHandleException
 0002:00008AB8       ChangeAnyProc
 0001:000AC5F0       ChangeBiDiModeAlignment
 0001:00066AA0       ChangeFileExt
 0002:00004658       CharCases
 0001:00003984       CharFromWChar
 0001:0006AF20       CharLength
 0001:00006B34       CharLowerBuff
 0001:00006B3C       CharNext
 0001:00000310       CharNext
 0001:000853C4       CharsetToIdent
 0001:0006AE34       CharToByteIndex
 0001:0006AE98       CharToByteLen
 0001:00006B44       CharToOem
 0001:00006B4C       CharToOemA
 0001:00006B54       CharToOemBuff
 0001:00006B5C       CharUpperBuff
 0001:00112818       Check
 0001:00013DE0       CheckAddTarget
 0001:00031D48       CheckAutoBtn
 0001:00054C6C       CheckAutoSave
 0001:00054F18       CheckAutoStuff
 0001:00087AC0       CheckBool
 0001:0004C9B0       CheckColDec
 0001:000167B4       CheckDstMap
 0001:0001837C       CheckDstMap
 0001:000380C4       CheckEMailAddress
 0001:00032BC0       CheckExceptAddr
 0001:00032A38       CheckExceptParams
 0001:00060E50       CheckFileCrc
 0001:0005D10C       CheckFilters
 0001:00105140       CheckForPassthroughs
 0001:00021C4C       CheckFunctionAreas
 0001:00012E14       CheckFunctionName
 0001:0011A1D4       CheckIfParentScrolled
 0001:001119DC       CheckIndexOpen
 0001:00002DD4       CheckJmp
 0001:00006B64       CheckMenuItem
 0001:0004D618       CheckNcLabel
 0001:000F589C       CheckNestedBrowseMode
 0001:00010894       CheckPrefix
 0002:0000041C       CheckProcAddress
 0001:0001152C       CheckRegState
 0001:00060AEC       CheckRestart
 0002:000048BC       Checks
 0001:000DDF40       CheckSqlTimeStamp
 0001:00018154       CheckSrcMap
 0001:000165C4       CheckSrcMap
 0001:00012FE8       CheckStringData
 0001:0007DB34       CheckSubComponents
 0001:000820E8       CheckSynchronize
 0001:00011278       CheckTarget
 0001:000C67F0       CheckTaskWindow
 0001:000162B8       CheckTryRead
 0001:00072810       CheckType
 0001:000ADD78       CheckUndock
 0001:0006AB5C       CheckWin32Version
 0001:000439F8       ChooseAuthScheme
 0002:00003D3C       CInvalidCustomVariantType
 0002:00004870       cItemAutoFlagToBoolean
 0002:00004868       cItemAutoFlagToMenu
 0002:00000454       CKernel32
 0002:00000458       CKernelbase
 0001:00083560       Classes
 0002:00002F2C       Classes_CheckSynchronize
 0001:0007917C       ClassNotFound
 0002:000059D0       Class_SMClient
 0002:00008AB4       ClearAnyProc
 0001:00084C54       ClearColor
 0001:000447AC       ClearEmail
 0001:000E3734       ClearExcepInfo
 0001:000329F0       ClearLastException
 0002:00003944       ClearLeaksProc
 0001:0010478C       ClearSelection
 0001:0002FE70       ClearTempPath
 0001:00074420       ClearVariantTypeList
 0001:00006B6C       ClientToScreen
 0001:000B7AB4       ClientToWindow
 0001:000962C8       Clipboard
 0002:000041E8       ClipboardFormats
 0001:000963B4       Clipbrd
 0001:00062C6C       Close
 0001:00037F6C       CloseAntiFreeze
 0002:00002E40       CloseAppExitCode
 0001:0004C7A8       CloseApplication
 0001:0004028C       CloseAttachFiles
 0001:00025790       CloseBmp
 0001:00006B74       CloseClipboard
 0001:0005FB80       CloseCreateThreadHook
 0001:00037834       CloseFireHandlers
 0001:000002B0       CloseHandle
 0001:0000621C       CloseHandle
 0001:000557E0       CloseHandleExceptionThread
 0001:0005FDD8       CloseMessageHooks
 0001:0002EEE0       closesocket
 0002:00008C18       CloseThemeData
 0002:00002E28       CMadExceptVersionString
 0002:00000440       CMadToolsMsgHandlerWindow
 0002:00002E00       CMapFileStreamDescriptor
 0002:00007040       CmdLine
 0002:0000703C       CmdShow
 0002:00004864       cMenuAutoFlagToItem
 0002:00003004       CMEProperties
 0002:00003840       CMonths
 0002:00003D60       CmpTypeMap
 0001:0006C6A8       CmpUnimplemented
 0002:00000384       CNetMsg
 0002:00000394       CNetMsg
 0002:0000017C       CNtDll
 0002:00002F7C       CNtObjAttr
 0002:00004B38       CoAddRefServerProcess
 0001:0002E798       CoCreateInstance
 0002:00004B30       CoCreateInstanceEx
 0001:00011C48       CodeToHex
 0002:00004B48       CoInitFlags
 0001:0002E788       CoInitialize
 0002:00004B34       CoInitializeEx
 0001:00079A48       CollectionsEqual
 0001:000230D8       CollectPossibleStackItems
 0001:000DBF9C       ColorAdjustLuma
 0001:000DBD8C       ColorHLSToRGB
 0001:00026B00       ColorLookup
 0001:000DC9BC       ColorProc
 0001:000DB958       ColorRGBToHLS
 0002:00003F68       Colors
 0001:000851BC       ColorToIdent
 0002:00004388       ColorToPretyName
 0001:000851AC       ColorToRGB
 0001:0005055C       ColumnExists
 0001:00006804       CombineRgn
 0002:00008F00       ComClassManagerVar
 0001:000E2BE4       ComConst
 0002:0000881C       ComCtl32DLL
 0002:00008D98       ComCtlVersion
 0001:000A0CE8       ComCtrls
 0002:00008E80       CommandPool
 0001:0002E984       CommCtrl
 0001:0002EB48       CommDlg
 0001:000007BC       Commit
 0002:00007628       committedRoot
 0001:000E39FC       ComObj
 0001:000E0BA8       CompactBcd
 0001:000DEF84       CompareDigits
 0001:000D4418       CompareExtents
 0001:000BF388       CompareFront
 0001:00049D64       CompareHeaderInfo
 0001:00065FD8       CompareMem
 0001:000E0988       CompareNormalizedFractions
 0001:00065FA8       CompareStr
 0001:00006224       CompareString
 0001:00065FF8       CompareText
 0001:00008488       CompareText
 0002:00000144       CompareTextW
 0001:00066768       CompareWith
 0001:00056258       CompletePhaseHandlerExists
 0001:000300D4       CompName
 0001:0007DC14       ComponentCreated
 0001:000242E8       ComposeResult
 0001:0001A52C       Compress
 0001:000259EC       CompressBitmap
 0001:00017860       CompressBlock
 0001:00017C00       CompressEx
 0001:00087890       ComputeAldusChecksum
 0001:00095D68       ComStrs
 0001:0011BC80       ConcatField
 0001:0002EEE8       connect
 0001:000838F4       Consts
 0001:000372F0       ContainsSyncHandler
 0001:0008CD44       Contnrs
 0002:00008DF2       ControlAtom
 0002:00008DF8       ControlAtomString
 0001:000CB57C       ControlHasHelp
 0001:000BB2B0       Controls
 0002:00003E98       Convert
 0002:00003E88       Convert
 0001:0006A064       ConvertAddr
 0001:0006866C       ConvertEraString
 0001:00065E70       ConvertError
 0001:00065E88       ConvertErrorFmt
 0001:0002BB80       ConvertObject
 0001:0002B6D0       ConvertProperty
 0001:000687D4       ConvertYearString
 0002:00000464       COpcodeFlags
 0002:00000664       COpcodeFlags0f
 0002:00000864       COpcodeFlagsEx
 0002:00000A44       COpcodeLabelIndex
 0002:00000B44       COpcodeLabelIndex0f
 0002:00000A3C       COpcodeLabels
 0001:00004E70       CopyArray
 0001:00089DA0       CopyBitmap
 0001:0008A468       CopyBitmapAsMask
 0001:00017774       CopyBlock
 0001:000E1804       CopyByte
 0001:0000680C       CopyEnhMetaFile
 0002:00001874       CopyExtra
 0001:0000622C       CopyFile
 0001:00006234       CopyFileA
 0001:0000623C       CopyFileW
 0001:00098950       CopyImage
 0002:00001704       CopyLengths
 0002:00001780       CopyLiteralExtra
 0002:000017FC       CopyOffsets
 0001:0008A404       CopyPalette
 0001:0000820C       CopyR
 0002:000045CC       Copyright
 0001:000C2478       CopyToBest
 0002:00004B3C       CoReleaseServerProcess
 0002:00004B40       CoResumeClassObjects
 0002:000003A0       COsDescr
 0002:00004B44       CoSuspendClassObjects
 0001:000227B8       CouldBeAfterCall
 0001:0002E790       CoUninitialize
 0001:0006ADA4       CountChars
 0002:00008B60       CounterLock
 0002:00001D5C       CPArr
 0002:00003D40       CRangeToType
 0002:00002EF0       CrashOnOverrun
 0002:00001958       crc32Tab
 0002:0000045C       CReadProcessMemory
 0001:0006A5B8       CreateAssertException
 0001:0002E4F8       CreateAssistant
 0001:0006A740       CreateAVObject
 0001:0005E58C       CreateAVStr
 0001:00006814       CreateBitmap
 0001:000256D4       CreateBmp
 0001:0000681C       CreateBrushIndirect
 0001:00052514       CreateButton
 0001:00006824       CreateCompatibleBitmap
 0001:0000682C       CreateCompatibleDC
 0001:0007DC94       CreateComponent
 0001:00006834       CreateDC
 0001:00006844       CreateDIBitmap
 0001:0000683C       CreateDIBSection
 0001:00006244       CreateDirectoryA
 0001:0000624C       CreateDirectoryW
 0001:00006254       CreateEvent
 0001:0000625C       CreateEventA
 0001:000F4410       CreateFieldDefs
 0001:00006264       CreateFile
 0001:000002B8       CreateFileA
 0001:0000626C       CreateFileA
 0001:0000627C       CreateFileMapping
 0001:00006284       CreateFileMappingA
 0001:0000628C       CreateFileMappingW
 0001:00006274       CreateFileW
 0001:0000684C       CreateFont
 0001:00006854       CreateFontA
 0001:0000685C       CreateFontIndirect
 0001:00006864       CreateHalftonePalette
 0001:00006B7C       CreateIcon
 0001:0006A4E4       CreateInOutError
 0001:00051094       CreateListView
 0001:0002D784       CreateMainButton
 0001:0002D3BC       CreateMainWindow
 0001:00006B84       CreateMenu
 0001:00091AEC       CreateMessageDialog
 0001:0000629C       CreateMutex
 0001:000062C4       CreateMutexA
 0001:0000686C       CreatePalette
 0001:00006874       CreatePen
 0001:0000687C       CreatePenIndirect
 0001:000062E4       CreatePipe
 0001:00025B74       CreatePng
 0001:00006B8C       CreatePopupMenu
 0001:000062EC       CreateProcessA
 0001:000062F4       CreateProcessW
 0001:00006884       CreateRectRgn
 0001:0000688C       CreateRectRgnIndirect
 0002:00008908       CreateRemoteThreadExNext
 0002:00003908       CreateRemoteThreadHookAbsPos
 0002:0000390C       CreateRemoteThreadHookAbsRestore
 0002:00003900       CreateRemoteThreadHookRelPos
 0002:00003904       CreateRemoteThreadHookRelRestore
 0002:00008904       CreateRemoteThreadNext
 0001:00006894       CreateSolidBrush
 0001:00087088       CreateSystemPalette
 0001:000062FC       CreateThread
 0001:00000318       CreateThread
 0002:00003978       CreateToolhelp32Snapshot
 0001:00007398       CreateWindow
 0001:000073F0       CreateWindowA
 0001:00007290       CreateWindowEx
 0001:000072E8       CreateWindowExA
 0001:00007340       CreateWindowExW
 0001:00007448       CreateWindowW
 0001:00052414       CreateWindow_
 0002:00004264       CreationControl
 0002:00004708       CreationControl
 0002:000009B8       CRegLabels
 0002:00003E34       CRelationshipToBoolean
 0002:00003870       CRes
 0002:00003D04       CResult
 0002:0000038C       CRtlNtStatusToDosError
 0002:00000398       CRtlNtStatusToDosError
 0001:0001ACC8       crypt2dwords
 0001:0001B1A0       cryptBuf
 0002:00008FB0       CSAnsiToNative
 0002:00001DA4       CSArr
 0002:000046F4       CSHREDRAW
 0002:00003A04       cSimpleBoolStrs
 0002:00008F98       CSNativeToAnsi
 0002:00002FA4       CsVersion
 0002:00002F9C       CSystemSia
 0002:00003DDC       CText
 0002:00004258       Ctl3DStyles
 0002:00004804       Ctl3DStyles
 0001:000D4688       Ctrl
 0002:00007620       curAlloc
 0001:00072AA4       CurrCompare
 0002:0000892C       CurrencyDecimals
 0002:00008928       CurrencyFormat
 0002:00008924       CurrencyString
 0001:00068504       CurrentYear
 0001:000E16E0       CurrToBCD
 0001:00067DE0       CurrToStr
 0001:00067E48       CurrToStrF
 0001:00071144       CurrToWStrViaOS
 0002:000049E4       CursorMap
 0002:00004718       Cursors
 0001:000AC910       CursorToIdent
 0002:000049D4       cUseAlpha
 0002:000049DC       cUseColorKey
 0002:00002E84       CustomizeSimpleMsgBox
 0002:000045BC       CustomizeStyles
 0001:00026660       Cut
 0001:0004FE28       CutInPieces
 0002:000037D4       CValidChars
 0002:00003BFC       CVarTypeToElementInfo
 0001:000664BC       CvtInt
 0001:00066528       CvtInt64
 0002:0000039C       CWinErrNr
 0002:00000390       CWinErrNr
 0002:00000388       CWinHttp
 0002:00003A44       CWNear
 0002:00004B24       CWNear
 0002:00000460       CWriteProcessMemory
 0002:000046FC       Data
 0001:000E9548       DatabaseError
 0001:000E95F4       DatabaseErrorFmt
 0002:00005A54       DataTypeMap
 0001:00072A7C       DateCompare
 0002:0000892D       DateSeparator
 0001:000F5334       DateTimeToNative
 0001:000DDE70       DateTimeToSQLTimeStamp
 0001:0006911C       DateTimeToStr
 0001:00069090       DateTimeToString
 0001:00068038       DateTimeToTimeStamp
 0001:000690EC       DateToStr
 0001:0007117C       DateToWStrViaOS
 0001:000DCEC4       DateUtils
 0001:000684DC       DayOfWeek
 0001:000DCE5C       DaysInAMonth
 0001:000F7A70       DB
 0002:00008F24       DBApplication
 0001:0010BAE4       DBCommon
 0001:000DD134       DBConsts
 0001:000FECE0       DBCtrls
 0001:00107B1C       DBGrids
 0001:0010E1FE       DbiAcqPersistTableLock
 0001:0010E210       DbiAcqTableLock
 0001:0010DB0E       DbiActivateFilter
 0001:0010D466       DbiAddAlias
 0001:0010D3D0       DbiAddDriver
 0001:0010DB1A       DbiAddFilter
 0001:0010E036       DbiAddIndex
 0001:0010E1C2       DbiAddPassword
 0001:0010D6E8       DbiAnsiToNative
 0001:0010DFDC       DbiAppendRecord
 0001:0010D514       DbiApplyDelayedUpdates
 0001:0010DAFC       DbiBatchMove
 0001:0010D6B8       DbiBcdFromFloat
 0001:0010D6BE       DbiBcdToFloat
 0001:0010D364       DbiBeginConstraintLayer
 0001:0010D520       DbiBeginDelayedUpdates
 0001:0010E24C       DbiBeginLinkMode
 0001:0010DAEA       DbiBeginTran
 0001:0010DEE0       DbiCfgAddRecord
 0001:0010DEF8       DbiCfgBuildPath
 0001:0010DED4       DbiCfgDropRecord
 0001:0010DEC8       DbiCfgGetHelp
 0001:0010DEEC       DbiCfgGetNextNode
 0001:0010DEE6       DbiCfgGetRecord
 0001:0010DEC2       DbiCfgMerge
 0001:0010DEDA       DbiCfgModifyRecord
 0001:0010DEF2       DbiCfgPosition
 0001:0010DEFE       DbiCfgSave
 0001:0010DECE       DbiCfgTranslate
 0001:0010DF70       DbiCheckRefresh
 0001:0010D34C       DbiCheckSQLExpression
 0001:0010E066       DbiCloneCursor
 0001:0010D706       DbiCloseConfigFile
 0001:0010E312       DbiCloseCursor
 0001:0010E32A       DbiCloseDatabase
 0001:0010D66A       DbiCloseFieldXlt
 0001:0010E090       DbiCloseIndex
 0001:0010E1C8       DbiCloseSession
 0001:0010E06C       DbiCompareBookMarks
 0001:0010DFD6       DbiCompareKeys
 0001:0010E048       DbiCopyTable
 0001:0010E25E       DbiCreateInMemTable
 0001:0010E04E       DbiCreateTable
 0001:0010DFAC       DbiCreateTempTable
 0001:0010D334       DbiDatabaseFlush
 0001:0010E09C       DbiDateDecode
 0001:0010E0A2       DbiDateEncode
 0001:0010DB08       DbiDeactivateFilter
 0001:0010DE98       DbiDebugLayerOptions
 0001:0010D44E       DbiDeleteAlias
 0001:0010D3CA       DbiDeleteDriver
 0001:0010E030       DbiDeleteIndex
 0001:0010E2D0       DbiDeleteRecord
 0001:0010E03C       DbiDeleteTable
 0001:0010F751       DbiDLLExit
 0001:0010E018       DbiDoRestructure
 0001:0010D3F4       DbiDRAdd
 0001:0010D4EA       DbiDRAddAttr
 0001:0010D502       DbiDRClose
 0001:0010D484       DbiDRCreate
 0001:0010D448       DbiDRCreateEnumAttrDomain
 0001:0010D4F0       DbiDRCreateObjectType
 0001:0010D4DE       DbiDRCreateRelationType
 0001:0010D47E       DbiDRDelete
 0001:0010D43C       DbiDRDeleteEnumAttrDomain
 0001:0010D4D2       DbiDRDeleteObjectType
 0001:0010D4D8       DbiDRDeleteRelationType
 0001:0010D3EE       DbiDRDrop
 0001:0010D4E4       DbiDRDropAttr
 0001:0010D4F6       DbiDRExportToFile
 0001:0010D4B4       DbiDRGetAttrDescs
 0001:0010D50E       DbiDRGetDesc
 0001:0010D436       DbiDRGetEnumAttrDomain
 0001:0010D49C       DbiDRGetObjID
 0001:0010D4BA       DbiDRGetObjTypeInfo
 0001:0010D3FA       DbiDRGetRelatedObject
 0001:0010D4AE       DbiDRGetRelTypeInfo
 0001:0010D4FC       DbiDRImportFromFile
 0001:0010D48A       DbiDRLoadDBObject
 0001:0010D442       DbiDRModifyEnumAttrDomain
 0001:0010D508       DbiDROpen
 0001:0010D4C6       DbiDROpenAttrTypeList
 0001:0010D4CC       DbiDROpenObjectTypeList
 0001:0010D4A8       DbiDROpenObjSet
 0001:0010D4A2       DbiDROpenRelSet
 0001:0010D4C0       DbiDROpenRelTypeList
 0001:0010DB14       DbiDropFilter
 0001:0010E1BC       DbiDropPassword
 0001:0010D496       DbiDRSetToObjID
 0001:0010D490       DbiDRSetToObjName
 0001:0010DFF4       DbiEmptyTable
 0001:0010D352       DbiEndConstraintLayer
 0001:0010D51A       DbiEndDelayedUpdates
 0001:0010E246       DbiEndLinkMode
 0001:0010DAE4       DbiEndTran
 0001:00112800       DbiError
 0001:0010F6D1       DbiExit
 0001:0010E07E       DbiExtractKey
 0001:0010E1E0       DbiForceRecordReread
 0001:0010E1EC       DbiForceReread
 0001:0010DFA0       DbiFormFullName
 0001:0010E12C       DbiFreeBlob
 0001:0010D5BC       DbiFreeSQLRequest
 0001:0010E13E       DbiGetBlob
 0001:0010E126       DbiGetBlobHeading
 0001:0010E144       DbiGetBlobSize
 0001:0010E078       DbiGetBookMark
 0001:0010DF6A       DbiGetCallBack
 0001:0010DB3E       DbiGetClientInfo
 0001:0010E1CE       DbiGetCurrSession
 0001:0010E1E6       DbiGetCursorForTable
 0001:0010E31E       DbiGetCursorProps
 0001:0010E18C       DbiGetDatabaseDesc
 0001:0010DEBC       DbiGetDateFormat
 0001:0010D412       DbiGetDefaultRepository
 0001:0010E2B2       DbiGetDirectory
 0001:0010E198       DbiGetDriverDesc
 0001:0010DF94       DbiGetErrorContext
 0001:0010DF8E       DbiGetErrorEntry
 0001:0010DFC4       DbiGetErrorInfo
 0001:0010DF9A       DbiGetErrorString
 0001:0010DA96       DbiGetExactRecordCount
 0001:0010E0AE       DbiGetField
 0001:0010E318       DbiGetFieldDescs
 0001:0010E174       DbiGetFieldTypeDesc
 0001:0010D67C       DbiGetFilterInfo
 0001:0010E084       DbiGetIndexDesc
 0001:0010D6FA       DbiGetIndexDescs
 0001:0010E02A       DbiGetIndexForField
 0001:0010E024       DbiGetIndexSeqNo
 0001:0010E168       DbiGetIndexTypeDesc
 0001:0010DB26       DbiGetLdName
 0001:0010DAC6       DbiGetLdNameFromDb
 0001:0010DFB8       DbiGetLdObj
 0001:0010E234       DbiGetLinkStatus
 0001:0010E0FC       DbiGetNetUserName
 0001:0010E2FA       DbiGetNextRecord
 0001:0010DEA4       DbiGetNumberFormat
 0001:0010D6D6       DbiGetObjFromName
 0001:0010D688       DbiGetObjFromObj
 0001:0010E2F4       DbiGetPriorRecord
 0001:0010D6E2       DbiGetProp
 0001:0010E2EE       DbiGetRecord
 0001:0010E2E2       DbiGetRecordCount
 0001:0010DFD0       DbiGetRecordForKey
 0001:0010E2E8       DbiGetRelativeRecord
 0001:0010D640       DbiGetRintDesc
 0001:0010E2CA       DbiGetSeqNo
 0001:0010E102       DbiGetSesInfo
 0001:0010D5C2       DbiGetSQLRequest
 0001:0010E114       DbiGetSysConfig
 0001:0010E10E       DbiGetSysInfo
 0001:0010E11A       DbiGetSysVersion
 0001:0010E150       DbiGetTableOpenCount
 0001:0010E180       DbiGetTableTypeDesc
 0001:0010DEB0       DbiGetTimeFormat
 0001:0010DADE       DbiGetTranInfo
 0001:0010D646       DbiGetVchkDesc
 0001:0010D3C4       DbiImportODBC
 0001:0010BAF4       DbiInit
 0001:0010F5D6       DbiInitFn
 0001:0010E060       DbiInitRecord
 0001:0010E2DC       DbiInsertRecord
 0001:0010E22E       DbiIsRecordLocked
 0001:0010E228       DbiIsTableLocked
 0001:0010E222       DbiIsTableShared
 0001:0010E240       DbiLinkDetail
 0001:0010E21C       DbiLinkDetailToExp
 0001:0010E156       DbiLoadDriver
 0001:0010D6F4       DbiMakePermanent
 0001:0010E2D6       DbiModifyRecord
 0001:0010D6EE       DbiNativeToAnsi
 0001:0010E14A       DbiOpenBlob
 0001:0010D712       DbiOpenCfgInfoList
 0001:0010D70C       DbiOpenConfigFile
 0001:0010E330       DbiOpenDatabase
 0001:0010E192       DbiOpenDatabaseList
 0001:0010E19E       DbiOpenDriverList
 0001:0010E27C       DbiOpenFamilyList
 0001:0010E294       DbiOpenFieldList
 0001:0010E17A       DbiOpenFieldTypesList
 0001:0010D658       DbiOpenFieldXlt
 0001:0010E2A0       DbiOpenFileList
 0001:0010D472       DbiOpenFunctionArgList
 0001:0010D478       DbiOpenFunctionList
 0001:0010E096       DbiOpenIndex
 0001:0010E29A       DbiOpenIndexList
 0001:0010E16E       DbiOpenIndexTypesList
 0001:0010E28E       DbiOpenLdList
 0001:0010E1B0       DbiOpenLockList
 0001:0010D346       DbiOpenNestedTable
 0001:0010D33A       DbiOpenRef
 0001:0010D41E       DbiOpenRepositoryList
 0001:0010E282       DbiOpenRintList
 0001:0010E264       DbiOpenSecurityList
 0001:0010D400       DbiOpenSessionRepository
 0001:0010D5E6       DbiOpenSPList
 0001:0010D5E0       DbiOpenSPParamList
 0001:0010E324       DbiOpenTable
 0001:0010E2A6       DbiOpenTableList
 0001:0010E186       DbiOpenTableTypesList
 0001:0010E1B6       DbiOpenUserList
 0001:0010E288       DbiOpenVchkList
 0001:0010DFFA       DbiPackTable
 0001:0010E138       DbiPutBlob
 0001:0010E0A8       DbiPutField
 0001:0010E0C0       DbiQAlloc
 0001:0010E0D8       DbiQExec
 0001:0010E0E4       DbiQExecDirect
 0001:0010D5CE       DbiQExecProcDirect
 0001:0010E0C6       DbiQFree
 0001:0010E0BA       DbiQGetBaseDescs
 0001:0010E0CC       DbiQInstantiateAnswer
 0001:0010E0DE       DbiQPrepare
 0001:0010D5C8       DbiQPrepareExt
 0001:0010D5DA       DbiQPrepareProc
 0001:0010E0D2       DbiQSetParams
 0001:0010D5D4       DbiQSetProcParams
 0001:0010E258       DbiReadBlock
 0001:0010DFEE       DbiRegenIndex
 0001:0010DFE8       DbiRegenIndexes
 0001:0010E0B4       DbiRegisterCallBack
 0001:0010E1F8       DbiRelPersistTableLock
 0001:0010E204       DbiRelRecordLock
 0001:0010E20A       DbiRelTableLock
 0001:0010E042       DbiRenameTable
 0001:0010E2BE       DbiResetRange
 0001:0010E1F2       DbiSaveChanges
 0001:0010D3E8       DbiSchemaCacheFlush
 0001:0010E1D4       DbiSetCurrSession
 0001:0010DEB6       DbiSetDateFormat
 0001:0010D418       DbiSetDefaultRepository
 0001:0010E2AC       DbiSetDirectory
 0001:0010DFCA       DbiSetFieldMap
 0001:0010E1A4       DbiSetLockRetry
 0001:0010DE9E       DbiSetNumberFormat
 0001:0010E1AA       DbiSetPrivateDir
 0001:0010D6DC       DbiSetProp
 0001:0010E2C4       DbiSetRange
 0001:0010DEAA       DbiSetTimeFormat
 0001:0010E30C       DbiSetToBegin
 0001:0010E072       DbiSetToBookMark
 0001:0010E300       DbiSetToCursor
 0001:0010E306       DbiSetToEnd
 0001:0010E2B8       DbiSetToKey
 0001:0010E01E       DbiSetToRecordNo
 0001:0010E05A       DbiSetToSeqNo
 0001:0010DAD8       DbiSortTable
 0001:0010D370       DbiSQLTextToCanEx
 0001:0010E1DA       DbiStartSession
 0001:0010E08A       DbiSwitchToIndex
 0001:0010E00C       DbiTimeDecode
 0001:0010E012       DbiTimeEncode
 0001:0010E000       DbiTimeStampDecode
 0001:0010E006       DbiTimeStampEncode
 0001:0010D670       DbiTranslateField
 0001:0010D676       DbiTranslateRecordStructure
 0001:0010E132       DbiTruncateBlob
 0001:0010DB32       DbiUndeleteRecord
 0001:0010E23A       DbiUnlinkDetail
 0001:0010DFB2       DbiUseIdleTime
 0001:0010D65E       DbiValidateProp
 0001:0010E054       DbiVerifyField
 0001:0010E252       DbiWriteBlock
 0001:000F8288       DBLogDlg
 0001:000F87F8       DBPWDlg
 0002:00008F20       DBScreen
 0001:0011EA4C       DBTables
 0001:000FAB30       DBUseRightToLeftAlignment
 0002:00003A40       DCon10
 0001:00027CF8       DcToBmp
 0002:00003F64       DDBsOnly
 0001:00083488       DeallocateHWnd
 0002:0000002C       DebugHook
 0001:0004CA08       DecCol
 0001:00029098       DecCol
 0002:0000892B       DecimalSeparator
 0001:00073C90       DecIndices
 0001:0001B6FC       Decode
 0001:0001B5BC       Decode
 0002:00001D58       DecodeA
 0001:000684BC       DecodeDate
 0001:00068370       DecodeDateFully
 0001:0001E28C       DecodeNameString
 0001:000681E0       DecodeTime
 0001:0000AB74       DecodeUtf8
 0001:00000850       Decommit
 0001:00000E6C       DecommitFree
 0002:000075FC       decommittedRoot
 0001:0001B36C       Decrypt
 0001:00042CB8       DecryptPassword
 0001:0000AA50       DecryptStr
 0001:0000A264       DecSepW
 0001:000CE94C       Default
 0001:000C9204       Default
 0002:00000024       Default8087CW
 0002:00008ED8       DefaultActnBarStyle
 0002:00004A74       DefaultBlank
 0001:00053C54       DefaultBugReportHtml
 0002:0000470C       DefaultDockTreeClass
 0002:00004B60       DefaultFieldClasses
 0001:001119D4       DefaultSession
 0002:00000038       DefaultTextLineBreakStyle
 0002:000075C0       DefaultUserCodePage
 0002:000041B8       DefBrushData
 0002:00003F38       DefFontData
 0001:00006B94       DefFrameProc
 0002:00003AD0       DefLongDayNames
 0002:00003A84       DefLongMonthNames
 0001:00006B9C       DefMDIChildProc
 0002:00004198       DefPenData
 0002:00003AB4       DefShortDayNames
 0002:00003A54       DefShortMonthNames
 0001:00006BA4       DefWindowProc
 0001:00006BAC       DefWindowProcA
 0001:00006BB4       DefWindowProcW
 0001:0004D694       DefWindowProcX
 0001:000051DC       DelayLoadResourceModule
 0001:0000050C       DeleteBlock
 0001:0000047C       DeleteCriticalSection
 0001:00006304       DeleteCriticalSection
 0001:0000689C       DeleteDC
 0001:000068A4       DeleteEnhMetaFile
 0001:0000630C       DeleteFileA
 0001:00006314       DeleteFileW
 0001:00000CB4       DeleteFree
 0001:00022608       DeleteLink
 0001:00006BBC       DeleteMenu
 0001:000068AC       DeleteObject
 0001:00104B80       DeletePrompt
 0001:0000E890       DelMsgHandler
 0001:0000E674       DelMsgHandler_
 0002:0000396C       DelphiAlignment
 0002:00002EEC       DelphiDebugMm
 0001:00033F5C       DereferenceMeSettingsBuf
 0001:000344E8       DereferenceMeSettingsModule
 0001:0008995C       DeselectBitmap
 0001:00006BC4       DestroyCursor
 0001:00006BCC       DestroyIcon
 0001:00098A80       DestroyLocals
 0001:00006BD4       DestroyMenu
 0001:00006BDC       DestroyWindow
 0002:00002E3C       DetectConsole
 0001:000A9B7C       DialogEnumerationTester
 0001:00090798       DialogHook
 0001:0009235C       Dialogs
 0002:000041F4       DIBPalSizes
 0002:00000094       dig
 0002:00004D3C       Direction
 0001:000C6644       DisableTaskWindows
 0002:00002EE4       DisAsmFunc
 0001:00011E58       DisAsmModRm
 0001:000E3148       DispatchInvoke
 0001:000E3728       DispatchInvokeError
 0001:00006BE4       DispatchMessage
 0002:00002E04       DispatchMessageA
 0001:000CC85C       DispatchShortCut
 0001:000E3744       DispCall
 0001:000E3828       DispCallByID
 0002:00007000       DispCallByIDProc
 0001:000E3654       DispCallError
 0001:000E96C8       DisposeMem
 0002:0000118C       DistanceCode
 0001:00065E54       DivMod
 0001:0008FF3C       Dlgs
 0001:001122A0       DLLDetachCallBack
 0002:00003968       dllName
 0001:000CDBA8       DoAlign
 0001:000B25F8       DoAlign
 0001:000F49E0       DoBindFields
 0001:000D63D0       DoCalc
 0001:000B6774       DoCalcConstraints
 0001:000D6438       DoCalcRightToLeft
 0001:000D6BC0       DoChange
 0002:00008E28       DockSiteList
 0001:000C3098       DoClick
 0001:000D553C       DoColWidths
 0001:000B3D3C       DoControlMsg
 0001:000C65F4       DoDisableWindow
 0001:000AD6A4       DoDragOver
 0001:00054D8C       DoExceptionAutoStuff
 0001:00065ECC       DoExitProc
 0001:000B87E4       DoFindControlZone
 0001:000C6730       DoFindWindow
 0001:000B8D70       DoFindZone
 0001:000373F8       DoFireHandlers
 0001:000B8868       DoForEach
 0001:000BA174       DoGetNextLimit
 0001:00015310       DoItAll
 0001:000C65BC       DoneApplication
 0001:000BAFD8       DoneControls
 0001:0006AA6C       DoneExceptions
 0001:000CABD8       DoNestedActivation
 0001:000820A8       DoneThreadSynchronization
 0002:00002EA0       DontAddDots
 0002:00002EC4       DontBase64HttpUpload
 0002:00002E98       DontPrettifyExceptMsg
 0002:00002E6C       DontReformatExcMsg
 0001:000B21B8       DoPosition
 0001:000CD9F8       DoPosition
 0001:000B979C       DoPrune
 0001:00093B68       DoRect
 0001:000D5580       DoRowHeights
 0001:000B9C74       DoSaveZone
 0001:001047C0       DoSelection
 0001:000B9E78       DoSetNewBounds
 0001:000D4FE4       DoSizeAdjust
 0002:00004B28       Dot
 0002:00003E50       DotSep
 0001:000D82D8       DoUpdate
 0002:00004594       DownMessage
 0002:00004534       DownStyles
 0001:00087D18       DoWrite
 0001:000BD9E8       DoWrite
 0001:00088A78       DoWrite
 0001:0007AF54       DoWrite
 0001:000B3324       DoWriteDesignSize
 0001:000B0D90       DoWriteIsControl
 0002:00008E0C       DragCapture
 0002:00008E00       DragControl
 0001:000ADDEC       DragDone
 0001:000AD654       DragFindTarget
 0001:000AD628       DragFindWindow
 0002:00008E24       DragImageList
 0001:000ADA44       DragInit
 0001:000ADBB4       DragInitControl
 0002:00008E08       DragInternalObject
 0001:000AD570       DragMessage
 0002:00008E04       DragObject
 0002:00008E30       DragSave
 0002:00008E18       DragSaveCursor
 0002:00008E10       DragStartPos
 0002:00008E1C       DragThreshold
 0001:000AD774       DragTo
 0001:000CE988       DrawAppIcon
 0001:000D5928       DrawAxisLines
 0002:00008F40       DrawBitmap
 0001:000D5BA0       DrawCells
 0001:000B9308       DrawCloseButton
 0001:00027BD4       DrawCursorOnDC
 0001:00006BEC       DrawEdge
 0001:00006BF4       DrawFocusRect
 0001:00006BFC       DrawFrameControl
 0001:000B9360       DrawGrabberLine
 0001:0000B88C       DrawGraphic
 0001:00006C04       DrawIcon
 0001:00006C0C       DrawIconEx
 0002:00004840       DrawingStyles
 0001:0004CDF8       DrawLine
 0001:0004D4F8       DrawLineEx
 0001:000D5B10       DrawLines
 0001:00006C14       DrawMenuBar
 0001:000C43D8       DrawMenuItem
 0001:00006C1C       DrawText
 0001:00006C24       DrawTextA
 0001:00006C2C       DrawTextW
 0002:00008C1C       DrawThemeBackground
 0002:00008C40       DrawThemeEdge
 0002:00008C44       DrawThemeIcon
 0002:00008CC8       DrawThemeParentBackground
 0002:00008C20       DrawThemeText
 0001:00103A68       DrawTitleCell
 0001:0010D35E       DsProviderGetDataPacket
 0001:0010D358       DsResolver
 0002:00002E48       DumbStackTrace
 0001:00086B58       DupBits
 0001:0000631C       DuplicateHandle
 0001:00073C3C       DynArrayBounds
 0001:00004E88       DynArrayClear
 0001:00073BB4       DynArrayDim
 0001:00073B98       DynArrayElTypeInfo
 0001:000740EC       DynArrayFromVariant
 0001:00073B58       DynArrayIndex
 0001:00004E90       DynArraySetLength
 0001:00073BCC       DynArraySize
 0001:00073D9C       DynArrayToVariant
 0001:00073CFC       DynArrayVariantBounds
 0001:00073D54       DynArrayVarType
 0001:0005E0E0       Ebp
 0001:00112918       EDBEngineError.Create
 0001:00112C34       EDBEngineError.Destroy
 0001:00112C88       EDBEngineError.GetError
 0002:0000492C       EdgeStyle
 0002:000047F4       EdgeStyles
 0001:00055AF0       EExternalException.Create
 0001:0006A4B8       EHeapException.FreeInstance
 0002:00004674       Empty
 0001:00006C34       EmptyClipboard
 0001:00072908       EmptyCompare
 0002:00008AA0       EmptyParam
 0002:00003988       EmptyStr
 0002:0000398C       EmptyWideStr
 0001:00006C3C       EnableMenuItem
 0002:00002EA8       EnableRedirection
 0002:000048C4       Enables
 0001:00006C44       EnableScrollBar
 0001:000C66F8       EnableTaskWindows
 0002:00008CB0       EnableThemeDialogTexture
 0002:00008CCC       EnableTheming
 0001:00006C4C       EnableWindow
 0001:0001B470       Encode
 0001:0001B5A0       Encode
 0001:00068340       EncodeDate
 0001:0003ECA8       EncodeStr
 0001:000681A0       EncodeTime
 0001:0000AD70       EncodeUtf8
 0001:000068B4       EndDoc
 0001:00079814       EndGlobalLoading
 0001:00109EA8       EndOfLiteral
 0001:000068BC       EndPage
 0001:00006C54       EndPaint
 0001:00016280       EndTryRead
 0002:00005AD4       EndType
 0001:00006324       EnterCriticalSection
 0001:0000046C       EnterCriticalSection
 0001:00033C74       EnterSettingsMutex
 0001:0000632C       EnumCalendarInfoA
 0001:00006C5C       EnumClipboardFormats
 0002:00008BB0       EnumDisplayMonitors
 0001:00069CD8       EnumEraNames
 0001:00069D14       EnumEraYearOffsets
 0001:000C97C8       EnumMonitorsProc
 0001:0006429C       EnumProcesses9x
 0001:000643E8       EnumProcessesNt
 0001:00006C64       EnumThreadWindows
 0001:0007D444       EnumValue
 0001:00006C6C       EnumWindows
 0001:000E2E78       EOleException.Create
 0001:000E2DA8       EOleSysError.Create
 0001:00006C74       EqualRect
 0002:000089F4       EraNames
 0001:00069394       EraToYear
 0002:00008A10       EraYearOffsets
 0002:0000006C       errCaption
 0001:0010BAEC       ErrCat
 0001:00001954       Error
 0001:0007CC28       Error
 0001:000BF0D8       Error
 0001:00078D20       Error
 0002:00000004       ErrorAddr
 0001:00001908       ErrorAt
 0001:0000A30C       ErrorCodeToStr
 0002:0000010C       ErrorCodeToStrA
 0001:0000A824       ErrorCodeToStrW
 0001:0006A564       ErrorHandler
 0002:00003AEC       ErrorMap
 0002:00007008       ErrorProc
 0002:000073E8       ErrOutput
 0001:0005E0D8       Esp
 0001:000E9474       EUpdateError.Create
 0001:000E9518       EUpdateError.Destroy
 0001:00023AD0       EvaluateLinks
 0002:00004CB8       Events
 0001:0000189C       ExceptAddr
 0002:0000700C       ExceptClsProc
 0002:00003924       ExceptDllInitDone
 0001:0006A9D8       ExceptHandler
 0002:0000884C       ExceptHandlers
 0002:00008850       ExceptHandlersOO
 0001:0006A2E4       Exception.Create
 0001:0006A320       Exception.CreateFmt
 0001:0006A470       Exception.CreateHelp
 0001:0006A3A0       Exception.CreateRes
 0001:0006A3DC       Exception.CreateResFmt
 0002:00002EC0       ExceptionBoxHeight
 0002:00002EBC       ExceptionBoxWidth
 0002:0000701C       ExceptionClass
 0001:0006A070       ExceptionErrorMessage
 0002:000038C0       exceptionNumber
 0002:00003B24       ExceptMap
 0001:0000187C       ExceptObject
 0002:00007010       ExceptObjProc
 0002:00007004       ExceptProc
 0001:000068C4       ExcludeClipRect
 0002:00000000       ExitCode
 0001:0000363C       ExitDll
 0002:00007048       ExitProc
 0001:00000320       ExitProcess
 0001:00006334       ExitProcess
 0002:00007028       ExitProcessProc
 0002:00003A00       ExitProcList
 0001:0000633C       ExitThread
 0001:00006344       ExpandEnvironmentStringsA
 0001:0000634C       ExpandEnvironmentStringsW
 0001:00066BE8       ExpandFileName
 0001:000320DC       ExpandVars
 0001:00090A70       ExplorerHook
 0001:0000EA58       ExportToFunc
 0001:00099CE8       ExtActns
 0001:000068CC       ExtCreatePen
 0001:00095D08       ExtCtrls
 0001:00098BA8       ExtDlgs
 0002:000046D4       ExtendSelects
 0002:00001664       ExtraBitLengthBits
 0001:000498A4       ExtractBugReportHeaderField
 0001:000499CC       ExtractBugReportSection
 0001:000E96F0       ExtractFieldName
 0001:0000CCA0       ExtractFileDriveA
 0001:0000B00C       ExtractFileDriveW
 0001:00066BA0       ExtractFileExt
 0001:0000B0FC       ExtractFileExtW
 0001:00066B68       ExtractFileName
 0001:000910E8       ExtractFileName
 0001:00091130       ExtractFileNames
 0001:0000AF84       ExtractFileNameW
 0001:00066B34       ExtractFilePath
 0001:0000AFC4       ExtractFilePathW
 0001:000E2420       ExtractLiterals
 0001:000E2074       ExtractMoneySymbol
 0001:00047D80       ExtractProjects
 0001:00043EF8       ExtractResult
 0001:00043F9C       ExtractXml2
 0002:000015EC       ExtraDistanceBits
 0002:00001578       ExtraLengthBits
 0002:00005AEC       Exts
 0001:000068D4       ExtTextOut
 0002:00008A30       FalseBoolStrs
 0002:00000C90       FastPageExecute
 0001:00006354       FatalAppExitA
 0002:00008D34       FClipboard
 0002:00003A34       FCon1E18
 0002:00004B20       FConst10
 0002:00008F80       FCSect
 0002:00000380       FDecSepW
 0001:001050EC       FieldIsMapped
 0002:00004BF8       FieldTypeNames
 0001:000669A8       FileAge
 0001:000669A0       FileClose
 0001:00066908       FileCreate
 0001:000668E4       FileCreate
 0001:00066A10       FileExists
 0002:000041EC       FileFormats
 0002:0000000C       FileMode
 0001:00001D1C       FileNOPProc
 0001:0006688C       FileOpen
 0001:00066910       FileRead
 0002:00003E7C       FilerSignature
 0001:00066968       FileSeek
 0001:0000635C       FileTimeToDosDateTime
 0001:00006364       FileTimeToLocalFileTime
 0001:0000636C       FileTimeToSystemTime
 0001:0000D8A0       FileVersionToStr
 0002:00000410       FileVersionToStrA
 0001:0000D994       FileVersionToStrW
 0001:0006693C       FileWrite
 0001:00000D9C       FillAfterGap
 0001:00000D48       FillBeforeGap
 0001:00032934       FillClipboard
 0001:000460F8       FillDoubleLists
 0001:000D58D4       FillDWord
 0001:00000E34       FillerSizeAfterGap
 0001:00000DC4       FillerSizeBeforeGap
 0001:00023FFC       FillFinalOutput
 0001:000462B0       FillList
 0001:0004795C       FillMultiLists
 0001:000340A0       FillProps
 0001:000292D0       FillRect
 0001:00006C7C       FillRect
 0001:00029318       FillRect
 0001:0000913C       FillStr
 0001:000090F4       FillStr
 0002:000000FC       FillStrA
 0002:00000160       FillStrW
 0002:0000453C       FillStyles
 0001:000236A4       FillUpLink
 0001:00016AB0       FillWindow
 0001:0002EB18       Finalization
 0001:0002EEA0       Finalization
 0001:0002EAB8       Finalization
 0001:00099C98       Finalization
 0001:000DE04C       Finalization
 0001:0002EA4C       Finalization
 0001:0002EA14       Finalization
 0001:0000C3D0       Finalization
 0001:0002E9DC       Finalization
 0001:00099CF0       Finalization
 0001:00099C40       Finalization
 0001:0002E9A4       Finalization
 0001:0002E954       Finalization
 0001:0002EF60       Finalization
 0001:0000FA74       Finalization
 0001:000C46B4       Finalization
 0001:00099BDC       Finalization
 0001:00062E28       Finalization
 0001:000630C0       Finalization
 0001:0011E9C0       Finalization
 0001:00107AEC       Finalization
 0001:00092300       Finalization
 0001:00099B74       Finalization
 0001:000834B0       Finalization
 0001:00098B78       Finalization
 0001:00063FA4       Finalization
 0001:000F7A14       Finalization
 0001:0001B718       Finalization
 0001:0006C438       Finalization
 0001:000FEC9C       Finalization
 0001:00021124       Finalization
 0001:000838C4       Finalization
 0001:0002E7BC       Finalization
 0001:0000B1C4       Finalization
 0001:0006CE1C       Finalization
 0001:0002E71C       Finalization
 0001:00098B18       Finalization
 0001:0000B13C       Finalization
 0001:0001AC64       Finalization
 0001:00076D40       Finalization
 0001:0009640C       Finalization
 0001:00005D9C       Finalization
 0001:000F7B7C       Finalization
 0001:000D0C44       Finalization
 0001:00064BD4       Finalization
 0001:00096378       Finalization
 0001:000BE138       Finalization
 0001:001207D0       Finalization
 0001:0008C87C       Finalization
 0001:0008CA5C       Finalization
 0001:00005FCC       Finalization
 0001:0008CD14       Finalization
 0001:000D16F8       Finalization
 0001:0008D494       Finalization
 0001:000BC578       Finalization
 0001:0008D4D4       Finalization
 0001:00075434       Finalization
 0001:000D3800       Finalization
 0001:00006044       Finalization
 0001:000751E0       Finalization
 0001:00120808       Finalization
 0001:0010F7B8       Finalization
 0001:0008E4BC       Finalization
 0001:00007598       Finalization
 0001:000BB248       Finalization
[...]
 0002:00004D80       ..
 0002:000058C4       INFO_IDAPI32
 0002:000058F4       ..
 0002:000059D0       Class_SMClient
 0002:000059D0       __APIINFOTABLEEND
 0002:000059D0       __APIINFOTABLE
 0002:000059E0       FldTypeMap
 0002:00005A08       FldSubTypeMap
 0002:00005A54       DataTypeMap
 0002:00005A70       BlobTypeMap
 0002:00005A80       TableTypeDriverNames
 0002:00005A94       TimerID
 0002:00005A98       SQLDelay
 0002:00005A9C       StartTime
 0002:00005AA0       OpenModes
 0002:00005AA8       ShareModes
 0002:00005AB0       RetCodes
 0002:00005AB4       CBRetCode
 0002:00005AC8       PropFlags
 0002:00005AD4       EndType
 0002:00005ADC       OpenModes
 0002:00005AE4       ShareModes
 0002:00005AEC       Exts
 0002:00007000       DispCallByIDProc
 0002:00007004       ExceptProc
 0002:00007008       ErrorProc
 0002:0000700C       ExceptClsProc
 0002:00007010       ExceptObjProc
 0002:00007014       RaiseExceptionProc
 0002:00007018       RTLUnwindProc
 0002:0000701C       ExceptionClass
 0002:00007020       SafeCallErrorProc
 0002:00007024       AssertErrorProc
 0002:00007028       ExitProcessProc
 0002:0000702C       AbstractErrorProc
 0002:00007030       MainInstance
 0002:00007034       MainThreadID
 0002:00007038       IsLibrary
 0002:0000703C       CmdShow
 0002:00007040       CmdLine
 0002:00007044       InitProc
 0002:00007048       ExitProc
 0002:0000704C       IsConsole
 0002:0000704D       IsMultiThread
 0002:0000704E       Test8086
 0002:00007050       Input
 0002:0000721C       Output
 0002:000073E8       ErrOutput
 0002:000075B4       AllocMemCount
 0002:000075B8       AllocMemSize
 0002:000075BC       .5
 0002:000075C0       DefaultUserCodePage
 0002:000075C4       initialized
 0002:000075C8       heapErrorCode
 0002:000075CC       heapLock
 0002:000075E4       blockDescBlockList
 0002:000075E8       blockDescFreeList
 0002:000075EC       spaceRoot
 0002:000075FC       decommittedRoot
 0002:0000760C       avail
 0002:00007618       rover
 0002:0000761C       remBytes
 0002:00007620       curAlloc
 0002:00007624       smallTab
 0002:00007628       committedRoot
 0002:00007638       InitContext
 0002:00007664       ModuleIsLib
 0002:00007665       ModuleIsCpp
 0002:00007668       HInstance
 0002:0000766C       .1
 0002:00007670       tlsBuffer
 0002:00007674       .1
 0002:00007678       .3
 0002:0000767C       .2
 0002:00007680       .1
 0002:00007684       WideCharToMultiByte
 0002:00007688       MultiByteToWideChar
 0002:0000768C       .1
 0002:00007690       .1
 0002:00007694       .1
 0002:00007698       os_
 0002:000076B8       MsgHandlerWindows
 0002:000076BC       .5
 0002:000076C0       .1
 0002:000076C4       FixedTablesMemory
 0002:000087C4       FixedLiteralBits
 0002:000087C8       FixedDistanceBits
 0002:000087CC       FixedLiteralTable
 0002:000087D0       FixedDistanceTable
 0002:000087D4       .1
 0002:000087D8       .5
 0002:000087DC       MapFileCache
 0002:000087E0       .1
 0002:000087E4       moduleCount
 0002:000087E8       moduleCache
 0002:000087EC       functionCount
 0002:000087F0       functionCache
 0002:000087F4       StackTraceSection
 0002:0000880C       .1
 0002:00008810       .1
 0002:00008814       .3
 0002:00008818       .1
 0002:0000881C       ComCtl32DLL
 0002:00008820       _InitCommonControlsEx
 0002:00008824       .1
 0002:00008828       .1
 0002:0000882C       .1
 0002:00008830       .1
 0002:00008834       .1
 0002:00008838       .1
 0002:0000883C       .1
 0002:00008840       .1
 0002:00008844       Plugins
 0002:00008848       .3
 0002:0000884C       ExceptHandlers
 0002:00008850       ExceptHandlersOO
 0002:00008854       ActionHandlers
 0002:00008858       ActionHandlersOO
 0002:0000885C       HiddenHandlers
 0002:00008860       HiddenHandlersOO
 0002:00008864       SHGetPathFromIDListW
 0002:00008868       SuspendThreadIds
 0002:0000886C       WinHttpOpen
 0002:00008870       WinHttpConnect
 0002:00008874       WinHttpOpenRequest
 0002:00008878       WinHttpAddRequestHeaders
 0002:0000887C       WinHttpSendRequest
 0002:00008880       WinHttpGetIEProxyConfigForCurrentUser
 0002:00008884       WinHttpGetProxyForUrl
 0002:00008888       WinHttpSetOption
 0002:0000888C       WinHttpWriteData
 0002:00008890       WinHttpReceiveResponse
 0002:00008894       WinHttpQueryHeaders
 0002:00008898       WinHttpQueryAuthSchemes
 0002:0000889C       WinHttpSetCredentials
 0002:000088A0       WinHttpQueryDataAvailable
 0002:000088A4       WinHttpReadData
 0002:000088A8       WinHttpCloseHandle
 0002:000088AC       OutOfMemoryInsurance
 0002:000088CC       OutOfMemoryInsuranceSection
 0002:000088E4       PatchSection
 0002:000088FC       PatchList
 0002:00008900       IRList
 0002:00008904       CreateRemoteThreadNext
 0002:00008908       CreateRemoteThreadExNext
 0002:0000890C       ShowLeakReportProc
 0002:00008910       HideLeakCallstackProc
 0002:00008914       .1
 0002:00008918       .1
 0002:0000891C       .1
 0002:00008920       .1
 0002:00008924       CurrencyString
 0002:00008928       CurrencyFormat
 0002:00008929       NegCurrFormat
 0002:0000892A       ThousandSeparator
 0002:0000892B       DecimalSeparator
 0002:0000892C       CurrencyDecimals
 0002:0000892D       DateSeparator
 0002:00008930       ShortDateFormat
 0002:00008934       LongDateFormat
 0002:00008938       TimeSeparator
 0002:0000893C       TimeAMString
 0002:00008940       TimePMString
 0002:00008944       ShortTimeFormat
 0002:00008948       LongTimeFormat
 0002:0000894C       ShortMonthNames
 0002:0000897C       LongMonthNames
 0002:000089AC       ShortDayNames
 0002:000089C8       LongDayNames
 0002:000089E4       SysLocale
 0002:000089F2       ListSeparator
 0002:000089F4       EraNames
 0002:00008A10       EraYearOffsets
 0002:00008A2C       TrueBoolStrs
 0002:00008A30       FalseBoolStrs
 0002:00008A34       .35
 0002:00008A38       OutOfMemory
 0002:00008A3C       InvalidPointer
 0002:00008A40       FLanguages
 0002:00008A44       VariantChangeTypeEx
 0002:00008A48       VarNeg
 0002:00008A4C       VarNot
 0002:00008A50       VarAdd
 0002:00008A54       VarSub
 0002:00008A58       VarMul
 0002:00008A5C       VarDiv
 0002:00008A60       VarIDiv
 0002:00008A64       VarMod
 0002:00008A68       VarAnd
 0002:00008A6C       VarOr
 0002:00008A70       VarXor
 0002:00008A74       VarCmp
 0002:00008A78       VarI4FromStr
 0002:00008A7C       VarR4FromStr
 0002:00008A80       VarR8FromStr
 0002:00008A84       VarDateFromStr
 0002:00008A88       VarCyFromStr
 0002:00008A8C       VarBoolFromStr
 0002:00008A90       VarBstrFromCy
 0002:00008A94       VarBstrFromDate
 0002:00008A98       VarBstrFromBool
 0002:00008A9C       .5
 0002:00008AA0       EmptyParam
 0002:00008AB0       VarDispProc
 0002:00008AB4       ClearAnyProc
 0002:00008AB8       ChangeAnyProc
 0002:00008ABC       RefAnyProc
 0002:00008AC0       .81
 0002:00008AC4       LVarTypes
 0002:00008AC8       LVarTypeSync
 0002:00008AE0       .1
 0002:00008AE4       .6
 0002:00008AE8       GlobalNameSpace
 0002:00008AEC       IsUniqueGlobalComponentNameProc
 0002:00008AF0       SyncEvent
 0002:00008AF4       .45
 0002:00008AF8       IntConstList
 0002:00008AFC       RegGroups
 0002:00008B00       FindGlobalComponentProcs
 0002:00008B04       GlobalFixupList
 0002:00008B08       ThreadLock
 0002:00008B20       InstBlockList
 0002:00008B24       InstFreeList
 0002:00008B28       .1
 0002:00008B2C       SystemPalette16
 0002:00008B30       .12
 0002:00008B34       ScreenLogPixels
 0002:00008B38       StockPen
 0002:00008B3C       StockBrush
 0002:00008B40       StockFont
 0002:00008B44       StockIcon
 0002:00008B48       BitmapImageLock
 0002:00008B60       CounterLock
 0002:00008B78       FontManager
 0002:00008B7C       PenManager
 0002:00008B80       BrushManager
 0002:00008B84       CanvasList
 0002:00008B88       PatternManager
 0002:00008B8C       .2
 0002:00008B90       .21
 0002:00008B94       GetSystemMetrics
 0002:00008B98       MonitorFromWindow
 0002:00008B9C       MonitorFromRect
 0002:00008BA0       MonitorFromPoint
 0002:00008BA4       GetMonitorInfo
 0002:00008BA8       GetMonitorInfoA
 0002:00008BAC       GetMonitorInfoW
 0002:00008BB0       EnumDisplayMonitors
 0002:00008BB4       .1
 0002:00008BB8       User32Dll
 0002:00008BBC       InitApis
 0002:00008BC4       MMAvailable
 0002:00008BC8       .1
 0002:00008BCC       .2
 0002:00008BD0       HelpManager
 0002:00008BD4       .3
 0002:00008BD8       .3
 0002:00008BDC       FlatSB_EnableScrollBar
 0002:00008BE0       FlatSB_ShowScrollBar
 0002:00008BE4       FlatSB_GetScrollRange
 0002:00008BE8       FlatSB_GetScrollInfo
 0002:00008BEC       FlatSB_GetScrollPos
 0002:00008BF0       FlatSB_SetScrollPos
 0002:00008BF4       FlatSB_SetScrollInfo
 0002:00008BF8       FlatSB_SetScrollRange
 0002:00008BFC       .1
 0002:00008C00       _FlatSB_GetScrollProp
 0002:00008C04       _FlatSB_SetScrollProp
 0002:00008C08       _InitializeFlatSB
 0002:00008C0C       _UninitializeFlatSB
 0002:00008C10       .6
 0002:00008C14       OpenThemeData
 0002:00008C18       CloseThemeData
 0002:00008C1C       DrawThemeBackground
 0002:00008C20       DrawThemeText
 0002:00008C24       GetThemeBackgroundContentRect
 0002:00008C28       GetThemeBackgroundExtent
 0002:00008C2C       GetThemePartSize
 0002:00008C30       GetThemeTextExtent
 0002:00008C34       GetThemeTextMetrics
 0002:00008C38       GetThemeBackgroundRegion
 0002:00008C3C       HitTestThemeBackground
 0002:00008C40       DrawThemeEdge
 0002:00008C44       DrawThemeIcon
 0002:00008C48       IsThemePartDefined
 0002:00008C4C       IsThemeBackgroundPartiallyTransparent
 0002:00008C50       GetThemeColor
 0002:00008C54       GetThemeMetric
 0002:00008C58       GetThemeString
 0002:00008C5C       GetThemeBool
 0002:00008C60       GetThemeInt
 0002:00008C64       GetThemeEnumValue
 0002:00008C68       GetThemePosition
 0002:00008C6C       GetThemeFont
 0002:00008C70       GetThemeRect
 0002:00008C74       GetThemeMargins
 0002:00008C78       GetThemeIntList
 0002:00008C7C       GetThemePropertyOrigin
 0002:00008C80       SetWindowTheme
 0002:00008C84       GetThemeFilename
 0002:00008C88       GetThemeSysColor
 0002:00008C8C       GetThemeSysColorBrush
 0002:00008C90       GetThemeSysBool
 0002:00008C94       GetThemeSysSize
 0002:00008C98       GetThemeSysFont
 0002:00008C9C       GetThemeSysString
 0002:00008CA0       GetThemeSysInt
 0002:00008CA4       IsThemeActive
 0002:00008CA8       IsAppThemed
 0002:00008CAC       GetWindowTheme
 0002:00008CB0       EnableThemeDialogTexture
 0002:00008CB4       IsThemeDialogTextureEnabled
 0002:00008CB8       GetThemeAppProperties
 0002:00008CBC       SetThemeAppProperties
 0002:00008CC0       GetCurrentThemeName
 0002:00008CC4       GetThemeDocumentationProperty
 0002:00008CC8       DrawThemeParentBackground
 0002:00008CCC       EnableTheming
 0002:00008CD0       .1
 0002:00008CD4       ThemeLibrary
 0002:00008CD8       ReferenceCount
 0002:00008CDC       Lock
 0002:00008CE0       .1
 0002:00008CE4       .4
 0002:00008CE8       .1
 0002:00008CEC       .11
 0002:00008CF0       HelpMsg
 0002:00008CF4       FindMsg
 0002:00008CF8       ButtonWidths
 0002:00008D24       .12
 0002:00008D28       .1
 0002:00008D2C       CF_PICTURE
 0002:00008D2E       CF_COMPONENT
 0002:00008D30       .2
 0002:00008D34       FClipboard
 0002:00008D38       .1
 0002:00008D3C       .4
 0002:00008D40       BitBtnGlyphs
 0002:00008D6C       .3
 0002:00008D70       .8
 0002:00008D74       .5
 0002:00008D78       .1
 0002:00008D7C       .72
 0002:00008D80       UrlMonHandle
 0002:00008D84       UrlMonInitialized
 0002:00008D88       .8
 0002:00008D8C       .36
 0002:00008D90       ShellModule
 0002:00008D94       FRichEditModule
 0002:00008D98       ComCtlVersion
 0002:00008D9C       ToolMenuHook
 0002:00008DA0       MenuToolBar
 0002:00008DA4       MenuToolBar2
 0002:00008DA8       MenuButtonIndex
 0002:00008DAC       LastMenuItem
 0002:00008DB0       LastMousePos
 0002:00008DB8       StillModal
 0002:00008DBC       ToolMenuKeyHook
 0002:00008DC0       .2
 0002:00008DC4       InternalServices
 0002:00008DC8       .42
 0002:00008DCC       .73
 0002:00008DD0       WinHelpTester
 0002:00008DD4       ViewerName
 0002:00008DD8       .1
 0002:00008DDC       HelpViewer
 0002:00008DE0       HelpViewerIntf
 0002:00008DE4       Mouse
 0002:00008DE8       NewStyleControls
 0002:00008DEC       .72
 0002:00008DF0       WindowAtom
 0002:00008DF2       ControlAtom
 0002:00008DF4       WindowAtomString
 0002:00008DF8       ControlAtomString
 0002:00008DFC       RM_GetObjectInstance
 0002:00008E00       DragControl
 0002:00008E04       DragObject
 0002:00008E08       DragInternalObject
 0002:00008E0C       DragCapture
 0002:00008E10       DragStartPos
 0002:00008E18       DragSaveCursor
 0002:00008E1C       DragThreshold
 0002:00008E20       ActiveDrag
 0002:00008E24       DragImageList
 0002:00008E28       DockSiteList
 0002:00008E2C       QualifyingSites
 0002:00008E30       DragSave
 0002:00008E34       CanvasList
 0002:00008E38       _WINNLSEnableIME
 0002:00008E3C       _ImmGetContext
 0002:00008E40       _ImmReleaseContext
 0002:00008E44       _ImmGetConversionStatus
 0002:00008E48       _ImmSetConversionStatus
 0002:00008E4C       _ImmSetOpenStatus
 0002:00008E50       _ImmSetCompositionWindow
 0002:00008E54       _ImmSetCompositionFont
 0002:00008E58       _ImmGetCompositionString
 0002:00008E5C       _ImmIsIME
 0002:00008E60       _ImmNotifyIME
 0002:00008E64       .8
 0002:00008E68       .3
 0002:00008E6C       CachedComCtrlVer
 0002:00008E70       ImageListWriteExProc
 0002:00008E74       PopupList
 0002:00008E78       ShortCutItems
 0002:00008E7C       .9
 0002:00008E80       CommandPool
 0002:00008E84       Application
 0002:00008E88       Screen
 0002:00008E8C       .41
 0002:00008E90       RM_TaskbarCreated
 0002:00008E94       HintThreadID
 0002:00008E98       HintDoneEvent
 0002:00008E9C       HintHook
 0002:00008EA0       HintThread
 0002:00008EA4       .2
 0002:00008EA8       .5
 0002:00008EAC       .11
 0002:00008EB0       .1
 0002:00008EB4       .2
 0002:00008EB8       .7
 0002:00008EBC       .4
 0002:00008EC0       .01
 0002:00008EC4       UpdateActnMenusProc
 0002:00008EC8       .51
 0002:00008ECC       MenuCallWndHook
 0002:00008ED0       MenuList
 0002:00008ED4       ActionBarStyles
 0002:00008ED8       DefaultActnBarStyle
 0002:00008EDC       .32
 0002:00008EE0       .2
 0002:00008EE4       .1
 0002:00008EE8       .1
 0002:00008EEC       .1
 0002:00008EF0       .3
 0002:00008EF4       .1
 0002:00008EF8       .41
 0002:00008EFC       OleUninitializing
 0002:00008F00       ComClassManagerVar
 0002:00008F04       SaveInitProc
 0002:00008F08       NeedToUninitialize
 0002:00008F0C       LoginDialogProc
 0002:00008F10       LoginDialogExProc
 0002:00008F14       RemoteLoginDialogProc
 0002:00008F18       ScreenCursorProc
 0002:00008F1C       PasswordDialog
 0002:00008F20       DBScreen
 0002:00008F24       DBApplication
 0002:00008F28       .36
 0002:00008F2C       .1
 0002:00008F30       .2
 0002:00008F34       .2
 0002:00008F38       .22
 0002:00008F3C       .9
 0002:00008F40       DrawBitmap
 0002:00008F44       UserCount
 0002:00008F48       .3
 0002:00008F4C       .1
 0002:00008F50       ..
 0002:00008F68       .1
 0002:00008F6C       .1
 0002:00008F70       Session
 0002:00008F74       Sessions
 0002:00008F78       GetObjectContextProc
 0002:00008F7C       .22
 0002:00008F80       FCSect
 0002:00008F98       CSNativeToAnsi
 0002:00008FB0       CSAnsiToNative
 0002:00008FC8       BDEInitProcs
 0002:00008FCC       SaveInitProc
 0002:00008FD0       NeedToUninitialize
 0002:00008FD4       .2
 0002:00008FD8       Form2
 0002:00008FDC       .2
 0002:00008FE0       Form1
 0002:00008FE4       .2


Line numbers for madLinkDisAsm(madLinkDisAsm.pas) segment .text

    19 0001:000630F0    27 0001:000630F9    30 0001:00063106

Line numbers for Unit2(Unit2.pas) segment .text

    39 0001:0011EFDC    40 0001:0011EFE1    45 0001:0011EFE4    46 0001:0011EFFB
    48 0001:0011F00F    49 0001:0011F02D    51 0001:0011F047    52 0001:0011F051
    54 0001:0011F053    56 0001:0011F093    62 0001:0011F0CC    63 0001:0011F0ED
    65 0001:0011F118    66 0001:0011F122    69 0001:0011F127    71 0001:0011F152
    72 0001:0011F15C    75 0001:0011F161    78 0001:0011F190    80 0001:0011F195
    83 0001:0011F1CE    86 0001:0011F217    87 0001:0011F23B    89 0001:0011F245
    93 0001:0011F28E    94 0001:0011F2A1    95 0001:0011F2E2    97 0001:0011F323
   100 0001:0011F352   102 0001:0011F357   103 0001:0011F38D   100 0001:0011F38E
   105 0001:0011F393   106 0001:0011F39B   107 0001:0011F411   109 0001:0011F500
   109 0001:0011F507

Line numbers for Unit1(Unit1.pas) segment .text

   114 0001:0011FB80   115 0001:0011FB8C   123 0001:0011FB90   124 0001:0011FBA9
   125 0001:0011FBF1   129 0001:0011FBF8   130 0001:0011FC11   131 0001:0011FC59
   135 0001:0011FC60   136 0001:0011FC7C   138 0001:0011FC8F   140 0001:0011FC95
   141 0001:0011FCA2   142 0001:0011FCAB   143 0001:0011FCB8   146 0001:0011FCD8
   147 0001:0011FD0D   150 0001:0011FD18   151 0001:0011FD1B   152 0001:0011FD46
   153 0001:0011FD71   157 0001:0011FD74   158 0001:0011FD79   161 0001:0011FD7C
   162 0001:0011FD96   165 0001:0011FE0F   169 0001:0011FE34   170 0001:0011FE39
   173 0001:0011FE3C   174 0001:0011FE52   176 0001:0011FE61   177 0001:0011FE70
   178 0001:0011FE7B   179 0001:0011FE97   180 0001:0011FEA2   182 0001:0011FECA
   188 0001:0011FED0   189 0001:0011FEF0   190 0001:0011FEFF   191 0001:0011FF0A
   193 0001:0011FF1D   194 0001:0011FF31   196 0001:0011FF6B   198 0001:0011FF81
   199 0001:0011FF95   201 0001:0011FFCF   203 0001:0011FFE5   204 0001:0011FFFE
   206 0001:0012003D   208 0001:00120053   209 0001:0012006C   211 0001:001200AB
   213 0001:001200C1   215 0001:001200DE   216 0001:001200E8   219 0001:001200EA
   221 0001:00120107   222 0001:00120111   224 0001:00120113   225 0001:00120121
   227 0001:00120198   231 0001:00120208   232 0001:00120213   239 0001:00120254
   240 0001:00120274   241 0001:001202B3   242 0001:001202C1   243 0001:001202D9
   245 0001:001202F1   247 0001:001202F3   248 0001:00120330   250 0001:0012034A
   251 0001:00120361   252 0001:0012036E   254 0001:00120382   245 0001:00120383
   256 0001:00120399   257 0001:001203B1   259 0001:00120405   266 0001:00120434
   267 0001:00120457   268 0001:00120466   271 0001:00120495   273 0001:001204D6
   274 0001:001204DE   275 0001:001204EC   276 0001:00120508   277 0001:0012053D
   278 0001:00120556   279 0001:00120560   281 0001:00120572   282 0001:00120580
   284 0001:001205C6   297 0001:001205E9   299 0001:00120621   305 0001:00120690
   306 0001:00120693   309 0001:001206A3   310 0001:001206AF   311 0001:001206B8
   314 0001:001206C4   316 0001:001206C7   317 0001:001206CE   319 0001:001206D7
   320 0001:001206E3   321 0001:001206EC   323 0001:001206F5   325 0001:001206FE
   326 0001:0012070A   328 0001:00120713   330 0001:0012071C   331 0001:00120728
   336 0001:00120731   338 0001:00120737   339 0001:0012073E   341 0001:00120747
   342 0001:00120750   343 0001:0012075C   348 0001:00120769   350 0001:00120770
   352 0001:00120800   352 0001:00120807

Line numbers for mopo(G:\Projekte\HelpNDoc\bak\mopo.dpr) segment .text

    15 0001:00120B88    16 0001:00120B98    17 0001:00120BA4    18 0001:00120BB5
    19 0001:00120BCD    20 0001:00120BE5    21 0001:00120BF1

Bound resource files

e:\program files (x86)\borland\delphi7\Lib\Buttons.res
e:\program files (x86)\borland\delphi7\Lib\ExtDlgs.res
e:\program files (x86)\borland\delphi7\Lib\Controls.res
e:\program files (x86)\borland\delphi7\Lib\WindowsXP.res
e:\program files (x86)\borland\delphi7\Lib\DBLogDlg.dfm
e:\program files (x86)\borland\delphi7\Lib\DBPWDlg.dfm
e:\program files (x86)\borland\delphi7\Lib\DBCtrls.res
e:\program files (x86)\borland\delphi7\Lib\DBGrids.res
Unit2.dfm
Unit1.dfm
mopo.drf


Program entry point at 0001:00120B88
