
 Start         Length     Name                   Class
 0001:00000000 0012B1E0H .text                   CODE
 0002:00000000 000065BCH .data                   DATA
 0002:000065BC 00001FBDH .bss                    BSS


Detailed map of segments

 0001:00000000 00005EC3 C=CODE     S=.text    G=(none)   M=System   ACBP=A9
 0001:00005EC4 00000140 C=CODE     S=.text    G=(none)   M=SysInit  ACBP=A9
 0001:00006004 00000090 C=CODE     S=.text    G=(none)   M=Types    ACBP=A9
 0001:00006094 00001554 C=CODE     S=.text    G=(none)   M=Windows  ACBP=A9
 0001:000075E8 00000218 C=CODE     S=.text    G=(none)   M=madTypes ACBP=A9
 0001:00007800 000039DC C=CODE     S=.text    G=(none)   M=madStrings ACBP=A9
 0001:0000B1DC 00000038 C=CODE     S=.text    G=(none)   M=Messages ACBP=A9
 0001:0000B214 0000120C C=CODE     S=.text    G=(none)   M=madNVPrgrAlert ACBP=A9
 0001:0000C420 000036F3 C=CODE     S=.text    G=(none)   M=madTools ACBP=A9
 0001:0000FB14 00006A1C C=CODE     S=.text    G=(none)   M=madDisAsm ACBP=A9
 0001:00016530 00004784 C=CODE     S=.text    G=(none)   M=madZip   ACBP=A9
 0001:0001ACB4 00000AB4 C=CODE     S=.text    G=(none)   M=madCrypt ACBP=A9
 0001:0001B768 00005A63 C=CODE     S=.text    G=(none)   M=madMapFile ACBP=A9
 0001:000211CC 000043E3 C=CODE     S=.text    G=(none)   M=madStackTrace ACBP=A9
 0001:000255B0 00002CD4 C=CODE     S=.text    G=(none)   M=madNVBitmap ACBP=A9
 0001:00028284 000064E8 C=CODE     S=.text    G=(none)   M=madNVAssistant ACBP=A9
 0001:0002E76C 000000A0 C=CODE     S=.text    G=(none)   M=ActiveX  ACBP=A9
 0001:0002E80C 00000198 C=CODE     S=.text    G=(none)   M=CommCtrl ACBP=A9
 0001:0002E9A4 00000050 C=CODE     S=.text    G=(none)   M=ShellAPI ACBP=A9
 0001:0002E9F4 00000038 C=CODE     S=.text    G=(none)   M=RegStr   ACBP=A9
 0001:0002EA2C 00000038 C=CODE     S=.text    G=(none)   M=WinInet  ACBP=A9
 0001:0002EA64 00000038 C=CODE     S=.text    G=(none)   M=UrlMon   ACBP=A9
 0001:0002EA9C 0000006C C=CODE     S=.text    G=(none)   M=ShlObj   ACBP=A9
 0001:0002EB08 00000060 C=CODE     S=.text    G=(none)   M=CommDlg  ACBP=A9
 0001:0002EB68 00000388 C=CODE     S=.text    G=(none)   M=SysConst ACBP=A9
 0001:0002EEF0 000000C0 C=CODE     S=.text    G=(none)   M=WinSock  ACBP=A9
 0001:0002EFB0 00034128 C=CODE     S=.text    G=(none)   M=madExcept ACBP=A9
 0001:000630D8 00000047 C=CODE     S=.text    G=(none)   M=madLinkDisAsm ACBP=A9
 0001:00063120 00000F64 C=CODE     S=.text    G=(none)   M=madListHardware ACBP=A9
 0001:00064084 00000C2C C=CODE     S=.text    G=(none)   M=madListProcesses ACBP=A9
 0001:00064CB0 00000598 C=CODE     S=.text    G=(none)   M=madListModules ACBP=A9
 0001:00065248 00007438 C=CODE     S=.text    G=(none)   M=SysUtils ACBP=A9
 0001:0006C680 00000823 C=CODE     S=.text    G=(none)   M=VarUtils ACBP=A9
 0001:0006CEA4 000084A6 C=CODE     S=.text    G=(none)   M=Variants ACBP=A9
 0001:0007534C 00000168 C=CODE     S=.text    G=(none)   M=RTLConsts ACBP=A9
 0001:000754B4 0000192C C=CODE     S=.text    G=(none)   M=TypInfo  ACBP=A9
 0001:00076DE0 0000C882 C=CODE     S=.text    G=(none)   M=Classes  ACBP=A9
 0001:00083664 00000320 C=CODE     S=.text    G=(none)   M=Consts   ACBP=A9
 0001:00083984 0000914F C=CODE     S=.text    G=(none)   M=Graphics ACBP=A9
 0001:0008CAD4 00000048 C=CODE     S=.text    G=(none)   M=Math     ACBP=A9
 0001:0008CB1C 000002B8 C=CODE     S=.text    G=(none)   M=Contnrs  ACBP=A9
 0001:0008CDD4 00000787 C=CODE     S=.text    G=(none)   M=MultiMon ACBP=A9
 0001:0008D55C 00000038 C=CODE     S=.text    G=(none)   M=Imm      ACBP=A9
 0001:0008D594 00000FF8 C=CODE     S=.text    G=(none)   M=HelpIntfs ACBP=A9
 0001:0008E58C 00000038 C=CODE     S=.text    G=(none)   M=WinSpool ACBP=A9
 0001:0008E5C4 00000044 C=CODE     S=.text    G=(none)   M=Printers ACBP=A9
 0001:0008E608 0000031F C=CODE     S=.text    G=(none)   M=FlatSB   ACBP=A9
 0001:0008E928 000001A4 C=CODE     S=.text    G=(none)   M=SyncObjs ACBP=A9
 0001:0008EACC 000009BB C=CODE     S=.text    G=(none)   M=UxTheme  ACBP=A9
 0001:0008F488 00000038 C=CODE     S=.text    G=(none)   M=RichEdit ACBP=A9
 0001:0008F4C0 00000AD4 C=CODE     S=.text    G=(none)   M=ToolWin  ACBP=A9
 0001:0008FF94 00000038 C=CODE     S=.text    G=(none)   M=Dlgs     ACBP=A9
 0001:0008FFCC 00002455 C=CODE     S=.text    G=(none)   M=Dialogs  ACBP=A9
 0001:00092424 00004A02 C=CODE     S=.text    G=(none)   M=ExtCtrls ACBP=A9
 0001:00096E28 00000078 C=CODE     S=.text    G=(none)   M=ComStrs  ACBP=A9
 0001:00096EA0 0000069C C=CODE     S=.text    G=(none)   M=Clipbrd  ACBP=A9
 0001:0009753C 00000038 C=CODE     S=.text    G=(none)   M=StrUtils ACBP=A9
 0001:00097574 00002731 C=CODE     S=.text    G=(none)   M=Buttons  ACBP=A9
 0001:00099CA8 00000038 C=CODE     S=.text    G=(none)   M=ExtDlgs  ACBP=A9
 0001:00099CE0 00001014 C=CODE     S=.text    G=(none)   M=IniFiles ACBP=A9
 0001:0009ACF4 00000068 C=CODE     S=.text    G=(none)   M=Registry ACBP=A9
 0001:0009AD5C 0000006C C=CODE     S=.text    G=(none)   M=Mapi     ACBP=A9
 0001:0009ADC8 00000058 C=CODE     S=.text    G=(none)   M=ExtActns ACBP=A9
 0001:0009AE20 00000038 C=CODE     S=.text    G=(none)   M=ListActns ACBP=A9
 0001:0009AE58 0000A89C C=CODE     S=.text    G=(none)   M=ComCtrls ACBP=A9
 0001:000A56F4 00000D6C C=CODE     S=.text    G=(none)   M=Themes   ACBP=A9
 0001:000A6460 0000B120 C=CODE     S=.text    G=(none)   M=StdCtrls ACBP=A9
 0001:000B1580 00000168 C=CODE     S=.text    G=(none)   M=StdActns ACBP=A9
 0001:000B16E8 00000D1F C=CODE     S=.text    G=(none)   M=WinHelpViewer ACBP=A9
 0001:000B2408 00011477 C=CODE     S=.text    G=(none)   M=Controls ACBP=A9
 0001:000C3880 00001292 C=CODE     S=.text    G=(none)   M=ActnList ACBP=A9
 0001:000C4B14 00001B9C C=CODE     S=.text    G=(none)   M=ImgList  ACBP=A9
 0001:000C66B0 00006639 C=CODE     S=.text    G=(none)   M=Menus    ACBP=A9
 0001:000CCCEC 0000CF7C C=CODE     S=.text    G=(none)   M=Forms    ACBP=A9
 0001:000D9C68 00000A4C C=CODE     S=.text    G=(none)   M=MaskUtils ACBP=A9
 0001:000DA6B4 00000070 C=CODE     S=.text    G=(none)   M=DateUtils ACBP=A9
 0001:000DA724 00000270 C=CODE     S=.text    G=(none)   M=DBConsts ACBP=A9
 0001:000DA994 00000F67 C=CODE     S=.text    G=(none)   M=SqlTimSt ACBP=A9
 0001:000DB8FC 00004AEF C=CODE     S=.text    G=(none)   M=FMTBcd   ACBP=A9
 0001:000E03EC 00000058 C=CODE     S=.text    G=(none)   M=ComConst ACBP=A9
 0001:000E0444 00000E65 C=CODE     S=.text    G=(none)   M=ComObj   ACBP=A9
 0001:000E12AC 00014034 C=CODE     S=.text    G=(none)   M=DB       ACBP=A9
 0001:000F52E0 00002108 C=CODE     S=.text    G=(none)   M=Mask     ACBP=A9
 0001:000F73E8 00008120 C=CODE     S=.text    G=(none)   M=Grids    ACBP=A9
 0001:000FF508 00003D04 C=CODE     S=.text    G=(none)   M=BDE      ACBP=A9
 0001:0010320C 000000B8 C=CODE     S=.text    G=(none)   M=VDBConsts ACBP=A9
 0001:001032C4 00000728 C=CODE     S=.text    G=(none)   M=DBLogDlg ACBP=A9
 0001:001039EC 00000531 C=CODE     S=.text    G=(none)   M=DBPWDlg  ACBP=A9
 0001:00103F20 00004ABC C=CODE     S=.text    G=(none)   M=DBCtrls  ACBP=A9
 0001:001089DC 00008DD4 C=CODE     S=.text    G=(none)   M=DBGrids  ACBP=A9
 0001:001117B0 00003FC8 C=CODE     S=.text    G=(none)   M=DBCommon ACBP=A9
 0001:00115778 00000068 C=CODE     S=.text    G=(none)   M=SMINTF   ACBP=A9
 0001:001157E0 00000110 C=CODE     S=.text    G=(none)   M=bdeconst ACBP=A9
 0001:001158F0 0000F168 C=CODE     S=.text    G=(none)   M=DBTables ACBP=A9
 0001:00124A58 000002D4 C=CODE     S=.text    G=(none)   M=madExceptVcl ACBP=A9
 0001:00124D2C 00000754 C=CODE     S=.text    G=(none)   M=Unit2    ACBP=A9
 0001:00125480 00000358 C=CODE     S=.text    G=(none)   M=Unit3    ACBP=A9
 0001:001257D8 00005594 C=CODE     S=.text    G=(none)   M=Unit1    ACBP=A9
 0001:0012AD6C 00000474 C=CODE     S=.text    G=(none)   M=mopo     ACBP=A9
 0002:00000000 000000A4 C=DATA     S=.data    G=DGROUP   M=System   ACBP=A9
 0002:000000A4 00000020 C=DATA     S=.data    G=DGROUP   M=SysInit  ACBP=A9
 0002:000000C4 000002DC C=DATA     S=.data    G=DGROUP   M=madStrings ACBP=A9
 0002:000003A0 000000A4 C=DATA     S=.data    G=DGROUP   M=madTools ACBP=A9
 0002:00000444 0000084D C=DATA     S=.data    G=DGROUP   M=madDisAsm ACBP=A9
 0002:00000C94 000010C4 C=DATA     S=.data    G=DGROUP   M=madZip   ACBP=A9
 0002:00001D58 0000108C C=DATA     S=.data    G=DGROUP   M=madCrypt ACBP=A9
 0002:00002DE4 00000020 C=DATA     S=.data    G=DGROUP   M=madMapFile ACBP=A9
 0002:00002E04 00000004 C=DATA     S=.data    G=DGROUP   M=madStackTrace ACBP=A9
 0002:00002E08 00000010 C=DATA     S=.data    G=DGROUP   M=madNVAssistant ACBP=A9
 0002:00002E18 00000010 C=DATA     S=.data    G=DGROUP   M=ActiveX  ACBP=A9
 0002:00002E28 00000B48 C=DATA     S=.data    G=DGROUP   M=madExcept ACBP=A9
 0002:00003970 00000018 C=DATA     S=.data    G=DGROUP   M=madListProcesses ACBP=A9
 0002:00003988 00000274 C=DATA     S=.data    G=DGROUP   M=SysUtils ACBP=A9
 0002:00003BFC 00000110 C=DATA     S=.data    G=DGROUP   M=VarUtils ACBP=A9
 0002:00003D0C 0000013A C=DATA     S=.data    G=DGROUP   M=Variants ACBP=A9
 0002:00003E48 0000000C C=DATA     S=.data    G=DGROUP   M=TypInfo  ACBP=A9
 0002:00003E54 000000E4 C=DATA     S=.data    G=DGROUP   M=Classes  ACBP=A9
 0002:00003F38 00000304 C=DATA     S=.data    G=DGROUP   M=Graphics ACBP=A9
 0002:0000423C 00000004 C=DATA     S=.data    G=DGROUP   M=Printers ACBP=A9
 0002:00004240 00000020 C=DATA     S=.data    G=DGROUP   M=ToolWin  ACBP=A9
 0002:00004260 00000114 C=DATA     S=.data    G=DGROUP   M=Dialogs  ACBP=A9
 0002:00004374 0000018C C=DATA     S=.data    G=DGROUP   M=ExtCtrls ACBP=A9
 0002:00004500 00000046 C=DATA     S=.data    G=DGROUP   M=Buttons  ACBP=A9
 0002:00004548 00000008 C=DATA     S=.data    G=DGROUP   M=IniFiles ACBP=A9
 0002:00004550 00000008 C=DATA     S=.data    G=DGROUP   M=Registry ACBP=A9
 0002:00004558 00000008 C=DATA     S=.data    G=DGROUP   M=Mapi     ACBP=A9
 0002:00004560 000000B1 C=DATA     S=.data    G=DGROUP   M=ComCtrls ACBP=A9
 0002:00004614 00000068 C=DATA     S=.data    G=DGROUP   M=Themes   ACBP=A9
 0002:0000467C 00000144 C=DATA     S=.data    G=DGROUP   M=StdCtrls ACBP=A9
 0002:000047C0 0000013C C=DATA     S=.data    G=DGROUP   M=Controls ACBP=A9
 0002:000048FC 00000020 C=DATA     S=.data    G=DGROUP   M=ImgList  ACBP=A9
 0002:0000491C 000000EC C=DATA     S=.data    G=DGROUP   M=Menus    ACBP=A9
 0002:00004A08 00000130 C=DATA     S=.data    G=DGROUP   M=Forms    ACBP=A9
 0002:00004B38 00000009 C=DATA     S=.data    G=DGROUP   M=MaskUtils ACBP=A9
 0002:00004B44 0000003C C=DATA     S=.data    G=DGROUP   M=SqlTimSt ACBP=A9
 0002:00004B80 00000065 C=DATA     S=.data    G=DGROUP   M=FMTBcd   ACBP=A9
 0002:00004BE8 00000030 C=DATA     S=.data    G=DGROUP   M=ComObj   ACBP=A9
 0002:00004C18 00000186 C=DATA     S=.data    G=DGROUP   M=DB       ACBP=A9
 0002:00004DA0 00000004 C=DATA     S=.data    G=DGROUP   M=Mask     ACBP=A9
 0002:00004DA4 00000C50 C=DATA     S=.data    G=DGROUP   M=BDE      ACBP=A9
 0002:000059F4 0000002C C=DATA     S=.data    G=DGROUP   M=DBCtrls  ACBP=A9
 0002:00005A20 00000028 C=DATA     S=.data    G=DGROUP   M=DBGrids  ACBP=A9
 0002:00005A48 0000001C C=DATA     S=.data    G=DGROUP   M=DBCommon ACBP=A9
 0002:00005A64 00000010 C=DATA     S=.data    G=DGROUP   M=SMINTF   ACBP=A9
 0002:00005A74 00000120 C=DATA     S=.data    G=DGROUP   M=DBTables ACBP=A9
 0002:00005B94 0000020C C=DATA     S=.data    G=DGROUP   M=Unit1    ACBP=A9
 0002:00007000 00000664 C=BSS      S=.bss     G=DGROUP   M=System   ACBP=A9
 0002:00007664 00000010 C=BSS      S=.bss     G=DGROUP   M=SysInit  ACBP=A9
 0002:00007674 00000004 C=BSS      S=.bss     G=DGROUP   M=Types    ACBP=A9
 0002:00007678 00000004 C=BSS      S=.bss     G=DGROUP   M=Windows  ACBP=A9
 0002:0000767C 00000004 C=BSS      S=.bss     G=DGROUP   M=madTypes ACBP=A9
 0002:00007680 0000000C C=BSS      S=.bss     G=DGROUP   M=madStrings ACBP=A9
 0002:0000768C 00000004 C=BSS      S=.bss     G=DGROUP   M=Messages ACBP=A9
 0002:00007690 00000004 C=BSS      S=.bss     G=DGROUP   M=madNVPrgrAlert ACBP=A9
 0002:00007694 00000028 C=BSS      S=.bss     G=DGROUP   M=madTools ACBP=A9
 0002:000076BC 00000004 C=BSS      S=.bss     G=DGROUP   M=madDisAsm ACBP=A9
 0002:000076C0 00001114 C=BSS      S=.bss     G=DGROUP   M=madZip   ACBP=A9
 0002:000087D4 00000004 C=BSS      S=.bss     G=DGROUP   M=madCrypt ACBP=A9
 0002:000087D8 00000008 C=BSS      S=.bss     G=DGROUP   M=madMapFile ACBP=A9
 0002:000087E0 0000002C C=BSS      S=.bss     G=DGROUP   M=madStackTrace ACBP=A9
 0002:0000880C 00000004 C=BSS      S=.bss     G=DGROUP   M=madNVBitmap ACBP=A9
 0002:00008810 00000004 C=BSS      S=.bss     G=DGROUP   M=madNVAssistant ACBP=A9
 0002:00008814 00000004 C=BSS      S=.bss     G=DGROUP   M=ActiveX  ACBP=A9
 0002:00008818 0000000C C=BSS      S=.bss     G=DGROUP   M=CommCtrl ACBP=A9
 0002:00008824 00000004 C=BSS      S=.bss     G=DGROUP   M=ShellAPI ACBP=A9
 0002:00008828 00000004 C=BSS      S=.bss     G=DGROUP   M=RegStr   ACBP=A9
 0002:0000882C 00000004 C=BSS      S=.bss     G=DGROUP   M=WinInet  ACBP=A9
 0002:00008830 00000004 C=BSS      S=.bss     G=DGROUP   M=UrlMon   ACBP=A9
 0002:00008834 00000004 C=BSS      S=.bss     G=DGROUP   M=ShlObj   ACBP=A9
 0002:00008838 00000004 C=BSS      S=.bss     G=DGROUP   M=CommDlg  ACBP=A9
 0002:0000883C 00000004 C=BSS      S=.bss     G=DGROUP   M=SysConst ACBP=A9
 0002:00008840 00000004 C=BSS      S=.bss     G=DGROUP   M=WinSock  ACBP=A9
 0002:00008844 000000D0 C=BSS      S=.bss     G=DGROUP   M=madExcept ACBP=A9
 0002:00008914 00000004 C=BSS      S=.bss     G=DGROUP   M=madLinkDisAsm ACBP=A9
 0002:00008918 00000004 C=BSS      S=.bss     G=DGROUP   M=madListHardware ACBP=A9
 0002:0000891C 00000004 C=BSS      S=.bss     G=DGROUP   M=madListProcesses ACBP=A9
 0002:00008920 00000004 C=BSS      S=.bss     G=DGROUP   M=madListModules ACBP=A9
 0002:00008924 00000120 C=BSS      S=.bss     G=DGROUP   M=SysUtils ACBP=A9
 0002:00008A44 0000005C C=BSS      S=.bss     G=DGROUP   M=VarUtils ACBP=A9
 0002:00008AA0 00000040 C=BSS      S=.bss     G=DGROUP   M=Variants ACBP=A9
 0002:00008AE0 00000004 C=BSS      S=.bss     G=DGROUP   M=RTLConsts ACBP=A9
 0002:00008AE4 00000004 C=BSS      S=.bss     G=DGROUP   M=TypInfo  ACBP=A9
 0002:00008AE8 00000040 C=BSS      S=.bss     G=DGROUP   M=Classes  ACBP=A9
 0002:00008B28 00000004 C=BSS      S=.bss     G=DGROUP   M=Consts   ACBP=A9
 0002:00008B2C 00000060 C=BSS      S=.bss     G=DGROUP   M=Graphics ACBP=A9
 0002:00008B8C 00000004 C=BSS      S=.bss     G=DGROUP   M=Math     ACBP=A9
 0002:00008B90 00000004 C=BSS      S=.bss     G=DGROUP   M=Contnrs  ACBP=A9
 0002:00008B94 00000031 C=BSS      S=.bss     G=DGROUP   M=MultiMon ACBP=A9
 0002:00008BC8 00000004 C=BSS      S=.bss     G=DGROUP   M=Imm      ACBP=A9
 0002:00008BCC 00000008 C=BSS      S=.bss     G=DGROUP   M=HelpIntfs ACBP=A9
 0002:00008BD4 00000004 C=BSS      S=.bss     G=DGROUP   M=WinSpool ACBP=A9
 0002:00008BD8 00000004 C=BSS      S=.bss     G=DGROUP   M=Printers ACBP=A9
 0002:00008BDC 00000034 C=BSS      S=.bss     G=DGROUP   M=FlatSB   ACBP=A9
 0002:00008C10 00000004 C=BSS      S=.bss     G=DGROUP   M=SyncObjs ACBP=A9
 0002:00008C14 000000CC C=BSS      S=.bss     G=DGROUP   M=UxTheme  ACBP=A9
 0002:00008CE0 00000004 C=BSS      S=.bss     G=DGROUP   M=RichEdit ACBP=A9
 0002:00008CE4 00000004 C=BSS      S=.bss     G=DGROUP   M=ToolWin  ACBP=A9
 0002:00008CE8 00000004 C=BSS      S=.bss     G=DGROUP   M=Dlgs     ACBP=A9
 0002:00008CEC 00000038 C=BSS      S=.bss     G=DGROUP   M=Dialogs  ACBP=A9
 0002:00008D24 00000004 C=BSS      S=.bss     G=DGROUP   M=ExtCtrls ACBP=A9
 0002:00008D28 00000004 C=BSS      S=.bss     G=DGROUP   M=ComStrs  ACBP=A9
 0002:00008D2C 0000000C C=BSS      S=.bss     G=DGROUP   M=Clipbrd  ACBP=A9
 0002:00008D38 00000004 C=BSS      S=.bss     G=DGROUP   M=StrUtils ACBP=A9
 0002:00008D3C 00000030 C=BSS      S=.bss     G=DGROUP   M=Buttons  ACBP=A9
 0002:00008D6C 00000004 C=BSS      S=.bss     G=DGROUP   M=ExtDlgs  ACBP=A9
 0002:00008D70 00000004 C=BSS      S=.bss     G=DGROUP   M=IniFiles ACBP=A9
 0002:00008D74 00000004 C=BSS      S=.bss     G=DGROUP   M=Registry ACBP=A9
 0002:00008D78 00000004 C=BSS      S=.bss     G=DGROUP   M=Mapi     ACBP=A9
 0002:00008D7C 00000009 C=BSS      S=.bss     G=DGROUP   M=ExtActns ACBP=A9
 0002:00008D88 00000004 C=BSS      S=.bss     G=DGROUP   M=ListActns ACBP=A9
 0002:00008D8C 00000034 C=BSS      S=.bss     G=DGROUP   M=ComCtrls ACBP=A9
 0002:00008DC0 00000008 C=BSS      S=.bss     G=DGROUP   M=Themes   ACBP=A9
 0002:00008DC8 00000004 C=BSS      S=.bss     G=DGROUP   M=StdCtrls ACBP=A9
 0002:00008DCC 00000004 C=BSS      S=.bss     G=DGROUP   M=StdActns ACBP=A9
 0002:00008DD0 00000014 C=BSS      S=.bss     G=DGROUP   M=WinHelpViewer ACBP=A9
 0002:00008DE4 00000080 C=BSS      S=.bss     G=DGROUP   M=Controls ACBP=A9
 0002:00008E64 00000004 C=BSS      S=.bss     G=DGROUP   M=ActnList ACBP=A9
 0002:00008E68 0000000C C=BSS      S=.bss     G=DGROUP   M=ImgList  ACBP=A9
 0002:00008E74 00000010 C=BSS      S=.bss     G=DGROUP   M=Menus    ACBP=A9
 0002:00008E84 00000020 C=BSS      S=.bss     G=DGROUP   M=Forms    ACBP=A9
 0002:00008EA4 00000004 C=BSS      S=.bss     G=DGROUP   M=MaskUtils ACBP=A9
 0002:00008EA8 00000004 C=BSS      S=.bss     G=DGROUP   M=DateUtils ACBP=A9
 0002:00008EAC 00000004 C=BSS      S=.bss     G=DGROUP   M=DBConsts ACBP=A9
 0002:00008EB0 00000004 C=BSS      S=.bss     G=DGROUP   M=SqlTimSt ACBP=A9
 0002:00008EB4 00000004 C=BSS      S=.bss     G=DGROUP   M=FMTBcd   ACBP=A9
 0002:00008EB8 00000004 C=BSS      S=.bss     G=DGROUP   M=ComConst ACBP=A9
 0002:00008EBC 00000011 C=BSS      S=.bss     G=DGROUP   M=ComObj   ACBP=A9
 0002:00008ED0 00000020 C=BSS      S=.bss     G=DGROUP   M=DB       ACBP=A9
 0002:00008EF0 00000004 C=BSS      S=.bss     G=DGROUP   M=Mask     ACBP=A9
 0002:00008EF4 00000004 C=BSS      S=.bss     G=DGROUP   M=Grids    ACBP=A9
 0002:00008EF8 0000001C C=BSS      S=.bss     G=DGROUP   M=BDE      ACBP=A9
 0002:00008F14 00000004 C=BSS      S=.bss     G=DGROUP   M=VDBConsts ACBP=A9
 0002:00008F18 00000004 C=BSS      S=.bss     G=DGROUP   M=DBLogDlg ACBP=A9
 0002:00008F1C 00000004 C=BSS      S=.bss     G=DGROUP   M=DBPWDlg  ACBP=A9
 0002:00008F20 00000004 C=BSS      S=.bss     G=DGROUP   M=DBCtrls  ACBP=A9
 0002:00008F24 0000000C C=BSS      S=.bss     G=DGROUP   M=DBGrids  ACBP=A9
 0002:00008F30 00000004 C=BSS      S=.bss     G=DGROUP   M=DBCommon ACBP=A9
 0002:00008F34 00000004 C=BSS      S=.bss     G=DGROUP   M=SMINTF   ACBP=A9
 0002:00008F38 00000004 C=BSS      S=.bss     G=DGROUP   M=bdeconst ACBP=A9
 0002:00008F3C 00000061 C=BSS      S=.bss     G=DGROUP   M=DBTables ACBP=A9
 0002:00008FA0 00000004 C=BSS      S=.bss     G=DGROUP   M=madExceptVcl ACBP=A9
 0002:00008FA4 00000008 C=BSS      S=.bss     G=DGROUP   M=Unit2    ACBP=A9
 0002:00008FAC 00000008 C=BSS      S=.bss     G=DGROUP   M=Unit3    ACBP=A9
 0002:00008FB4 00000008 C=BSS      S=.bss     G=DGROUP   M=Unit1    ACBP=A9


  Address         Publics by Name

 0001:000FF528       ..
 0001:0010288C       ..
 0002:00005918       ..
 0002:00008EFC       ..
 0002:00004DA4       ..
 0002:00008BC8       .1
 0002:00008818       .1
 0002:00008D78       .1
 0002:00008BB4       .1
 0002:00008CE8       .1
 0002:000087D4       .1
 0002:00008CE0       .1
 0002:00008CD0       .1
 0002:0000766C       .1
 0002:00008840       .1
 0002:0000883C       .1
 0002:00008914       .1
 0002:00008B28       .1
 0002:00008918       .1
 0002:00008AE0       .1
 0002:00008838       .1
 0002:00008834       .1
 0002:00008830       .1
 0002:0000882C       .1
 0002:00007680       .1
 0002:0000891C       .1
 0002:00008920       .1
 0002:00008EB8       .1
 0002:00008D38       .1
 0002:00008828       .1
 0002:000076C0       .1
 0002:00008824       .1
 0002:0000880C       .1
 0002:00008D28       .1
 0002:000087E0       .1
 0002:00008F14       .1
 0002:00007694       .1
 0002:00007690       .1
 0002:0000768C       .1
 0002:00008EA8       .1
 0002:00008EAC       .1
 0002:00007674       .1
 0002:00008EB0       .1
 0002:00008810       .1
 0002:00008BFC       .1
 0002:00008EF8       .1
 0002:00008DD8       .1
 0002:00008F34       .1
 0002:00008F38       .1
 0002:00008CEC       .11
 0002:00008EF4       .11
 0002:00008B30       .12
 0002:00008D24       .12
 0002:00008FB0       .2
 0002:00008EA4       .2
 0002:00008BCC       .2
 0002:00008B8C       .2
 0002:00008F1C       .2
 0002:00008F18       .2
 0002:00008DC0       .2
 0002:0000767C       .2
 0002:00008FA8       .2
 0002:00008D30       .2
 0002:00008FA0       .2
 0002:00008FB8       .2
 0002:00008B90       .21
 0002:00008F20       .22
 0002:00008F48       .22
 0002:00008F30       .3
 0002:00008D6C       .3
 0002:00007678       .3
 0002:00008BD4       .3
 0002:00008EB4       .3
 0002:00008814       .3
 0002:00008E68       .3
 0002:00008BD8       .3
 0002:00008848       .3
 0002:00008A34       .35
 0002:00008EEC       .36
 0002:00008D8C       .36
 0002:00008CE4       .4
 0002:00008D3C       .4
 0002:00008E8C       .41
 0002:00008EBC       .41
 0002:00008DC8       .42
 0002:00008AF4       .45
 0002:00008A9C       .5
 0002:000087D8       .5
 0002:00008D74       .5
 0002:00008EF0       .5
 0002:000075BC       .5
 0002:000076BC       .5
 0002:00008C10       .6
 0002:00008AE4       .6
 0002:00008DEC       .72
 0002:00008D7C       .72
 0002:00008DCC       .73
 0002:00008D88       .8
 0002:00008E64       .8
 0002:00008D70       .8
 0002:00008AC0       .81
 0002:00008E7C       .9
 0002:00008F24       .9
 0001:00001C60       @AbstractError
 0001:00002D34       @AfterConstruction
 0001:00002B28       @AsClass
 0001:000020CC       @AStrCmp
 0001:00002D44       @BeforeDestruction
 0001:000028B0       @BoundErr
 0001:00002B74       @CallDynaInst
 0001:00002CDC       @ClassCreate
 0001:00002D2C       @ClassDestroy
 0001:00001F98       @Close
 0001:00001990       @Copy
 0001:000048A4       @CopyArray
 0001:00004788       @CopyRecord
 0001:00004A10       @DispCallByIDError
 0001:0006DBF8       @DispInvokeError
 0001:000049AC       @Dispose
 0001:00003284       @DoneExcept
 0001:000051A0       @DynArrayAddRef
 0001:00005178       @DynArrayAsg
 0001:0000513C       @DynArrayClear
 0001:00005028       @DynArrayCopy
 0001:00005048       @DynArrayCopyRange
 0001:00004E68       @DynArrayHigh
 0001:00004E60       @DynArrayLength
 0001:0000501C       @DynArraySetLength
 0001:0000336C       @ExceptionHandler
 0001:0000213C       @FillChar
 0001:00004764       @Finalize
 0001:00004678       @FinalizeArray
 0001:0000462C       @FinalizeRecord
 0001:00002B8C       @FindDynaInst
 0001:00001F8C       @Flush
 0001:000028A4       @FpuInit
 0001:000027E0       @FpuMaskInit
 0001:000017F0       @FreeMem
 0001:000017D0       @GetMem
 0001:00005F3C       @GetTls
 0001:000037D0       @Halt
 0001:000036F8       @Halt0
 0001:00002E58       @HandleAnyException
 0001:00003144       @HandleAutoException
 0001:0000310C       @HandleFinally
 0001:00002F84       @HandleOnException
 0001:00005F88       @InitExe
 0001:00004620       @Initialize
 0001:0000458C       @InitializeArray
 0001:0000455C       @InitializeRecord
 0001:000035A0       @InitImports
 0001:00003578       @InitResStringImports
 0001:00003554       @InitResStrings
 0001:000035C4       @InitWideStrings
 0001:00005868       @IntfAddRef
 0001:00005838       @IntfCast
 0001:000057F4       @IntfClear
 0001:0000580C       @IntfCopy
 0001:000028B8       @IntOver
 0001:00002B04       @IsClass
 0001:000027B0       @isNECWindows
 0001:00003D24       @LStrAddRef
 0001:00003888       @LStrArrayClr
 0001:000038B8       @LStrAsg
 0001:00003B3C       @LStrCat
 0001:00003B80       @LStrCat3
 0001:00003BF4       @LStrCatN
 0001:00003864       @LStrClr
 0001:00003C80       @LStrCmp
 0001:00003D98       @LStrCopy
 0001:00003DD8       @LStrDelete
 0001:00003AE4       @LStrFromArray
 0001:00003A4C       @LStrFromChar
 0001:00003A6C       @LStrFromPChar
 0001:00003954       @LStrFromPCharLen
 0001:00003A9C       @LStrFromPWChar
 0001:000039C0       @LStrFromPWCharLen
 0001:00003AD8       @LStrFromString
 0001:00003A5C       @LStrFromWChar
 0001:00003AFC       @LStrFromWStr
 0001:00003E20       @LStrInsert
 0001:000038FC       @LStrLAsg
 0001:00003B34       @LStrLen
 0001:00003F28       @LStrOfChar
 0001:00003E7C       @LStrPos
 0001:00003EC4       @LStrSetLength
 0001:00003D34       @LStrToPChar
 0001:00003B10       @LStrToString
 0001:00004998       @New
 0001:00003928       @NewAnsiString
 0001:00003FF8       @NewWideString
 0001:00072348       @OleVarFromInt
 0001:0007264C       @OleVarFromLStr
 0001:00072708       @OleVarFromVar
 0001:000024C4       @Pow10
 0001:00002048       @PStrCmp
 0001:00002020       @PStrCpy
 0001:00001FF0       @PStrNCat
 0001:0000202C       @PStrNCpy
 0001:00003230       @RaiseAgain
 0001:00003208       @RaiseExcept
 0001:0000215C       @RandInt
 0001:00001810       @ReallocMem
 0001:00001CD4       @RewritText
 0001:00001C30       @ROUND
 0001:000037DC       @RunError
 0001:0000249C       @SetEq
 0001:00001BE0       @SetLength
 0001:00002444       @SetRange
 0001:000024B0       @SetUnion
 0001:00003514       @StartExe
 0001:00004C14       @Str0Int64
 0001:000021D8       @Str0Long
 0001:00004B54       @StrInt64
 0001:000003A0       @strlen
 0001:00002178       @StrLong
 0001:00001C3C       @TRUNC
 0001:000032B4       @TryFinallyExit
 0001:00003D8C       @UniqueStringA
 0001:00004C30       @ValInt64
 0001:000021E4       @ValLong
 0001:00073198       @VarAddRef
 0001:00073940       @VarArrayGet
 0001:00073A30       @VarArrayPut
 0001:0006E750       @VarCast
 0001:0006DEE4       @VarClear
 0001:0006DEF8       @VarClr
 0001:00004660       @VarClr
 0001:000751E8       @VarCmpEQ
 0001:00075218       @VarCmpGT
 0001:00075208       @VarCmpLT
 0001:000751F8       @VarCmpNE
 0001:0006E20C       @VarCopy
 0001:00004770       @VarCopy
 0001:0006E48C       @VarCopyNoInd
 0001:000724DC       @VarFromBool
 0001:00072368       @VarFromByte
 0001:0007252C       @VarFromCurr
 0001:00072484       @VarFromCurrency
 0001:000724B0       @VarFromDate
 0001:00072620       @VarFromDisp
 0001:00072458       @VarFromDouble
 0001:000722EC       @VarFromInt
 0001:00072408       @VarFromInt64
 0001:00072328       @VarFromInteger
 0001:000725F4       @VarFromIntf
 0001:000723A8       @VarFromLongWord
 0001:00072540       @VarFromLStr
 0001:0007256C       @VarFromPStr
 0001:00072504       @VarFromReal
 0001:000723C8       @VarFromShortInt
 0001:00072434       @VarFromSingle
 0001:000723E8       @VarFromSmallInt
 0001:00072518       @VarFromTDateTime
 0001:00072388       @VarFromWord
 0001:000725BC       @VarFromWStr
 0001:0006DC4C       @VarNull
 0001:0006E4A0       @VarStringToOleStr
 0001:0006FF1C       @VarToBool
 0001:0006FBD4       @VarToBoolean
 0001:0006F014       @VarToByte
 0001:00070DC0       @VarToCurrency
 0001:00070858       @VarToDate
 0001:00072240       @VarToDisp
 0001:000700E8       @VarToDouble
 0001:0006F5D8       @VarToInt64
 0001:0006EB14       @VarToInteger
 0001:00072174       @VarToIntf
 0001:0006F28C       @VarToLongWord
 0001:00071474       @VarToLStr
 0001:00070464       @VarToReal
 0001:0006EF64       @VarToShortInt
 0001:00070480       @VarToSingle
 0001:0006F0BC       @VarToSmallInt
 0001:0006F1B4       @VarToWord
 0001:00071B9C       @VarToWStr
 0001:00003F54       @Write0LString
 0001:00003F7C       @Write0WString
 0001:000022FC       @WriteBytes
 0001:000023CC       @WriteLn
 0001:00003F5C       @WriteLString
 0001:00002350       @WriteSpaces
 0001:00003F84       @WriteWString
 0001:0000453C       @WStrAddRef
 0001:00004038       @WStrArrayClr
 0001:0000405C       @WStrAsg
 0001:000041F0       @WStrCat
 0001:00004250       @WStrCat3
 0001:000042B4       @WStrCatN
 0001:00004020       @WStrClr
 0001:000042FC       @WStrCmp
 0001:00004380       @WStrCopy
 0001:000043CC       @WStrDelete
 0001:00004190       @WStrFromArray
 0001:000041C4       @WStrFromLStr
 0001:00004088       @WStrFromPCharLen
 0001:00004148       @WStrFromPWChar
 0001:00004114       @WStrFromPWCharLen
 0001:00004184       @WStrFromString
 0001:000041A8       @WStrFromWArray
 0001:00004138       @WStrFromWChar
 0001:0000445C       @WStrInsert
 0001:00004080       @WStrLAsg
 0001:000041E4       @WStrLen
 0001:000044F8       @WStrSetLength
 0001:000041D4       @WStrToPWChar
 0001:00002420       @_CLenToPasStr
 0001:00002414       @_CToPasStr
 0001:00001960       @_IOTest
 0001:00004A3C       @_lldiv
 0001:00004AB8       @_llmod
 0001:00004A18       @_llmul
 0001:00004B34       @_llshl
 0001:0006A30C       Abort
 0001:000B55CC       AbsMin
 0001:0006A6D8       AbstractErrorHandler
 0002:0000702C       AbstractErrorProc
 0002:00003A0C       AccessMode
 0001:000018BC       AcquireExceptionObject
 0002:00008854       ActionHandlers
 0002:00008858       ActionHandlersOO
 0001:00079428       ActivateClassGroup
 0001:00006B0C       ActivateKeyboardLayout
 0002:00008E20       ActiveDrag
 0001:0002E804       ActiveX
 0001:000C4AE8       ActnList
 0001:000004DC       AddBlockAfter
 0001:000DCA3C       AddChars
 0002:00002E38       AddCmdLineToBugRep
 0001:00013B98       AddCodeArea
 0001:000505CC       AddColumnStr
 0001:000DFAE4       AddCurrency
 0001:000DF2B4       AddCurrencySymbol
 0002:00003E54       AddDataModule
 0001:000631B0       AddDevice
 0001:000DEBC0       AddDigit
 0001:00065F10       AddExitProc
 0001:000E82F8       AddFieldDefs
 0001:000E8554       AddFields
 0001:000459BC       AddFields
 0001:0010BFA0       AddFields
 0001:0007D10C       AddFinished
 0001:000216EC       AddFunction
 0001:00049C30       AddHeaderInfo
 0001:000C82E4       AddIn
 0002:00008FAC       AddInputBox
 0001:0002B2F8       AddItem
 0001:000640D0       AddItem
 0001:00057B70       AddItem
 0001:0005AAB4       AddItem
 0001:00014F2C       AddLine
 0001:00022564       AddLink
 0001:000DFDD4       AddLiterals
 0001:000336D4       AddMEProperty
 0001:00118804       AddMessage
 0001:00023EFC       AddMinDebugInfoItem
 0001:000212B4       AddModule
 0001:00005698       AddModuleUnloadProc
 0001:00005688       AddModuleUnloadProc
 0001:0000E680       AddMsgHandler
 0001:0000E4E0       AddMsgHandler_
 0001:000DF394       AddNegCurrencySymbol
 0001:000DE128       AddNormalizedFractions
 0001:0007D144       AddNotFinished
 0001:000DEBA4       AddOneChar
 0001:000572F4       AddPatch
 0001:00025ACC       AddPngPart
 0001:00060C20       AddPtr
 0001:00013D34       AddSpecialBlock
 0001:00022934       AddStackItem
 0001:000DCAF8       AddStrings
 0001:0007DB68       AddSubComponentsToLoaded
 0002:00004B70       AdjustAmt
 0002:00004B68       AdjustAmt
 0002:00004B60       AdjustAmt
 0002:00004B78       AdjustAmt
 0001:00087574       AdjustColor
 0001:00095360       AdjustColors
 0001:000DD554       AdjustDecimalPosition
 0001:000F3508       AdjustFirstRecord
 0001:00066308       AdjustLineBreaks
 0001:000CFC40       Adjustment
 0001:000DE480       AdjustNibbles
 0001:00006B14       AdjustWindowRectEx
 0001:000259A4       Adler32
 0001:0006BAAC       AL1
 0002:00003BDC       AL1s
 0001:0006BABC       AL2
 0002:00003BEC       AL2s
 0002:00005A24       AlignFlags
 0002:0000437C       Alignments
 0002:000049F0       Alignments
 0002:000046C4       Alignments
 0002:00004684       Alignments
 0002:0000475C       Alignments
 0002:000049E0       Alignments
 0002:00004590       AlignStyles
 0001:000BACA8       AlignWork
 0001:000D6C78       AlignWork
 0001:00006174       AllocateAndInitializeSid
 0001:00083444       AllocateHWnd
 0001:00090E5C       AllocFilterStr
 0001:00065EC4       AllocMem
 0002:000075B4       AllocMemCount
 0002:000075B8       AllocMemSize
 0001:00055938       AllocOutOfMemoryInsurance
 0001:0008C8CC       AllocPatternBitmap
 0001:00005EE4       AllocTlsBuffer
 0001:0000E450       AllowWindowMessage
 0001:0006BAEC       ALR
 0001:0006BAD4       ALV
 0002:00002EDC       AmHttpServer
 0002:00002F5C       AmInMeInit
 0002:00002F60       AmInModuleFinal
 0002:00003790       AmInTraceProcess
 0002:00002F58       AmMeBpl
 0001:0003E66C       AmOnline
 0002:0000379C       AmSyncingHandlers
 0001:0004FFEC       AnalyzePiece
 0001:000808C8       AncestorIsValid
 0002:000047CC       AnchorAlign
 0002:000047C0       AnimateWindowProc
 0002:000048C8       AnimationStyle
 0001:000660F0       AnsiCompareStr
 0001:00066128       AnsiCompareText
 0001:00066208       AnsiExtractQuotedStr
 0001:00066A50       AnsiLastChar
 0001:00006B1C       AnsiLower
 0001:000660BC       AnsiLowerCase
 0001:0006B090       AnsiLowerCaseFileName
 0001:0006B058       AnsiPos
 0001:000CCAF8       AnsiSameCaption
 0001:00066160       AnsiSameText
 0001:00066178       AnsiStrIComp
 0001:00066198       AnsiStrLIComp
 0001:0006B1A8       AnsiStrPos
 0001:0006B248       AnsiStrRScan
 0001:0006B270       AnsiStrScan
 0001:00042EC4       AnsiToGlobalUnicode
 0001:001183FC       AnsiToNative
 0001:00118488       AnsiToNativeBuf
 0001:00005C80       AnsiToUtf8
 0001:00066088       AnsiUpperCase
 0001:0006B11C       AnsiUpperCaseFileName
 0002:000037BC       AntiFreezeCnt
 0002:000037B8       AntiFreezeMsg
 0002:000037C0       AntiFreezePause
 0002:000037C4       AntiFreezePauseEvent
 0002:000037C8       AntiFreezeStopEvent
 0002:000037B0       AntiFreezeTh
 0001:00037D5C       AntiFreezeThread
 0002:000037AC       AntiFreezeTid
 0002:000037CC       AntiFreezeTls
 0002:000037B4       AntiFreezeWnd
 0001:000720FC       AnyToIntf
 0001:00068560       AppendChars
 0001:00068924       AppendFormat
 0001:000685C4       AppendNumber
 0001:000685A4       AppendString
 0002:00008E84       Application
 0002:00003E64       ApplicationHandleException
 0001:00117C28       ApplicationHandleException
 0002:00003E6C       ApplicationShowException
 0001:000215C8       ApproveFunction
 0001:00021604       ApproveFunction
 0002:00004B30       AppVisible
 0002:000038E8       Armadillo
 0002:00004DA0       ArrowKey
 0001:0006A6BC       AssertErrorHandler
 0002:00007024       AssertErrorProc
 0001:00123F8C       AssignFields
 0001:000764A8       AssignLongStr
 0001:00076B24       AssignVariant
 0001:00006B24       AttachThreadInput
 0001:000E8E0C       AttributeSetStored
 0002:0000760C       avail
 0002:00002DA4       b64
 0001:00066C54       BackfillGetDiskFreeSpaceEx
 0001:000B8188       BackgroundClipped
 0001:0006C918       BackupVarBoolFromStr
 0001:0006CA78       BackupVarBStrFromBool
 0001:0006C998       BackupVarBStrFromCy
 0001:0006CA08       BackupVarBStrFromDate
 0001:0006C8AC       BackupVarCyFromStr
 0001:0006C840       BackupVarDateFromStr
 0001:0006C6FC       BackupVarI4FromStr
 0001:0006C6A8       BackupVariantChangeTypeEx
 0001:0006C768       BackupVarR4FromStr
 0001:0006C7D4       BackupVarR8FromStr
 0002:00001500       BaseDistance
 0002:00004D78       BaseFieldTypes
 0002:0000148C       BaseLength
 0002:00003D24       BaseTypeMap
 0002:00000450       BcbInitExceptBlockLDTC
 0001:000DEA54       BcdAdd
 0001:000DE630       BcdCompare
 0001:000DF724       BcdCurrencyFormat
 0001:000DE898       BcdDivide
 0001:000DE9E8       BcdDivide
 0001:000DBC1C       BcdError
 0001:000DBBAC       BcdErrorFmt
 0001:000DF0D4       BcdFixedOrNumberFormat
 0001:000DF070       BcdGeneralFormat
 0001:000DE734       BcdMultiply
 0001:000DE82C       BcdMultiply
 0001:000DEEC8       BcdScale
 0001:000DF088       BcdScientificFormat
 0001:000DE6F8       BcdSubtract
 0001:000DEFC4       BCDToCurr
 0001:000DC610       BcdToDouble
 0001:000DED84       BcdToStr
 0001:000DF810       BcdToStrF
 0001:00103204       BDE
 0001:00118208       BdeCallBack
 0001:001158E8       bdeconst
 0002:00008F94       BDEInitProcs
 0001:0006ACB0       Beep
 0001:0000622C       Beep
 0001:00006B2C       BeginDeferWindowPos
 0001:000797FC       BeginGlobalLoading
 0001:00006B34       BeginPaint
 0001:00003820       BeginThread
 0002:000038EC       BeginThread_Begin
 0002:000038F0       BeginThread_End
 0001:00087580       BetterSize
 0001:00094C50       BevelLine
 0001:00094B60       BevelRect
 0001:000C9158       BiDiDraw
 0001:0002EEF0       bind
 0001:00082050       BinToHex
 0001:00006824       BitBlt
 0002:00004500       BitBtnCaptions
 0002:00008D40       BitBtnGlyphs
 0002:000016B0       BitLengthOrder
 0002:000041F0       BitmapCanvasList
 0002:00008B48       BitmapImageLock
 0002:00001930       BitOrder
 0001:00016D1C       BitReverse
 0001:000172D0       BitsWindup
 0001:0006C6E4       BiUnimplemented
 0001:000DD3F0       BlankArgument
 0002:00005B04       BlobTypeMap
 0002:00003F0C       BlockCode
 0002:000075E4       blockDescBlockList
 0002:000075E8       blockDescFreeList
 0002:00003E48       BooleanIdents
 0001:0000838C       BooleanToCharW
 0002:00003D20       BooleanToStringRule
 0001:00028FE0       BooleanValue
 0002:00005A50       BoolFalse
 0001:00066858       BoolToStr
 0001:000711FC       BoolToWStrViaOS
 0002:00004A6C       BorderStyles
 0002:00004374       BorderStyles
 0002:0000467C       BorderStyles
 0001:00026050       Bottom
 0002:0000383C       Boundary
 0001:00078740       Bounds
 0001:00006040       Bounds
 0002:00004988       Breaks
 0001:00006B3C       BringWindowToTop
 0002:00008B80       BrushManager
 0002:000059F4       BtnHintId
 0001:000E6F34       BuffersEqual
 0001:000F2BD4       BufferToByteArray
 0002:00002EE0       BugReportHtml
 0001:000F7C5C       Build
 0001:00017718       BuildBitLengthTree
 0001:000190A0       BuildHuffmanTables
 0001:000CB90C       BuildImage
 0001:00017088       BuildTree
 0002:0000431C       ButtonCaptions
 0002:00004530       ButtonCount
 0002:000042F0       ButtonNames
 0001:00099C80       Buttons
 0002:00004A04       Buttons
 0002:000045C4       ButtonStates
 0002:000045D4       ButtonStyles
 0002:00004754       ButtonStyles
 0002:00008CF8       ButtonWidths
 0001:000F2C88       ByteArrayToBuffer
 0001:00086D60       BytesPerScanline
 0001:000870B8       ByteSwapColors
 0001:0006AD94       ByteToCharIndex
 0001:0006AD6C       ByteToCharLen
 0001:0006AD30       ByteType
 0001:0006ACB8       ByteTypeTest
 0002:00000A40       C3dNowLabels
 0002:00008E6C       CachedComCtrlVer
 0002:000038B4       CAdminSia
 0001:000FA0E8       CalcAxis
 0001:000FAE10       CalcAxis
 0001:000FA32C       CalcAxisState
 0001:00060E0C       CalcCheckSum
 0001:00014788       CalcCodeBegin
 0001:0001B9D4       CalcCryptPassword
 0001:000FA174       CalcFixedAxis
 0001:00083380       CalcJmpOffset
 0001:000FA288       CalcMaxCell
 0001:00011DAC       CalcMSize
 0001:000FC2BC       CalcPageExtents
 0001:000DF9D4       CalcPrecisionAndDigits
 0001:000FBBB8       CalcScroll
 0001:000FB220       CalcScrollBar
 0001:000A2EE4       CalcSize
 0001:000FBF1C       CalcSizeInfo
 0001:000C2A50       CalcSplitterPos
 0001:000EEC68       CalcTotalSize
 0001:00027A28       CalculateArea
 0001:000E8E4C       CalculatedStored
 0001:00027B4C       CalculateRegion
 0001:0002F2E0       CalibrateCode
 0002:00002ED8       CalibrateData
 0002:00003934       CalibrateLeakCheckingProc
 0001:0006127C       CalibrateModule
 0001:00061424       CalibrateModules
 0001:00006B44       CallNextHookEx
 0001:0006BA70       CallTerminateProcs
 0001:0005EFFC       CallThreadProcSafe
 0001:00006B4C       CallWindowProc
 0001:00006B54       CallWindowProcA
 0001:00006B5C       CallWindowProcW
 0001:0011E2D4       CanBlockRead
 0001:000B6604       CancelDrag
 0001:000F4308       CancelNestedDataSets
 0001:000DD380       CanUseShort
 0002:00008B84       CanvasList
 0002:00008E34       CanvasList
 0002:000042C8       Captions
 0002:00004884       CaptureControl
 0001:000F826C       CaretPos
 0002:00004928       cBooleanToItemAutoFlag
 0002:00003D54       CBooleanToRelationship
 0002:00005B48       CBRetCode
 0002:00000A38       Ccc
 0002:00003784       CDfmHeader
 0002:00000C44       CEmptyFunctionInfo
 0002:0000381C       CEncodeMailto
 0002:000037FC       CEncodeSmtp
 0001:0009076C       CenterWindow
 0002:00000444       CErrorStr_InvalidCode
 0002:00002F94       CEveryoneSia
 0002:00008D2E       CF_COMPONENT
 0002:00008D2C       CF_PICTURE
 0002:00002F30       CGIApp_TCGIApplication_CGIHandleException
 0002:00008AB8       ChangeAnyProc
 0001:000B4B30       ChangeBiDiModeAlignment
 0001:00066AD0       ChangeFileExt
 0002:00004708       CharCases
 0002:000046A4       CharCases
 0001:00003984       CharFromWChar
 0001:0006AF68       CharLength
 0001:00006B64       CharLowerBuff
 0001:00006B6C       CharNext
 0001:00000310       CharNext
 0001:0008544C       CharsetToIdent
 0001:0006AE7C       CharToByteIndex
 0001:0006AEE0       CharToByteLen
 0001:00006B74       CharToOem
 0001:00006B7C       CharToOemA
 0001:00006B84       CharToOemBuff
 0001:00006B8C       CharUpperBuff
 0001:001187A0       Check
 0001:00013DF8       CheckAddTarget
 0001:00031D60       CheckAutoBtn
 0001:00054C84       CheckAutoSave
 0001:00054F30       CheckAutoStuff
 0001:00087B48       CheckBool
 0001:0004C9C8       CheckColDec
 0001:000167CC       CheckDstMap
 0001:00018394       CheckDstMap
 0001:000380DC       CheckEMailAddress
 0001:00032BD8       CheckExceptAddr
 0001:00032A50       CheckExceptParams
 0001:00060E68       CheckFileCrc
 0001:0005D124       CheckFilters
 0001:0010EDCC       CheckForPassthroughs
 0001:00021C64       CheckFunctionAreas
 0001:00012E2C       CheckFunctionName
 0001:0012015C       CheckIfParentScrolled
 0001:00117964       CheckIndexOpen
 0001:00002DD4       CheckJmp
 0001:00006B94       CheckMenuItem
 0001:0004D630       CheckNcLabel
 0001:000F30F4       CheckNestedBrowseMode
 0001:000108AC       CheckPrefix
 0002:0000041C       CheckProcAddress
 0001:00011544       CheckRegState
 0001:00060B04       CheckRestart
 0002:00004978       Checks
 0001:000DB798       CheckSqlTimeStamp
 0001:0001816C       CheckSrcMap
 0001:000165DC       CheckSrcMap
 0001:00013000       CheckStringData
 0001:0007DBA4       CheckSubComponents
 0001:00082158       CheckSynchronize
 0001:00011290       CheckTarget
 0001:000CF674       CheckTaskWindow
 0001:000162D0       CheckTryRead
 0001:00072858       CheckType
 0001:000B62B8       CheckUndock
 0001:0006ABA4       CheckWin32Version
 0001:00043A10       ChooseAuthScheme
 0002:00003D3C       CInvalidCustomVariantType
 0002:0000492C       cItemAutoFlagToBoolean
 0002:00004924       cItemAutoFlagToMenu
 0002:00000454       CKernel32
 0002:00000458       CKernelbase
 0001:000835D0       Classes
 0002:00002F2C       Classes_CheckSynchronize
 0001:000791EC       ClassNotFound
 0002:00005A64       Class_SMClient
 0002:00008AB4       ClearAnyProc
 0001:00084CDC       ClearColor
 0001:000447C4       ClearEmail
 0001:000E0F8C       ClearExcepInfo
 0001:00032A08       ClearLastException
 0002:00003944       ClearLeaksProc
 0001:0010E418       ClearSelection
 0001:0002FE88       ClearTempPath
 0001:00074468       ClearVariantTypeList
 0001:00006B9C       ClientToScreen
 0001:000BFFF4       ClientToWindow
 0001:000973F8       Clipboard
 0002:000041E8       ClipboardFormats
 0001:000974E4       Clipbrd
 0001:00062C84       Close
 0001:00037F84       CloseAntiFreeze
 0002:00002E40       CloseAppExitCode
 0001:0004C7C0       CloseApplication
 0001:000402A4       CloseAttachFiles
 0001:000257A8       CloseBmp
 0001:00006BA4       CloseClipboard
 0001:0005FB98       CloseCreateThreadHook
 0001:0003784C       CloseFireHandlers
 0001:000002B0       CloseHandle
 0001:00006234       CloseHandle
 0001:000557F8       CloseHandleExceptionThread
 0001:0005FDF0       CloseMessageHooks
 0001:0002EEF8       closesocket
 0002:00008C18       CloseThemeData
 0002:00002E28       CMadExceptVersionString
 0002:00000440       CMadToolsMsgHandlerWindow
 0002:00002E00       CMapFileStreamDescriptor
 0002:00007040       CmdLine
 0002:0000703C       CmdShow
 0002:00004920       cMenuAutoFlagToItem
 0002:00003004       CMEProperties
 0002:00003840       CMonths
 0002:00003D60       CmpTypeMap
 0001:0006C6F0       CmpUnimplemented
 0002:00000384       CNetMsg
 0002:00000394       CNetMsg
 0002:0000017C       CNtDll
 0002:00002F7C       CNtObjAttr
 0002:00004BF0       CoAddRefServerProcess
 0001:0002E7B0       CoCreateInstance
 0002:00004BE8       CoCreateInstanceEx
 0001:00011C60       CodeToHex
 0002:00004C00       CoInitFlags
 0001:0002E7A0       CoInitialize
 0002:00004BEC       CoInitializeEx
 0001:00079AB8       CollectionsEqual
 0001:000230F0       CollectPossibleStackItems
 0001:00026B18       ColorLookup
 0002:00003F68       Colors
 0001:00085244       ColorToIdent
 0002:00004388       ColorToPretyName
 0001:00085234       ColorToRGB
 0001:00050574       ColumnExists
 0001:0000682C       CombineRgn
 0002:000046F4       ComboBoxStyles
 0002:00008EC4       ComClassManagerVar
 0001:000E043C       ComConst
 0002:0000881C       ComCtl32DLL
 0002:00008D98       ComCtlVersion
 0001:000A56EC       ComCtrls
 0002:00008E80       CommandPool
 0001:0002E99C       CommCtrl
 0001:0002EB60       CommDlg
 0001:000007BC       Commit
 0002:00007628       committedRoot
 0001:000E1254       ComObj
 0001:000DE400       CompactBcd
 0001:000DC7DC       CompareDigits
 0001:000F7FC8       CompareExtents
 0001:000C78C8       CompareFront
 0001:00049D7C       CompareHeaderInfo
 0001:00065FF0       CompareMem
 0001:000DE1E0       CompareNormalizedFractions
 0001:00065FC0       CompareStr
 0001:0000623C       CompareString
 0001:000084A0       CompareText
 0001:00066010       CompareText
 0002:00000144       CompareTextW
 0001:00066780       CompareWith
 0001:00056270       CompletePhaseHandlerExists
 0001:000300EC       CompName
 0001:0007DC84       ComponentCreated
 0001:00024300       ComposeResult
 0001:0001A544       Compress
 0001:00025A04       CompressBitmap
 0001:00017878       CompressBlock
 0001:00017C18       CompressEx
 0001:00087918       ComputeAldusChecksum
 0001:00096E98       ComStrs
 0001:00121C08       ConcatField
 0001:0002EF00       connect
 0001:0008397C       Consts
 0001:00037308       ContainsSyncHandler
 0001:0008CDCC       Contnrs
 0002:00008DF2       ControlAtom
 0002:00008DF8       ControlAtomString
 0001:000D4500       ControlHasHelp
 0001:000C37F0       Controls
 0002:00003E98       Convert
 0002:00003E88       Convert
 0001:0006A0AC       ConvertAddr
 0001:000686B4       ConvertEraString
 0001:00065E88       ConvertError
 0001:00065EA0       ConvertErrorFmt
 0001:0002BB98       ConvertObject
 0001:0002B6E8       ConvertProperty
 0001:0006881C       ConvertYearString
 0002:00000464       COpcodeFlags
 0002:00000664       COpcodeFlags0f
 0002:00000864       COpcodeFlagsEx
 0002:00000A44       COpcodeLabelIndex
 0002:00000B44       COpcodeLabelIndex0f
 0002:00000A3C       COpcodeLabels
 0001:00004E70       CopyArray
 0001:00089E28       CopyBitmap
 0001:0008A4F0       CopyBitmapAsMask
 0001:0001778C       CopyBlock
 0001:000DF05C       CopyByte
 0001:00006834       CopyEnhMetaFile
 0002:00001874       CopyExtra
 0001:00006244       CopyFile
 0001:0000624C       CopyFileA
 0001:00006254       CopyFileW
 0001:00099A80       CopyImage
 0002:00001704       CopyLengths
 0002:00001780       CopyLiteralExtra
 0002:000017FC       CopyOffsets
 0001:0008A48C       CopyPalette
 0001:00008224       CopyR
 0002:00004618       Copyright
 0001:000CA9B8       CopyToBest
 0002:00004BF4       CoReleaseServerProcess
 0002:00004BF8       CoResumeClassObjects
 0002:000003A0       COsDescr
 0002:00004BFC       CoSuspendClassObjects
 0001:000227D0       CouldBeAfterCall
 0001:0002E7A8       CoUninitialize
 0001:0006ADEC       CountChars
 0002:00008B60       CounterLock
 0002:00005B94       Countries
 0002:00001D5C       CPArr
 0002:00003D40       CRangeToType
 0002:00002EF0       CrashOnOverrun
 0002:00001958       crc32Tab
 0002:0000045C       CReadProcessMemory
 0001:0006A600       CreateAssertException
 0001:0002E510       CreateAssistant
 0001:0006A788       CreateAVObject
 0001:0005E5A4       CreateAVStr
 0001:0000683C       CreateBitmap
 0001:000256EC       CreateBmp
 0001:00006844       CreateBrushIndirect
 0001:0005252C       CreateButton
 0001:0000684C       CreateCompatibleBitmap
 0001:00006854       CreateCompatibleDC
 0001:0007DD04       CreateComponent
 0001:0000685C       CreateDC
 0001:0000686C       CreateDIBitmap
 0001:00006864       CreateDIBSection
 0001:0000625C       CreateDirectoryA
 0001:00006264       CreateDirectoryW
 0001:0000626C       CreateEvent
 0001:00006274       CreateEventA
 0001:000F1C68       CreateFieldDefs
 0001:0000627C       CreateFile
 0001:000002B8       CreateFileA
 0001:00006284       CreateFileA
 0001:00006294       CreateFileMapping
 0001:0000629C       CreateFileMappingA
 0001:000062A4       CreateFileMappingW
 0001:0000628C       CreateFileW
 0001:00006874       CreateFont
 0001:0000687C       CreateFontA
 0001:00006884       CreateFontIndirect
 0001:0000688C       CreateHalftonePalette
 0001:00006BAC       CreateIcon
 0001:0006A52C       CreateInOutError
 0001:000510AC       CreateListView
 0001:0002D79C       CreateMainButton
 0001:0002D3D4       CreateMainWindow
 0001:00006BB4       CreateMenu
 0001:00091B74       CreateMessageDialog
 0001:000062B4       CreateMutex
 0001:000062DC       CreateMutexA
 0001:00006894       CreatePalette
 0001:0000689C       CreatePen
 0001:000068A4       CreatePenIndirect
 0001:000062FC       CreatePipe
 0001:00025B8C       CreatePng
 0001:00006BBC       CreatePopupMenu
 0001:00006304       CreateProcessA
 0001:0000630C       CreateProcessW
 0001:000068AC       CreateRectRgn
 0001:000068B4       CreateRectRgnIndirect
 0002:00008908       CreateRemoteThreadExNext
 0002:00003908       CreateRemoteThreadHookAbsPos
 0002:0000390C       CreateRemoteThreadHookAbsRestore
 0002:00003900       CreateRemoteThreadHookRelPos
 0002:00003904       CreateRemoteThreadHookRelRestore
 0002:00008904       CreateRemoteThreadNext
 0001:000068BC       CreateSolidBrush
 0001:00087110       CreateSystemPalette
 0001:00006314       CreateThread
 0001:00000318       CreateThread
 0002:00003978       CreateToolhelp32Snapshot
 0001:000073B0       CreateWindow
 0001:00007408       CreateWindowA
 0001:000072A8       CreateWindowEx
 0001:00007300       CreateWindowExA
 0001:00007358       CreateWindowExW
 0001:00007460       CreateWindowW
 0001:0005242C       CreateWindow_
 0002:000047C4       CreationControl
 0002:00004264       CreationControl
 0002:000009B8       CRegLabels
 0002:00003E34       CRelationshipToBoolean
 0002:00003870       CRes
 0002:00003D04       CResult
 0002:00000398       CRtlNtStatusToDosError
 0002:0000038C       CRtlNtStatusToDosError
 0001:0001ACE0       crypt2dwords
 0001:0001B1B8       cryptBuf
 0002:00008F7C       CSAnsiToNative
 0002:00001DA4       CSArr
 0002:000047B0       CSHREDRAW
 0002:00003A04       cSimpleBoolStrs
 0002:00008F64       CSNativeToAnsi
 0002:00002FA4       CsVersion
 0002:00002F9C       CSystemSia
 0002:00003DDC       CText
 0002:000048C0       Ctl3DStyles
 0002:00004258       Ctl3DStyles
 0002:0000474C       Ctl3DStyles
 0001:000F8238       Ctrl
 0002:00007620       curAlloc
 0001:00072AEC       CurrCompare
 0002:0000892C       CurrencyDecimals
 0002:00008928       CurrencyFormat
 0002:00008924       CurrencyString
 0001:0006854C       CurrentYear
 0001:000DEF38       CurrToBCD
 0001:00067E28       CurrToStr
 0001:00067E90       CurrToStrF
 0001:0007118C       CurrToWStrViaOS
 0002:00004AA8       CursorMap
 0002:000047D4       Cursors
 0001:000B4E50       CursorToIdent
 0002:00004A98       cUseAlpha
 0002:00004AA0       cUseColorKey
 0002:00002E84       CustomizeSimpleMsgBox
 0002:00004608       CustomizeStyles
 0001:00026678       Cut
 0001:0004FE40       CutInPieces
 0002:000037D4       CValidChars
 0002:00003BFC       CVarTypeToElementInfo
 0001:000664D4       CvtInt
 0001:00066540       CvtInt64
 0002:0000039C       CWinErrNr
 0002:00000390       CWinErrNr
 0002:00000388       CWinHttp
 0002:00003A44       CWNear
 0002:00004BDC       CWNear
 0002:00000460       CWriteProcessMemory
 0002:000047B8       Data
 0001:000E6DA0       DatabaseError
 0001:000E6E4C       DatabaseErrorFmt
 0002:00005AE8       DataTypeMap
 0001:00072AC4       DateCompare
 0002:0000892D       DateSeparator
 0001:000F2B8C       DateTimeToNative
 0001:000DB6C8       DateTimeToSQLTimeStamp
 0001:00069164       DateTimeToStr
 0001:000690D8       DateTimeToString
 0001:00068080       DateTimeToTimeStamp
 0001:00069134       DateToStr
 0001:000711C4       DateToWStrViaOS
 0001:000DA71C       DateUtils
 0001:00068524       DayOfWeek
 0001:000DA6B4       DaysInAMonth
 0001:000F5254       DB
 0002:00008EE8       DBApplication
 0001:00115770       DBCommon
 0001:000DA98C       DBConsts
 0001:0010896C       DBCtrls
 0001:001117A8       DBGrids
 0001:00101C1A       DbiAcqPersistTableLock
 0001:00101C2C       DbiAcqTableLock
 0001:0010152A       DbiActivateFilter
 0001:00100E82       DbiAddAlias
 0001:00100DEC       DbiAddDriver
 0001:00101536       DbiAddFilter
 0001:00101A52       DbiAddIndex
 0001:00101BDE       DbiAddPassword
 0001:00101104       DbiAnsiToNative
 0001:001019F8       DbiAppendRecord
 0001:00100F30       DbiApplyDelayedUpdates
 0001:00101518       DbiBatchMove
 0001:001010D4       DbiBcdFromFloat
 0001:001010DA       DbiBcdToFloat
 0001:00100D80       DbiBeginConstraintLayer
 0001:00100F3C       DbiBeginDelayedUpdates
 0001:00101C68       DbiBeginLinkMode
 0001:00101506       DbiBeginTran
 0001:001018FC       DbiCfgAddRecord
 0001:00101914       DbiCfgBuildPath
 0001:001018F0       DbiCfgDropRecord
 0001:001018E4       DbiCfgGetHelp
 0001:00101908       DbiCfgGetNextNode
 0001:00101902       DbiCfgGetRecord
 0001:001018DE       DbiCfgMerge
 0001:001018F6       DbiCfgModifyRecord
 0001:0010190E       DbiCfgPosition
 0001:0010191A       DbiCfgSave
 0001:001018EA       DbiCfgTranslate
 0001:0010198C       DbiCheckRefresh
 0001:00100D68       DbiCheckSQLExpression
 0001:00101A82       DbiCloneCursor
 0001:00101122       DbiCloseConfigFile
 0001:00101D2E       DbiCloseCursor
 0001:00101D46       DbiCloseDatabase
 0001:00101086       DbiCloseFieldXlt
 0001:00101AAC       DbiCloseIndex
 0001:00101BE4       DbiCloseSession
 0001:00101A88       DbiCompareBookMarks
 0001:001019F2       DbiCompareKeys
 0001:00101A64       DbiCopyTable
 0001:00101C7A       DbiCreateInMemTable
 0001:00101A6A       DbiCreateTable
 0001:001019C8       DbiCreateTempTable
 0001:00100D50       DbiDatabaseFlush
 0001:00101AB8       DbiDateDecode
 0001:00101ABE       DbiDateEncode
 0001:00101524       DbiDeactivateFilter
 0001:001018B4       DbiDebugLayerOptions
 0001:00100E6A       DbiDeleteAlias
 0001:00100DE6       DbiDeleteDriver
 0001:00101A4C       DbiDeleteIndex
 0001:00101CEC       DbiDeleteRecord
 0001:00101A58       DbiDeleteTable
 0001:0010316D       DbiDLLExit
 0001:00101A34       DbiDoRestructure
 0001:00100E10       DbiDRAdd
 0001:00100F06       DbiDRAddAttr
 0001:00100F1E       DbiDRClose
 0001:00100EA0       DbiDRCreate
 0001:00100E64       DbiDRCreateEnumAttrDomain
 0001:00100F0C       DbiDRCreateObjectType
 0001:00100EFA       DbiDRCreateRelationType
 0001:00100E9A       DbiDRDelete
 0001:00100E58       DbiDRDeleteEnumAttrDomain
 0001:00100EEE       DbiDRDeleteObjectType
 0001:00100EF4       DbiDRDeleteRelationType
 0001:00100E0A       DbiDRDrop
 0001:00100F00       DbiDRDropAttr
 0001:00100F12       DbiDRExportToFile
 0001:00100ED0       DbiDRGetAttrDescs
 0001:00100F2A       DbiDRGetDesc
 0001:00100E52       DbiDRGetEnumAttrDomain
 0001:00100EB8       DbiDRGetObjID
 0001:00100ED6       DbiDRGetObjTypeInfo
 0001:00100E16       DbiDRGetRelatedObject
 0001:00100ECA       DbiDRGetRelTypeInfo
 0001:00100F18       DbiDRImportFromFile
 0001:00100EA6       DbiDRLoadDBObject
 0001:00100E5E       DbiDRModifyEnumAttrDomain
 0001:00100F24       DbiDROpen
 0001:00100EE2       DbiDROpenAttrTypeList
 0001:00100EE8       DbiDROpenObjectTypeList
 0001:00100EC4       DbiDROpenObjSet
 0001:00100EBE       DbiDROpenRelSet
 0001:00100EDC       DbiDROpenRelTypeList
 0001:00101530       DbiDropFilter
 0001:00101BD8       DbiDropPassword
 0001:00100EB2       DbiDRSetToObjID
 0001:00100EAC       DbiDRSetToObjName
 0001:00101A10       DbiEmptyTable
 0001:00100D6E       DbiEndConstraintLayer
 0001:00100F36       DbiEndDelayedUpdates
 0001:00101C62       DbiEndLinkMode
 0001:00101500       DbiEndTran
 0001:00118788       DbiError
 0001:001030ED       DbiExit
 0001:00101A9A       DbiExtractKey
 0001:00101BFC       DbiForceRecordReread
 0001:00101C08       DbiForceReread
 0001:001019BC       DbiFormFullName
 0001:00101B48       DbiFreeBlob
 0001:00100FD8       DbiFreeSQLRequest
 0001:00101B5A       DbiGetBlob
 0001:00101B42       DbiGetBlobHeading
 0001:00101B60       DbiGetBlobSize
 0001:00101A94       DbiGetBookMark
 0001:00101986       DbiGetCallBack
 0001:0010155A       DbiGetClientInfo
 0001:00101BEA       DbiGetCurrSession
 0001:00101C02       DbiGetCursorForTable
 0001:00101D3A       DbiGetCursorProps
 0001:00101BA8       DbiGetDatabaseDesc
 0001:001018D8       DbiGetDateFormat
 0001:00100E2E       DbiGetDefaultRepository
 0001:00101CCE       DbiGetDirectory
 0001:00101BB4       DbiGetDriverDesc
 0001:001019B0       DbiGetErrorContext
 0001:001019AA       DbiGetErrorEntry
 0001:001019E0       DbiGetErrorInfo
 0001:001019B6       DbiGetErrorString
 0001:001014B2       DbiGetExactRecordCount
 0001:00101ACA       DbiGetField
 0001:00101D34       DbiGetFieldDescs
 0001:00101B90       DbiGetFieldTypeDesc
 0001:00101098       DbiGetFilterInfo
 0001:00101AA0       DbiGetIndexDesc
 0001:00101116       DbiGetIndexDescs
 0001:00101A46       DbiGetIndexForField
 0001:00101A40       DbiGetIndexSeqNo
 0001:00101B84       DbiGetIndexTypeDesc
 0001:00101542       DbiGetLdName
 0001:001014E2       DbiGetLdNameFromDb
 0001:001019D4       DbiGetLdObj
 0001:00101C50       DbiGetLinkStatus
 0001:00101B18       DbiGetNetUserName
 0001:00101D16       DbiGetNextRecord
 0001:001018C0       DbiGetNumberFormat
 0001:001010F2       DbiGetObjFromName
 0001:001010A4       DbiGetObjFromObj
 0001:00101D10       DbiGetPriorRecord
 0001:001010FE       DbiGetProp
 0001:00101D0A       DbiGetRecord
 0001:00101CFE       DbiGetRecordCount
 0001:001019EC       DbiGetRecordForKey
 0001:00101D04       DbiGetRelativeRecord
 0001:0010105C       DbiGetRintDesc
 0001:00101CE6       DbiGetSeqNo
 0001:00101B1E       DbiGetSesInfo
 0001:00100FDE       DbiGetSQLRequest
 0001:00101B30       DbiGetSysConfig
 0001:00101B2A       DbiGetSysInfo
 0001:00101B36       DbiGetSysVersion
 0001:00101B6C       DbiGetTableOpenCount
 0001:00101B9C       DbiGetTableTypeDesc
 0001:001018CC       DbiGetTimeFormat
 0001:001014FA       DbiGetTranInfo
 0001:00101062       DbiGetVchkDesc
 0001:00100DE0       DbiImportODBC
 0001:000FF510       DbiInit
 0001:00102FF2       DbiInitFn
 0001:00101A7C       DbiInitRecord
 0001:00101CF8       DbiInsertRecord
 0001:00101C4A       DbiIsRecordLocked
 0001:00101C44       DbiIsTableLocked
 0001:00101C3E       DbiIsTableShared
 0001:00101C5C       DbiLinkDetail
 0001:00101C38       DbiLinkDetailToExp
 0001:00101B72       DbiLoadDriver
 0001:00101110       DbiMakePermanent
 0001:00101CF2       DbiModifyRecord
 0001:0010110A       DbiNativeToAnsi
 0001:00101B66       DbiOpenBlob
 0001:0010112E       DbiOpenCfgInfoList
 0001:00101128       DbiOpenConfigFile
 0001:00101D4C       DbiOpenDatabase
 0001:00101BAE       DbiOpenDatabaseList
 0001:00101BBA       DbiOpenDriverList
 0001:00101C98       DbiOpenFamilyList
 0001:00101CB0       DbiOpenFieldList
 0001:00101B96       DbiOpenFieldTypesList
 0001:00101074       DbiOpenFieldXlt
 0001:00101CBC       DbiOpenFileList
 0001:00100E8E       DbiOpenFunctionArgList
 0001:00100E94       DbiOpenFunctionList
 0001:00101AB2       DbiOpenIndex
 0001:00101CB6       DbiOpenIndexList
 0001:00101B8A       DbiOpenIndexTypesList
 0001:00101CAA       DbiOpenLdList
 0001:00101BCC       DbiOpenLockList
 0001:00100D62       DbiOpenNestedTable
 0001:00100D56       DbiOpenRef
 0001:00100E3A       DbiOpenRepositoryList
 0001:00101C9E       DbiOpenRintList
 0001:00101C80       DbiOpenSecurityList
 0001:00100E1C       DbiOpenSessionRepository
 0001:00101002       DbiOpenSPList
 0001:00100FFC       DbiOpenSPParamList
 0001:00101D40       DbiOpenTable
 0001:00101CC2       DbiOpenTableList
 0001:00101BA2       DbiOpenTableTypesList
 0001:00101BD2       DbiOpenUserList
 0001:00101CA4       DbiOpenVchkList
 0001:00101A16       DbiPackTable
 0001:00101B54       DbiPutBlob
 0001:00101AC4       DbiPutField
 0001:00101ADC       DbiQAlloc
 0001:00101AF4       DbiQExec
 0001:00101B00       DbiQExecDirect
 0001:00100FEA       DbiQExecProcDirect
 0001:00101AE2       DbiQFree
 0001:00101AD6       DbiQGetBaseDescs
 0001:00101AE8       DbiQInstantiateAnswer
 0001:00101AFA       DbiQPrepare
 0001:00100FE4       DbiQPrepareExt
 0001:00100FF6       DbiQPrepareProc
 0001:00101AEE       DbiQSetParams
 0001:00100FF0       DbiQSetProcParams
 0001:00101C74       DbiReadBlock
 0001:00101A0A       DbiRegenIndex
 0001:00101A04       DbiRegenIndexes
 0001:00101AD0       DbiRegisterCallBack
 0001:00101C14       DbiRelPersistTableLock
 0001:00101C20       DbiRelRecordLock
 0001:00101C26       DbiRelTableLock
 0001:00101A5E       DbiRenameTable
 0001:00101CDA       DbiResetRange
 0001:00101C0E       DbiSaveChanges
 0001:00100E04       DbiSchemaCacheFlush
 0001:00101BF0       DbiSetCurrSession
 0001:001018D2       DbiSetDateFormat
 0001:00100E34       DbiSetDefaultRepository
 0001:00101CC8       DbiSetDirectory
 0001:001019E6       DbiSetFieldMap
 0001:00101BC0       DbiSetLockRetry
 0001:001018BA       DbiSetNumberFormat
 0001:00101BC6       DbiSetPrivateDir
 0001:001010F8       DbiSetProp
 0001:00101CE0       DbiSetRange
 0001:001018C6       DbiSetTimeFormat
 0001:00101D28       DbiSetToBegin
 0001:00101A8E       DbiSetToBookMark
 0001:00101D1C       DbiSetToCursor
 0001:00101D22       DbiSetToEnd
 0001:00101CD4       DbiSetToKey
 0001:00101A3A       DbiSetToRecordNo
 0001:00101A76       DbiSetToSeqNo
 0001:001014F4       DbiSortTable
 0001:00100D8C       DbiSQLTextToCanEx
 0001:00101BF6       DbiStartSession
 0001:00101AA6       DbiSwitchToIndex
 0001:00101A28       DbiTimeDecode
 0001:00101A2E       DbiTimeEncode
 0001:00101A1C       DbiTimeStampDecode
 0001:00101A22       DbiTimeStampEncode
 0001:0010108C       DbiTranslateField
 0001:00101092       DbiTranslateRecordStructure
 0001:00101B4E       DbiTruncateBlob
 0001:0010154E       DbiUndeleteRecord
 0001:00101C56       DbiUnlinkDetail
 0001:001019CE       DbiUseIdleTime
 0001:0010107A       DbiValidateProp
 0001:00101A70       DbiVerifyField
 0001:00101C6E       DbiWriteBlock
 0001:00103998       DBLogDlg
 0001:00103F08       DBPWDlg
 0002:00008EE4       DBScreen
 0001:001249D4       DBTables
 0001:00105958       DBUseRightToLeftAlignment
 0002:00003A40       DCon10
 0001:00027D10       DcToBmp
 0002:00003F64       DDBsOnly
 0001:000834F8       DeallocateHWnd
 0002:0000002C       DebugHook
 0001:0004CA20       DecCol
 0001:000290B0       DecCol
 0002:0000892B       DecimalSeparator
 0001:00073CD8       DecIndices
 0001:0001B714       Decode
 0001:0001B5D4       Decode
 0002:00001D58       DecodeA
 0001:00068504       DecodeDate
 0001:000683B8       DecodeDateFully
 0001:0001E2A4       DecodeNameString
 0001:00068228       DecodeTime
 0001:0000AB8C       DecodeUtf8
 0001:00000850       Decommit
 0001:00000E6C       DecommitFree
 0002:000075FC       decommittedRoot
 0001:0001B384       Decrypt
 0001:00042CD0       DecryptPassword
 0001:0000AA68       DecryptStr
 0001:0000A27C       DecSepW
 0001:000D78D0       Default
 0001:000D2188       Default
 0002:00000024       Default8087CW
 0002:00004B38       DefaultBlank
 0001:00053C6C       DefaultBugReportHtml
 0002:000047C8       DefaultDockTreeClass
 0002:00004C18       DefaultFieldClasses
 0001:0011795C       DefaultSession
 0002:00000038       DefaultTextLineBreakStyle
 0002:000075C0       DefaultUserCodePage
 0002:000041B8       DefBrushData
 0001:00006BEC       DeferWindowPos
 0002:00003F38       DefFontData
 0001:00006BC4       DefFrameProc
 0002:00003AD0       DefLongDayNames
 0002:00003A84       DefLongMonthNames
 0001:00006BCC       DefMDIChildProc
 0002:00004198       DefPenData
 0002:00003AB4       DefShortDayNames
 0002:00003A54       DefShortMonthNames
 0001:00006BD4       DefWindowProc
 0001:00006BDC       DefWindowProcA
 0001:00006BE4       DefWindowProcW
 0001:0004D6AC       DefWindowProcX
 0001:000051DC       DelayLoadResourceModule
 0001:0000050C       DeleteBlock
 0001:0000047C       DeleteCriticalSection
 0001:0000631C       DeleteCriticalSection
 0001:000068C4       DeleteDC
 0001:000068CC       DeleteEnhMetaFile
 0001:00066A38       DeleteFile
 0001:00006324       DeleteFile
 0001:0000632C       DeleteFileA
 0001:00006334       DeleteFileW
 0001:00000CB4       DeleteFree
 0001:00022620       DeleteLink
 0001:00006BF4       DeleteMenu
 0001:000068D4       DeleteObject
 0001:0010E80C       DeletePrompt
 0001:000AE468       DeleteSelectedText
 0001:0000E8A8       DelMsgHandler
 0001:0000E68C       DelMsgHandler_
 0002:0000396C       DelphiAlignment
 0002:00002EEC       DelphiDebugMm
 0001:00033F74       DereferenceMeSettingsBuf
 0001:00034500       DereferenceMeSettingsModule
 0001:000899E4       DeselectBitmap
 0001:00006BFC       DestroyCursor
 0001:00006C04       DestroyIcon
 0001:00099BB0       DestroyLocals
 0001:00006C0C       DestroyMenu
 0001:00006C14       DestroyWindow
 0002:00002E3C       DetectConsole
 0001:000B20BC       DialogEnumerationTester
 0001:00090820       DialogHook
 0001:000923E4       Dialogs
 0002:000041F4       DIBPalSizes
 0002:00000094       dig
 0002:00005A20       Direction
 0001:000CF4C8       DisableTaskWindows
 0002:00002EE4       DisAsmFunc
 0001:00011E70       DisAsmModRm
 0001:000E09A0       DispatchInvoke
 0001:000E0F80       DispatchInvokeError
 0001:00006C1C       DispatchMessage
 0002:00002E04       DispatchMessageA
 0001:000D57E0       DispatchShortCut
 0001:000E0F9C       DispCall
 0001:000E1080       DispCallByID
 0002:00007000       DispCallByIDProc
 0001:000E0EAC       DispCallError
 0001:000E6F20       DisposeMem
 0002:0000118C       DistanceCode
 0001:00065E6C       DivMod
 0001:0008FFC4       Dlgs
 0001:00118228       DLLDetachCallBack
 0002:00003968       dllName
 0001:000BAB38       DoAlign
 0001:000D6B2C       DoAlign
 0001:000F2238       DoBindFields
 0001:000F9F80       DoCalc
 0001:000BECB4       DoCalcConstraints
 0001:000F9FE8       DoCalcRightToLeft
 0001:000FA770       DoChange
 0002:00008E28       DockSiteList
 0001:000CB5D8       DoClick
 0001:000F90EC       DoColWidths
 0001:000BC27C       DoControlMsg
 0001:000CF478       DoDisableWindow
 0001:000B5BE4       DoDragOver
 0001:00054DA4       DoExceptionAutoStuff
 0001:00065EE4       DoExitProc
 0001:000C0D24       DoFindControlZone
 0001:000CF5B4       DoFindWindow
 0001:000C12B0       DoFindZone
 0001:00037410       DoFireHandlers
 0001:000C0DA8       DoForEach
 0001:000C26B4       DoGetNextLimit
 0001:00015328       DoItAll
 0001:000CF440       DoneApplication
 0001:000C3518       DoneControls
 0001:0006AAB4       DoneExceptions
 0001:000D3B5C       DoNestedActivation
 0001:00082118       DoneThreadSynchronization
 0002:00002EA0       DontAddDots
 0002:00002EC4       DontBase64HttpUpload
 0002:00002E98       DontPrettifyExceptMsg
 0002:00002E6C       DontReformatExcMsg
 0001:000D697C       DoPosition
 0001:000BA6F8       DoPosition
 0001:000C1CDC       DoPrune
 0001:000943C4       DoRect
 0001:000F9130       DoRowHeights
 0001:000C21B4       DoSaveZone
 0001:0010E44C       DoSelection
 0001:000C23B8       DoSetNewBounds
 0001:000F8B94       DoSizeAdjust
 0002:00004BE0       Dot
 0002:00003E50       DotSep
 0001:000FBE88       DoUpdate
 0002:000045E0       DownMessage
 0002:00004534       DownStyles
 0001:00087DA0       DoWrite
 0001:000C5F28       DoWrite
 0001:0007AFC4       DoWrite
 0001:00088B00       DoWrite
 0001:000BB864       DoWriteDesignSize
 0001:000B92D0       DoWriteIsControl
 0002:00008E0C       DragCapture
 0002:00008E00       DragControl
 0001:000B632C       DragDone
 0001:000B5B94       DragFindTarget
 0001:000B5B68       DragFindWindow
 0002:00008E24       DragImageList
 0001:000B5F84       DragInit
 0001:000B60F4       DragInitControl
 0002:00008E08       DragInternalObject
 0001:000B5AB0       DragMessage
 0002:00008E04       DragObject
 0002:00008E30       DragSave
 0002:00008E18       DragSaveCursor
 0002:00008E10       DragStartPos
 0002:00008E1C       DragThreshold
 0001:000B5CB4       DragTo
 0001:000D790C       DrawAppIcon
 0001:000F94D8       DrawAxisLines
 0002:00008F28       DrawBitmap
 0001:000F9750       DrawCells
 0001:000C1848       DrawCloseButton
 0001:00027BEC       DrawCursorOnDC
 0001:00006C24       DrawEdge
 0001:00006C2C       DrawFocusRect
 0001:00006C34       DrawFrameControl
 0001:000C18A0       DrawGrabberLine
 0001:0000B8A4       DrawGraphic
 0001:00006C3C       DrawIcon
 0001:00006C44       DrawIconEx
 0002:000048FC       DrawingStyles
 0001:0004CE10       DrawLine
 0001:0004D510       DrawLineEx
 0001:000F96C0       DrawLines
 0001:00006C4C       DrawMenuBar
 0001:000CC918       DrawMenuItem
 0001:00006C54       DrawText
 0001:00006C5C       DrawTextA
 0001:00006C64       DrawTextW
 0002:00008C1C       DrawThemeBackground
 0002:00008C40       DrawThemeEdge
 0002:00008C44       DrawThemeIcon
 0002:00008CC8       DrawThemeParentBackground
 0002:00008C20       DrawThemeText
 0001:0010D6F4       DrawTitleCell
 0001:00100D7A       DsProviderGetDataPacket
 0001:00100D74       DsResolver
 0002:00002E48       DumbStackTrace
 0001:00086BE0       DupBits
 0001:0000633C       DuplicateHandle
 0001:00073C84       DynArrayBounds
 0001:00004E88       DynArrayClear
 0001:00073BFC       DynArrayDim
 0001:00073BE0       DynArrayElTypeInfo
 0001:00074134       DynArrayFromVariant
 0001:00073BA0       DynArrayIndex
 0001:00004E90       DynArraySetLength
 0001:00073C14       DynArraySize
 0001:00073DE4       DynArrayToVariant
 0001:00073D44       DynArrayVariantBounds
 0001:00073D9C       DynArrayVarType
 0001:0005E0F8       Ebp
 0001:001188A0       EDBEngineError.Create
 0001:00118BBC       EDBEngineError.Destroy
 0001:00118C10       EDBEngineError.GetError
 0002:000049E8       EdgeStyle
 0002:000048B0       EdgeStyles
 0002:0000473C       EdgeStyles
 0001:00055B08       EExternalException.Create
 0001:0006A500       EHeapException.FreeInstance
 0002:000046C0       Empty
 0001:00006C6C       EmptyClipboard
 0001:00072950       EmptyCompare
 0002:00008AA0       EmptyParam
 0002:00003988       EmptyStr
 0002:0000398C       EmptyWideStr
 0001:00006C74       EnableMenuItem
 0002:00002EA8       EnableRedirection
 0002:00004980       Enables
 0001:00006C7C       EnableScrollBar
 0001:000CF57C       EnableTaskWindows
 0002:00008CB0       EnableThemeDialogTexture
 0002:00008CCC       EnableTheming
 0001:00006C84       EnableWindow
 0001:0001B5B8       Encode
 0001:0001B488       Encode
 0001:00068388       EncodeDate
 0001:0003ECC0       EncodeStr
 0001:000681E8       EncodeTime
 0001:0000AD88       EncodeUtf8
 0001:00006C8C       EndDeferWindowPos
 0001:000068DC       EndDoc
 0001:00079884       EndGlobalLoading
 0001:00113B34       EndOfLiteral
 0001:000068E4       EndPage
 0001:00006C94       EndPaint
 0001:00016298       EndTryRead
 0002:00005B68       EndType
 0001:00006344       EnterCriticalSection
 0001:0000046C       EnterCriticalSection
 0001:00033C8C       EnterSettingsMutex
 0001:0000634C       EnumCalendarInfoA
 0001:00006C9C       EnumClipboardFormats
 0002:00008BB0       EnumDisplayMonitors
 0001:00069D20       EnumEraNames
 0001:00069D5C       EnumEraYearOffsets
 0001:000D274C       EnumMonitorsProc
 0001:000642B4       EnumProcesses9x
 0001:00064400       EnumProcessesNt
 0001:00006CA4       EnumThreadWindows
 0001:0007D4B4       EnumValue
 0001:00006CAC       EnumWindows
 0001:000E06D0       EOleException.Create
 0001:000E0600       EOleSysError.Create
 0001:00006CB4       EqualRect
 0002:000089F4       EraNames
 0001:000693DC       EraToYear
 0002:00008A10       EraYearOffsets
 0002:0000006C       errCaption
 0001:000FF508       ErrCat
 0001:00001954       Error
 0001:000C7618       Error
 0001:00078D90       Error
 0001:0007CC98       Error
 0002:00000004       ErrorAddr
 0001:00001908       ErrorAt
 0001:0000A324       ErrorCodeToStr
 0002:0000010C       ErrorCodeToStrA
 0001:0000A83C       ErrorCodeToStrW
 0001:0006A5AC       ErrorHandler
 0002:00003AEC       ErrorMap
 0002:00007008       ErrorProc
 0002:000073E8       ErrOutput
 0001:0005E0F0       Esp
 0001:000E6CCC       EUpdateError.Create
 0001:000E6D70       EUpdateError.Destroy
 0001:00023AE8       EvaluateLinks
 0002:00004D70       Events
 0001:0000189C       ExceptAddr
 0002:0000700C       ExceptClsProc
 0002:00003924       ExceptDllInitDone
 0001:0006AA20       ExceptHandler
 0002:0000884C       ExceptHandlers
 0002:00008850       ExceptHandlersOO
 0001:0006A32C       Exception.Create
 0001:0006A368       Exception.CreateFmt
 0001:0006A4B8       Exception.CreateHelp
 0001:0006A3E8       Exception.CreateRes
 0001:0006A424       Exception.CreateResFmt
 0002:00002EC0       ExceptionBoxHeight
 0002:00002EBC       ExceptionBoxWidth
 0002:0000701C       ExceptionClass
 0001:0006A0B8       ExceptionErrorMessage
 0002:000038C0       exceptionNumber
 0002:00003B24       ExceptMap
 0001:0000187C       ExceptObject
 0002:00007010       ExceptObjProc
 0002:00007004       ExceptProc
 0001:000068EC       ExcludeClipRect
 0002:00000000       ExitCode
 0001:0000363C       ExitDll
 0002:00007048       ExitProc
 0001:00006354       ExitProcess
 0001:00000320       ExitProcess
 0002:00007028       ExitProcessProc
 0002:00003A00       ExitProcList
 0001:0000635C       ExitThread
 0001:00006364       ExpandEnvironmentStringsA
 0001:0000636C       ExpandEnvironmentStringsW
 0001:00066C18       ExpandFileName
 0001:000320F4       ExpandVars
 0001:00090AF8       ExplorerHook
 0001:0000EA70       ExportToFunc
 0001:0009AE18       ExtActns
 0001:000068F4       ExtCreatePen
 0001:00096DF8       ExtCtrls
 0001:00099CD8       ExtDlgs
 0002:00004790       ExtendSelects
 0002:00001664       ExtraBitLengthBits
 0001:000498BC       ExtractBugReportHeaderField
 0001:000499E4       ExtractBugReportSection
 0001:000E6F48       ExtractFieldName
 0001:0000CCB8       ExtractFileDriveA
 0001:0000B024       ExtractFileDriveW
 0001:00066BD0       ExtractFileExt
 0001:0000B114       ExtractFileExtW
 0001:00091170       ExtractFileName
 0001:00066B98       ExtractFileName
 0001:000911B8       ExtractFileNames
 0001:0000AF9C       ExtractFileNameW
 0001:00066B64       ExtractFilePath
 0001:0000AFDC       ExtractFilePathW
 0001:000DFC78       ExtractLiterals
 0001:000DF8CC       ExtractMoneySymbol
 0001:00047D98       ExtractProjects
 0001:00043F10       ExtractResult
 0001:00043FB4       ExtractXml2
 0002:000015EC       ExtraDistanceBits
 0002:00001578       ExtraLengthBits
 0002:00005B80       Exts
 0001:000068FC       ExtTextOut
 0002:00008A30       FalseBoolStrs
 0002:00000C90       FastPageExecute
 0001:00006374       FatalAppExitA
 0002:00008D34       FClipboard
 0002:00003A34       FCon1E18
 0002:00004BD8       FConst10
 0002:00008F4C       FCSect
 0002:00000380       FDecSepW
 0001:0010ED78       FieldIsMapped
 0002:00004CB0       FieldTypeNames
 0001:000669C0       FileAge
 0001:000669B8       FileClose
 0001:00066920       FileCreate
 0001:000668FC       FileCreate
 0001:00066A28       FileExists
 0002:000041EC       FileFormats
 0002:0000000C       FileMode
 0001:00001D1C       FileNOPProc
 0001:000668A4       FileOpen
 0001:00066928       FileRead
 0002:00003E7C       FilerSignature
 0001:00066980       FileSeek
 0001:0000637C       FileTimeToDosDateTime
 0001:00006384       FileTimeToLocalFileTime
 0001:0000638C       FileTimeToSystemTime
 0001:0000D8B8       FileVersionToStr
 0002:00000410       FileVersionToStrA
 0001:0000D9AC       FileVersionToStrW
 0001:00066954       FileWrite
 0001:00000D9C       FillAfterGap
 0001:00000D48       FillBeforeGap
 0001:0003294C       FillClipboard
 0001:00046110       FillDoubleLists
 0001:000F9484       FillDWord
 0001:00000E34       FillerSizeAfterGap
 0001:00000DC4       FillerSizeBeforeGap
 0001:00024014       FillFinalOutput
 0001:000462C8       FillList
 0001:00047974       FillMultiLists
 0001:000340B8       FillProps
 0001:00006CBC       FillRect
 0001:000292E8       FillRect
 0001:00029330       FillRect
 0001:00009154       FillStr
 0001:0000910C       FillStr
 0002:000000FC       FillStrA
 0002:00000160       FillStrW
 0002:0000453C       FillStyles
 0001:000236BC       FillUpLink
 0001:00016AC8       FillWindow
 0001:0002E9F4       Finalization
 0001:0002E9BC       Finalization
 0001:0002EA2C       Finalization
 0001:00108928       Finalization
 0001:0002EA64       Finalization
 0001:0002E96C       Finalization
 0001:0002EAD0       Finalization
 0001:00103ECC       Finalization
 0001:00075228       Finalization
 0001:00103968       Finalization
 0001:0010328C       Finalization
 0001:0007547C       Finalization
 0001:001031D4       Finalization
 0001:00111778       Finalization
 0001:0002EB30       Finalization
 0001:0002EEB8       Finalization
 0001:0002E7D4       Finalization
 0001:000FF4D0       Finalization
 0001:0002E734       Finalization
 0001:0008F418       Finalization
 0001:0008F488       Finalization
 0001:0008FF5C       Finalization
 0001:0008FF94       Finalization
 0001:00076D88       Finalization
 0001:00092388       Finalization
 0001:00115740       Finalization
 0001:001157A8       Finalization
 0001:00096DB0       Finalization
 0001:000F73B0       Finalization
 0001:00096E68       Finalization
 0001:000F51F8       Finalization
 0001:000974A8       Finalization
 0001:0009753C       Finalization
 0001:000075B0       Finalization
 0001:00099C48       Finalization
 0001:001158B8       Finalization
 0001:000077C8       Finalization
 0001:00099CA8       Finalization
 0001:0009ACA4       Finalization
 0001:0009AD0C       Finalization
 0001:0009AD70       Finalization
 0001:0009ADC8       Finalization
 0001:0009AE20       Finalization
 0001:00005D9C       Finalization
 0001:0002EF78       Finalization
 0001:0008EA94       Finalization
 0001:0008E8E8       Finalization
 0001:000A5674       Finalization
 0001:000E11D4       Finalization
 0001:000A6414       Finalization
 0001:000E040C       Finalization
 0001:00005FCC       Finalization
 0001:000E0394       Finalization
 0001:0000605C       Finalization
 0001:0008E5C4       Finalization
 0001:0002824C       Finalization
 0001:0008E58C       Finalization
 0001:000B1548       Finalization
 0001:000B16B0       Finalization
 0001:0008E544       Finalization
 0001:000B2334       Finalization
 0001:0008D55C       Finalization
 0001:000DB8A4       Finalization
 0001:000DA95C       Finalization
 0001:000DA6EC       Finalization
 0001:000DA67C       Finalization
 0001:00025518       Finalization
 0001:000D9BC8       Finalization
 0001:0008D51C       Finalization
 0001:0000B154       Finalization
 0001:0008CD9C       Finalization
 0001:0000B1DC       Finalization
 0001:0008CAE4       Finalization
 0001:0002113C       Finalization
 0001:0008C904       Finalization
 0001:0006CE64       Finalization
 0001:0001B730       Finalization
 0001:000C3788       Finalization
 0001:000C4AB8       Finalization
 0001:0000C3E8       Finalization
 0001:0001AC7C       Finalization
 0001:0006C480       Finalization
 0001:000C6678       Finalization
 0001:00124948       Finalization
 0001:00062E40       Finalization
 0001:000630D8       Finalization
 0001:00063FBC       Finalization
 0001:00124CF4       Finalization
 0001:00064BEC       Finalization
 0001:00065190       Finalization
 0001:00125448       Finalization
 0001:000164C0       Finalization
 0001:0008394C       Finalization
 0001:001257A0       Finalization
 0001:00083520       Finalization
 0001:0012AD1C       Finalization
 0001:0012AD6C       Finalization
 0001:0000FA8C       Finalization
 0001:000CCBF4       Finalization
 0001:00004E80       FinalizeArray
[...]
 0002:00008BF4       FlatSB_SetScrollInfo
 0002:00008BF8       FlatSB_SetScrollRange
 0002:00008BFC       .1
 0002:00008C00       _FlatSB_GetScrollProp
 0002:00008C04       _FlatSB_SetScrollProp
 0002:00008C08       _InitializeFlatSB
 0002:00008C0C       _UninitializeFlatSB
 0002:00008C10       .6
 0002:00008C14       OpenThemeData
 0002:00008C18       CloseThemeData
 0002:00008C1C       DrawThemeBackground
 0002:00008C20       DrawThemeText
 0002:00008C24       GetThemeBackgroundContentRect
 0002:00008C28       GetThemeBackgroundExtent
 0002:00008C2C       GetThemePartSize
 0002:00008C30       GetThemeTextExtent
 0002:00008C34       GetThemeTextMetrics
 0002:00008C38       GetThemeBackgroundRegion
 0002:00008C3C       HitTestThemeBackground
 0002:00008C40       DrawThemeEdge
 0002:00008C44       DrawThemeIcon
 0002:00008C48       IsThemePartDefined
 0002:00008C4C       IsThemeBackgroundPartiallyTransparent
 0002:00008C50       GetThemeColor
 0002:00008C54       GetThemeMetric
 0002:00008C58       GetThemeString
 0002:00008C5C       GetThemeBool
 0002:00008C60       GetThemeInt
 0002:00008C64       GetThemeEnumValue
 0002:00008C68       GetThemePosition
 0002:00008C6C       GetThemeFont
 0002:00008C70       GetThemeRect
 0002:00008C74       GetThemeMargins
 0002:00008C78       GetThemeIntList
 0002:00008C7C       GetThemePropertyOrigin
 0002:00008C80       SetWindowTheme
 0002:00008C84       GetThemeFilename
 0002:00008C88       GetThemeSysColor
 0002:00008C8C       GetThemeSysColorBrush
 0002:00008C90       GetThemeSysBool
 0002:00008C94       GetThemeSysSize
 0002:00008C98       GetThemeSysFont
 0002:00008C9C       GetThemeSysString
 0002:00008CA0       GetThemeSysInt
 0002:00008CA4       IsThemeActive
 0002:00008CA8       IsAppThemed
 0002:00008CAC       GetWindowTheme
 0002:00008CB0       EnableThemeDialogTexture
 0002:00008CB4       IsThemeDialogTextureEnabled
 0002:00008CB8       GetThemeAppProperties
 0002:00008CBC       SetThemeAppProperties
 0002:00008CC0       GetCurrentThemeName
 0002:00008CC4       GetThemeDocumentationProperty
 0002:00008CC8       DrawThemeParentBackground
 0002:00008CCC       EnableTheming
 0002:00008CD0       .1
 0002:00008CD4       ThemeLibrary
 0002:00008CD8       ReferenceCount
 0002:00008CDC       Lock
 0002:00008CE0       .1
 0002:00008CE4       .4
 0002:00008CE8       .1
 0002:00008CEC       .11
 0002:00008CF0       HelpMsg
 0002:00008CF4       FindMsg
 0002:00008CF8       ButtonWidths
 0002:00008D24       .12
 0002:00008D28       .1
 0002:00008D2C       CF_PICTURE
 0002:00008D2E       CF_COMPONENT
 0002:00008D30       .2
 0002:00008D34       FClipboard
 0002:00008D38       .1
 0002:00008D3C       .4
 0002:00008D40       BitBtnGlyphs
 0002:00008D6C       .3
 0002:00008D70       .8
 0002:00008D74       .5
 0002:00008D78       .1
 0002:00008D7C       .72
 0002:00008D80       UrlMonHandle
 0002:00008D84       UrlMonInitialized
 0002:00008D88       .8
 0002:00008D8C       .36
 0002:00008D90       ShellModule
 0002:00008D94       FRichEditModule
 0002:00008D98       ComCtlVersion
 0002:00008D9C       ToolMenuHook
 0002:00008DA0       MenuToolBar
 0002:00008DA4       MenuToolBar2
 0002:00008DA8       MenuButtonIndex
 0002:00008DAC       LastMenuItem
 0002:00008DB0       LastMousePos
 0002:00008DB8       StillModal
 0002:00008DBC       ToolMenuKeyHook
 0002:00008DC0       .2
 0002:00008DC4       InternalServices
 0002:00008DC8       .42
 0002:00008DCC       .73
 0002:00008DD0       WinHelpTester
 0002:00008DD4       ViewerName
 0002:00008DD8       .1
 0002:00008DDC       HelpViewer
 0002:00008DE0       HelpViewerIntf
 0002:00008DE4       Mouse
 0002:00008DE8       NewStyleControls
 0002:00008DEC       .72
 0002:00008DF0       WindowAtom
 0002:00008DF2       ControlAtom
 0002:00008DF4       WindowAtomString
 0002:00008DF8       ControlAtomString
 0002:00008DFC       RM_GetObjectInstance
 0002:00008E00       DragControl
 0002:00008E04       DragObject
 0002:00008E08       DragInternalObject
 0002:00008E0C       DragCapture
 0002:00008E10       DragStartPos
 0002:00008E18       DragSaveCursor
 0002:00008E1C       DragThreshold
 0002:00008E20       ActiveDrag
 0002:00008E24       DragImageList
 0002:00008E28       DockSiteList
 0002:00008E2C       QualifyingSites
 0002:00008E30       DragSave
 0002:00008E34       CanvasList
 0002:00008E38       _WINNLSEnableIME
 0002:00008E3C       _ImmGetContext
 0002:00008E40       _ImmReleaseContext
 0002:00008E44       _ImmGetConversionStatus
 0002:00008E48       _ImmSetConversionStatus
 0002:00008E4C       _ImmSetOpenStatus
 0002:00008E50       _ImmSetCompositionWindow
 0002:00008E54       _ImmSetCompositionFont
 0002:00008E58       _ImmGetCompositionString
 0002:00008E5C       _ImmIsIME
 0002:00008E60       _ImmNotifyIME
 0002:00008E64       .8
 0002:00008E68       .3
 0002:00008E6C       CachedComCtrlVer
 0002:00008E70       ImageListWriteExProc
 0002:00008E74       PopupList
 0002:00008E78       ShortCutItems
 0002:00008E7C       .9
 0002:00008E80       CommandPool
 0002:00008E84       Application
 0002:00008E88       Screen
 0002:00008E8C       .41
 0002:00008E90       RM_TaskbarCreated
 0002:00008E94       HintThreadID
 0002:00008E98       HintDoneEvent
 0002:00008E9C       HintHook
 0002:00008EA0       HintThread
 0002:00008EA4       .2
 0002:00008EA8       .1
 0002:00008EAC       .1
 0002:00008EB0       .1
 0002:00008EB4       .3
 0002:00008EB8       .1
 0002:00008EBC       .41
 0002:00008EC0       OleUninitializing
 0002:00008EC4       ComClassManagerVar
 0002:00008EC8       SaveInitProc
 0002:00008ECC       NeedToUninitialize
 0002:00008ED0       LoginDialogProc
 0002:00008ED4       LoginDialogExProc
 0002:00008ED8       RemoteLoginDialogProc
 0002:00008EDC       ScreenCursorProc
 0002:00008EE0       PasswordDialog
 0002:00008EE4       DBScreen
 0002:00008EE8       DBApplication
 0002:00008EEC       .36
 0002:00008EF0       .5
 0002:00008EF4       .11
 0002:00008EF8       .1
 0002:00008EFC       ..
 0002:00008F14       .1
 0002:00008F18       .2
 0002:00008F1C       .2
 0002:00008F20       .22
 0002:00008F24       .9
 0002:00008F28       DrawBitmap
 0002:00008F2C       UserCount
 0002:00008F30       .3
 0002:00008F34       .1
 0002:00008F38       .1
 0002:00008F3C       Session
 0002:00008F40       Sessions
 0002:00008F44       GetObjectContextProc
 0002:00008F48       .22
 0002:00008F4C       FCSect
 0002:00008F64       CSNativeToAnsi
 0002:00008F7C       CSAnsiToNative
 0002:00008F94       BDEInitProcs
 0002:00008F98       SaveInitProc
 0002:00008F9C       NeedToUninitialize
 0002:00008FA0       .2
 0002:00008FA4       Form2
 0002:00008FA8       .2
 0002:00008FAC       AddInputBox
 0002:00008FB0       .2
 0002:00008FB4       Form1
 0002:00008FB8       .2


Line numbers for madLinkDisAsm(madLinkDisAsm.pas) segment .text

    19 0001:00063108    27 0001:00063111    30 0001:0006311E

Line numbers for Unit2(Unit2.pas) segment .text

    43 0001:00124FA4    44 0001:00124FA9    49 0001:00124FAC    50 0001:00124FC3
    52 0001:00124FD7    53 0001:00124FF5    55 0001:0012500F    56 0001:00125019
    58 0001:0012501B    60 0001:0012505B    66 0001:00125094    67 0001:001250B5
    69 0001:001250E0    70 0001:001250EA    73 0001:001250EF    75 0001:0012511A
    76 0001:00125124    81 0001:00125129    84 0001:00125161    85 0001:00125185
    87 0001:00125190    88 0001:001251A5    89 0001:001251E6    91 0001:00125227
    93 0001:0012522C    94 0001:00125262    91 0001:00125263    96 0001:00125268
    97 0001:0012526F    98 0001:001252E5   102 0001:00125398   103 0001:001253AD
   104 0001:001253C2   108 0001:001253C4   109 0001:001253D9   110 0001:001253EE
   114 0001:001253F0   115 0001:00125405   116 0001:0012541A   120 0001:0012541C
   121 0001:00125431   122 0001:00125446   124 0001:00125478   124 0001:0012547F

Line numbers for Unit3(Unit3.pas) segment .text

    32 0001:00125694    33 0001:00125697    34 0001:001256A2    35 0001:001256A9
    38 0001:001256AC    39 0001:001256C6    44 0001:001256EF    45 0001:00125707
    48 0001:00125709    49 0001:0012572A    50 0001:0012575B    54 0001:0012578C
    55 0001:0012579F    57 0001:001257D0    57 0001:001257D7

Line numbers for Unit1(Unit1.pas) segment .text

   381 0001:00127398   383 0001:001273C1   384 0001:001273D2   385 0001:001273E0
   388 0001:001273EE   389 0001:001273FB   390 0001:00127405   392 0001:00127410
   394 0001:00127416   395 0001:0012741D   397 0001:00127426   398 0001:00127432
   399 0001:0012743B   401 0001:00127444   403 0001:0012744D   404 0001:00127459
   406 0001:00127462   408 0001:0012746B   409 0001:00127477   413 0001:00127480
   415 0001:00127489   416 0001:00127490   418 0001:00127499   419 0001:001274A2
   420 0001:001274AE   424 0001:001274BB   427 0001:001274DE   432 0001:001274E0
   433 0001:0012751A   437 0001:00127538   439 0001:0012756D   443 0001:001275C0
   444 0001:001275CC   453 0001:001275D0   454 0001:001275FE   455 0001:0012761D
   458 0001:0012762B   459 0001:0012764D   460 0001:0012766F   461 0001:00127691
   462 0001:001276B3   463 0001:001276D5   464 0001:001276F7   465 0001:00127719
   466 0001:0012773B   467 0001:0012775D   468 0001:0012777F   470 0001:001277A1
   471 0001:001277B5   473 0001:001277C6   474 0001:001277DC   477 0001:001277FB
   479 0001:0012783C   486 0001:001278E0   487 0001:00127901   488 0001:00127911
   489 0001:00127921   491 0001:00127927   493 0001:00127987   495 0001:0012799A
   497 0001:001279A6   502 0001:001279C0   507 0001:001279C5   511 0001:001279D1
   512 0001:001279EB   514 0001:00127A17   518 0001:00127AD0   519 0001:00127AE9
   520 0001:00127B31   524 0001:00127B38   525 0001:00127B51   526 0001:00127B99
   530 0001:00127BA0   531 0001:00127BBC   533 0001:00127BCF   535 0001:00127BD5
   536 0001:00127BE2   537 0001:00127BEB   538 0001:00127BF8   541 0001:00127C18
   542 0001:00127C4D   545 0001:00127C58   546 0001:00127C5B   547 0001:00127C86
   548 0001:00127CB1   552 0001:00127CB4   553 0001:00127CB9   556 0001:00127CBC
   557 0001:00127CD6   560 0001:00127D4F   564 0001:00127D74   565 0001:00127D79
   568 0001:00127D7C   569 0001:00127D92   571 0001:00127DA1   572 0001:00127DB0
   573 0001:00127DBB   574 0001:00127DD7   575 0001:00127DE2   577 0001:00127E0A
   583 0001:00127E10   584 0001:00127E31   585 0001:00127E40   586 0001:00127E4B
   588 0001:00127E5E   589 0001:00127E72   590 0001:00127E7D   591 0001:00127EB9
   592 0001:00127EC4   593 0001:00127F00   594 0001:00127F0B   596 0001:00127F47
   597 0001:00127F55   598 0001:00127F60   599 0001:00127F9C   600 0001:00127FA7
   601 0001:00127FE3   602 0001:00127FEE   604 0001:0012802A   606 0001:00128047
   607 0001:00128051   610 0001:00128053   612 0001:00128070   613 0001:0012807A
   616 0001:0012807C   618 0001:00128099   619 0001:001280A3   621 0001:001280A5
   622 0001:001280B3   624 0001:001280E0   633 0001:001281C4   634 0001:001281EA
   635 0001:00128219   636 0001:00128248   638 0001:00128256   640 0001:0012826C
   646 0001:00128287   648 0001:0012828D   649 0001:00128299   652 0001:0012829E
   654 0001:001282A7   655 0001:001282B4   656 0001:001282C1   659 0001:001282E5
   661 0001:001282F7   666 0001:00128312   668 0001:00128318   669 0001:00128324
   672 0001:00128329   674 0001:0012833F   675 0001:00128349   676 0001:00128355
   681 0001:0012835A   682 0001:00128376   684 0001:00128390   689 0001:001283AB
   691 0001:001283B1   692 0001:001283BD   694 0001:001283C2   696 0001:001283CE
   697 0001:001283EF   699 0001:00128405   704 0001:00128420   706 0001:0012842A
   708 0001:0012843C   714 0001:00128457   716 0001:0012845D   717 0001:00128469
   719 0001:0012846E   722 0001:0012847F   723 0001:0012849B   724 0001:001284A9
   725 0001:001284BF   726 0001:001284DE   729 0001:00128523   730 0001:0012852A
   729 0001:00128552   732 0001:00128558   733 0001:00128572   735 0001:00128592
   740 0001:001285AD   742 0001:001285B7   743 0001:001285C7   746 0001:001285E8
   747 0001:00128620   749 0001:00128636   750 0001:0012866E   752 0001:00128684
   753 0001:001286BC   756 0001:001286D2   761 0001:001286EF   764 0001:00128717
   770 0001:0012872F   771 0001:00128751   772 0001:0012875F   773 0001:00128775
   774 0001:00128794   777 0001:001287D9   778 0001:001287E0   777 0001:00128808
   780 0001:0012880E   781 0001:0012882E   783 0001:00128854   788 0001:0012886F
   790 0001:00128879   791 0001:00128889   794 0001:001288B0   795 0001:001288F4
   797 0001:0012890A   798 0001:0012894E   800 0001:00128964   801 0001:001289A8
   804 0001:001289BE   808 0001:001289EC   815 0001:00128A04   818 0001:00128A16
   822 0001:00128A37   823 0001:00128A58   824 0001:00128A66   825 0001:00128A82
   827 0001:00128A87   832 0001:00128AA2   834 0001:00128AA8   835 0001:00128AB7
   836 0001:00128AC3   839 0001:00128ACD   843 0001:00128AD2   844 0001:00128ADF
   846 0001:00128AF6   848 0001:00128B10   849 0001:00128B60   850 0001:00128B7C
   852 0001:00128B9C   853 0001:00128BB6   858 0001:00128BBA   859 0001:00128BD2
   860 0001:00128BDE   861 0001:00128BED   863 0001:00128BF7   864 0001:00128C06
   865 0001:00128C0E   866 0001:00128C2A   867 0001:00128C3C   846 0001:00128C3F
   869 0001:00128C46   870 0001:00128C4B   872 0001:00128C6A   875 0001:00128C99
   883 0001:00128CB4   885 0001:00128CBA   886 0001:00128CC9   887 0001:00128CD5
   891 0001:00128CDF   892 0001:00128CF2   895 0001:00128D39   899 0001:00128D5D
   902 0001:00128D74   903 0001:00128D8D   904 0001:00128D9B   906 0001:00128DA6
   907 0001:00128DAF   908 0001:00128DBF   909 0001:00128DC6   911 0001:00128DD3
   912 0001:00128DDA   913 0001:00128DE1   914 0001:00128DFA   915 0001:00128E13
   916 0001:00128E2C   918 0001:00128E36   919 0001:00128E3D   920 0001:00128E5E
   923 0001:00128E69   925 0001:00128E75   926 0001:00128E8B   927 0001:00128EA1
   923 0001:00128EA4   929 0001:00128F1C   936 0001:0012944C   937 0001:0012946A
   938 0001:00129482   940 0001:00129491   941 0001:001294AA   942 0001:001294E1
   943 0001:001294FA   944 0001:00129504   946 0001:00129516   947 0001:00129521
   949 0001:00129566   951 0001:0012957B   956 0001:00129593   957 0001:00129598
   959 0001:001295AD   963 0001:001295C5   964 0001:001295CC   965 0001:001295DF
   966 0001:00129614   968 0001:001296DC   968 0001:001296F1   969 0001:001296F4
   969 0001:00129709   970 0001:0012970C   970 0001:00129721   971 0001:00129724
   971 0001:00129739   972 0001:0012973C   972 0001:00129751   973 0001:00129754
   973 0001:00129769   974 0001:0012976C   974 0001:00129781   975 0001:00129784
   975 0001:00129799   976 0001:0012979C   976 0001:001297B1   977 0001:001297B4
   977 0001:001297C9   978 0001:001297CC   978 0001:001297E1   980 0001:001297E4
   980 0001:001297F9   981 0001:001297FC   981 0001:00129811   982 0001:00129814
   982 0001:00129829   983 0001:0012982C   983 0001:00129841   984 0001:00129844
   984 0001:00129859   985 0001:0012985C   985 0001:00129871   986 0001:00129874
   986 0001:00129889   987 0001:0012988C   987 0001:001298A1   988 0001:001298A4
   988 0001:001298B9   989 0001:001298BC   989 0001:001298D1   990 0001:001298D4
   990 0001:001298E9   994 0001:001298EC   995 0001:00129901   996 0001:00129916
  1000 0001:00129918  1001 0001:0012992D  1002 0001:00129942  1006 0001:00129944
  1007 0001:00129959  1008 0001:0012996E  1012 0001:00129970  1013 0001:00129985
  1014 0001:0012999A  1018 0001:0012999C  1020 0001:001299B0  1021 0001:001299C0
  1025 0001:001299C4  1027 0001:001299D8  1028 0001:001299E8  1032 0001:001299EC
  1034 0001:00129A00  1035 0001:00129A10  1039 0001:00129A14  1041 0001:00129A28
  1042 0001:00129A38  1047 0001:00129A3C  1048 0001:00129A3E  1050 0001:00129A56
  1051 0001:00129A5B  1052 0001:00129A72  1054 0001:00129A91  1056 0001:00129A9C
  1057 0001:00129AA3  1058 0001:00129AAA  1059 0001:00129AB1  1060 0001:00129AC7
  1061 0001:00129AE0  1062 0001:00129AF9  1063 0001:00129B00  1065 0001:00129B0A
  1071 0001:00129B48  1073 0001:00129B5C  1077 0001:00129B74  1078 0001:00129B79
  1079 0001:00129B89  1084 0001:00129BC0  1085 0001:00129BE3  1088 0001:00129BFB
  1089 0001:00129C09  1090 0001:00129C17  1092 0001:00129C28  1093 0001:00129C49
  1094 0001:00129C6B  1097 0001:00129C79  1098 0001:00129CA8  1099 0001:00129CD7
  1100 0001:00129D06  1101 0001:00129D35  1102 0001:00129D64  1103 0001:00129D93
  1104 0001:00129DC2  1105 0001:00129DF1  1106 0001:00129E20  1107 0001:00129E4F
  1109 0001:00129E7E  1111 0001:00129E93  1112 0001:00129EA4  1114 0001:00129EB7
  1116 0001:00129ECC  1117 0001:00129EDD  1121 0001:00129EFB  1123 0001:00129FDE
  1128 0001:0012A090  1129 0001:0012A0C2  1131 0001:0012A0CA  1132 0001:0012A0D6
  1133 0001:0012A0F4  1134 0001:0012A0FD  1137 0001:0012A104  1139 0001:0012A128
  1140 0001:0012A139  1142 0001:0012A14F  1143 0001:0012A160  1146 0001:0012A176
  1149 0001:0012A195  1150 0001:0012A1BD  1156 0001:0012A200  1158 0001:0012A216
  1160 0001:0012A21E  1161 0001:0012A225  1162 0001:0012A22E  1163 0001:0012A235
  1165 0001:0012A261  1169 0001:0012A304  1170 0001:0012A307  1172 0001:0012A308
  1172 0001:0012A322  1173 0001:0012A328  1173 0001:0012A342  1174 0001:0012A348
  1174 0001:0012A362  1175 0001:0012A368  1175 0001:0012A382  1176 0001:0012A388
  1176 0001:0012A3A2  1177 0001:0012A3A8  1177 0001:0012A3C2  1178 0001:0012A3C8
  1178 0001:0012A3E2  1179 0001:0012A3E8  1179 0001:0012A402  1180 0001:0012A408
  1180 0001:0012A422  1181 0001:0012A428  1181 0001:0012A442  1182 0001:0012A448
  1182 0001:0012A462  1184 0001:0012A468  1184 0001:0012A482  1185 0001:0012A488
  1185 0001:0012A4A2  1188 0001:0012A4A8  1189 0001:0012A4C0  1194 0001:0012A4CF
  1195 0001:0012A4E7  1197 0001:0012A4E9  1198 0001:0012A505  1199 0001:0012A548
  1206 0001:0012A578  1207 0001:0012A592  1209 0001:0012A5AB  1214 0001:0012A5C3
  1219 0001:0012A5CC  1224 0001:0012A5DF  1225 0001:0012A5F7  1230 0001:0012A5FC
  1232 0001:0012A60B  1237 0001:0012A623  1240 0001:0012A628  1245 0001:0012A637
  1246 0001:0012A64F  1250 0001:0012A651  1252 0001:0012A66B  1253 0001:0012A679
  1264 0001:0012A693  1267 0001:0012A6C8  1270 0001:0012A81C  1271 0001:0012A839
  1276 0001:0012A848  1277 0001:0012A860  1278 0001:0012A86D  1280 0001:0012A872
  1286 0001:0012A8CB  1287 0001:0012A8E3  1288 0001:0012A8F0  1290 0001:0012A8F2
  1295 0001:0012A90C  1296 0001:0012A924  1297 0001:0012A931  1299 0001:0012A933
  1300 0001:0012A98E  1303 0001:0012AA18  1304 0001:0012AA2E  1305 0001:0012AA46
  1307 0001:0012AA55  1308 0001:0012AA75  1309 0001:0012AAB0  1312 0001:0012AAB4
  1313 0001:0012AAB8  1314 0001:0012AACA  1315 0001:0012AAE7  1324 0001:0012AAEC
  1328 0001:0012AB1A  1329 0001:0012AB35  1330 0001:0012AB45  1332 0001:0012AB53
  1334 0001:0012AB64  1335 0001:0012AB69  1336 0001:0012AB70  1339 0001:0012AB77
  1340 0001:0012AB93  1341 0001:0012ABAA  1342 0001:0012ABB0  1345 0001:0012ABB6
  1346 0001:0012ABC5  1349 0001:0012ABE2  1352 0001:0012ABFB  1353 0001:0012AC0C
  1356 0001:0012AC1D  1357 0001:0012AC2D  1358 0001:0012AC3D  1359 0001:0012AC43
  1362 0001:0012AC49  1363 0001:0012AC74  1364 0001:0012AC83  1367 0001:0012ACA0
  1368 0001:0012ACDB  1372 0001:0012ACF0  1373 0001:0012AD04  1374 0001:0012AD14
  1376 0001:0012AD64  1376 0001:0012AD6B

Line numbers for mopo(G:\Projekte\HelpNDoc\bak\mopo.dpr) segment .text

    19 0001:0012B0B4    20 0001:0012B0DA    21 0001:0012B0E8    22 0001:0012B0F4
    23 0001:0012B105    24 0001:0012B11D    26 0001:0012B14C    28 0001:0012B14E
    29 0001:0012B166    33 0001:0012B172    36 0001:0012B19E

Bound resource files

e:\program files (x86)\borland\delphi7\Lib\Buttons.res
e:\program files (x86)\borland\delphi7\Lib\ExtDlgs.res
e:\program files (x86)\borland\delphi7\Lib\Controls.res
e:\program files (x86)\borland\delphi7\Lib\DBLogDlg.dfm
e:\program files (x86)\borland\delphi7\Lib\DBPWDlg.dfm
e:\program files (x86)\borland\delphi7\Lib\DBCtrls.res
e:\program files (x86)\borland\delphi7\Lib\DBGrids.res
Unit2.dfm
Unit3.dfm
Unit1.dfm
mopo.drf


Program entry point at 0001:0012B0B4
